Copyright 1986-2022 Xilinx, Inc. All Rights Reserved. Copyright 2022-2026 Advanced Micro Devices, Inc. All Rights Reserved.
---------------------------------------------------------------------------------------------------------------------------------------------
| Tool Version : Vivado v.2026.1 (win64) Build 6511674 Tue Jun 16 11:02:23 MDT 2026
| Date         : Sun Jun 28 11:04:37 2026
| Host         : Reaper running 64-bit major release  (build 9200)
| Command      : report_timing_summary -delay_type max -max_paths 10 -file ./fold_hash_out/timing_summary.rpt
| Design       : fold_hash
| Device       : 7a35t-csg324
| Speed File   : -1  PRODUCTION 1.23 2018-06-13
| Design State : Routed
---------------------------------------------------------------------------------------------------------------------------------------------

Timing Summary Report

------------------------------------------------------------------------------------------------
| Timer Settings
| --------------
------------------------------------------------------------------------------------------------

  Enable Multi Corner Analysis               :  Yes
  Enable Pessimism Removal                   :  Yes
  Pessimism Removal Resolution               :  Nearest Common Node
  Enable Input Delay Default Clock           :  No
  Enable Preset / Clear Arcs                 :  No
  Disable Flight Delays                      :  No
  Ignore I/O Paths                           :  No
  Timing Early Launch at Borrowing Latches   :  No
  Borrow Time for Max Delay Exceptions       :  Yes
  Merge Timing Exceptions                    :  Yes
  Inter-SLR Compensation                     :  Conservative

  Corner  Analyze    Analyze    
  Name    Max Paths  Min Paths  
  ------  ---------  ---------  
  Slow    Yes        Yes        
  Fast    Yes        Yes        


------------------------------------------------------------------------------------------------
| Report Methodology
| ------------------
------------------------------------------------------------------------------------------------

No report available as report_methodology has not been run prior. Run report_methodology on the current design for the summary of methodology violations.



check_timing report

Table of Contents
-----------------
1. checking no_clock (0)
2. checking constant_clock (0)
3. checking pulse_width_clock (0)
4. checking unconstrained_internal_endpoints (0)
5. checking no_input_delay (0)
6. checking no_output_delay (0)
7. checking multiple_clock (0)
8. checking generated_clocks (0)
9. checking loops (0)
10. checking partial_input_delay (0)
11. checking partial_output_delay (0)
12. checking latch_loops (0)

1. checking no_clock (0)
------------------------
 There are 0 register/latch pins with no clock.


2. checking constant_clock (0)
------------------------------
 There are 0 register/latch pins with constant_clock.


3. checking pulse_width_clock (0)
---------------------------------
 There are 0 register/latch pins which need pulse_width check


4. checking unconstrained_internal_endpoints (0)
------------------------------------------------
 There are 0 pins that are not constrained for maximum delay.

 There are 0 pins that are not constrained for maximum delay due to constant clock.


5. checking no_input_delay (0)
------------------------------
 There are 0 input ports with no input delay specified.

 There are 0 input ports with no input delay but user has a false path constraint.


6. checking no_output_delay (0)
-------------------------------
 There are 0 ports with no output delay specified.

 There are 0 ports with no output delay but user has a false path constraint

 There are 0 ports with no output delay but with a timing clock defined on it or propagating through it


7. checking multiple_clock (0)
------------------------------
 There are 0 register/latch pins with multiple clocks.


8. checking generated_clocks (0)
--------------------------------
 There are 0 generated clocks that are not connected to a clock source.


9. checking loops (0)
---------------------
 There are 0 combinational loops in the design.


10. checking partial_input_delay (0)
------------------------------------
 There are 0 input ports with partial input delay specified.


11. checking partial_output_delay (0)
-------------------------------------
 There are 0 ports with partial output delay specified.


12. checking latch_loops (0)
----------------------------
 There are 0 combinational latch loops in the design through latch input



------------------------------------------------------------------------------------------------
| Design Timing Summary
| ---------------------
------------------------------------------------------------------------------------------------

    WNS(ns)      TNS(ns)  TNS Failing Endpoints  TNS Total Endpoints     WPWS(ns)     TPWS(ns)  TPWS Failing Endpoints  TPWS Total Endpoints  
    -------      -------  ---------------------  -------------------     --------     --------  ----------------------  --------------------  
    -18.277     -556.371                     43                  101        2.500        0.000                       0                    30  


Timing constraints are not met.


------------------------------------------------------------------------------------------------
| Clock Summary
| -------------
------------------------------------------------------------------------------------------------

Clock  Waveform(ns)         Period(ns)      Frequency(MHz)
-----  ------------         ----------      --------------
clk    {0.000 3.000}        6.000           166.667         


------------------------------------------------------------------------------------------------
| Intra Clock Table
| -----------------
------------------------------------------------------------------------------------------------

Clock             WNS(ns)      TNS(ns)  TNS Failing Endpoints  TNS Total Endpoints     WPWS(ns)     TPWS(ns)  TPWS Failing Endpoints  TPWS Total Endpoints  
-----             -------      -------  ---------------------  -------------------     --------     --------  ----------------------  --------------------  
clk               -18.277     -556.371                     43                  101        2.500        0.000                       0                    30  


------------------------------------------------------------------------------------------------
| Inter Clock Table
| -----------------
------------------------------------------------------------------------------------------------

From Clock    To Clock          WNS(ns)      TNS(ns)  TNS Failing Endpoints  TNS Total Endpoints  
----------    --------          -------      -------  ---------------------  -------------------  


------------------------------------------------------------------------------------------------
| Other Path Groups Table
| -----------------------
------------------------------------------------------------------------------------------------

Path Group    From Clock    To Clock          WNS(ns)      TNS(ns)  TNS Failing Endpoints  TNS Total Endpoints  
----------    ----------    --------          -------      -------  ---------------------  -------------------  


------------------------------------------------------------------------------------------------
| Timing Details
| --------------
------------------------------------------------------------------------------------------------


---------------------------------------------------------------------------------------------------
From Clock:  clk
  To Clock:  clk

Setup :           43  Failing Endpoints,  Worst Slack      -18.277ns,  Total Violation     -556.371ns
Hold  :           NA  Failing Endpoints,  Worst Slack           NA  ,  Total Violation           NA
PW    :            0  Failing Endpoints,  Worst Slack        2.500ns,  Total Violation        0.000ns
---------------------------------------------------------------------------------------------------


Max Delay Paths
--------------------------------------------------------------------------------------
Slack (VIOLATED) :        -18.277ns  (required time - arrival time)
  Source:                 h_reg[12]/C
                            (rising edge-triggered cell FDRE clocked by clk  {rise@0.000ns fall@3.000ns period=6.000ns})
  Destination:            h_reg[2]/D
                            (rising edge-triggered cell FDRE clocked by clk  {rise@0.000ns fall@3.000ns period=6.000ns})
  Path Group:             clk
  Path Type:              Setup (Max at Slow Process Corner)
  Requirement:            6.000ns  (clk rise@6.000ns - clk rise@0.000ns)
  Data Path Delay:        24.150ns  (logic 15.808ns (65.457%)  route 8.342ns (34.543%))
  Logic Levels:           14  (CARRY4=3 DSP48E1=4 LUT3=1 LUT4=3 LUT5=2 LUT6=1)
  Clock Path Skew:        -0.030ns (DCD - SCD + CPR)
    Destination Clock Delay (DCD):    4.227ns = ( 10.227 - 6.000 ) 
    Source Clock Delay      (SCD):    4.579ns
    Clock Pessimism Removal (CPR):    0.322ns
  Clock Uncertainty:      0.035ns  ((TSJ^2 + TIJ^2)^1/2 + DJ) / 2 + PE
    Total System Jitter     (TSJ):    0.071ns
    Total Input Jitter      (TIJ):    0.000ns
    Discrete Jitter          (DJ):    0.000ns
    Phase Error              (PE):    0.000ns

    Location             Delay type                Incr(ns)  Path(ns)    Netlist Resource(s)
  -------------------------------------------------------------------    -------------------
                         (clock clk rise edge)        0.000     0.000 r  <hidden>
    N15                                               0.000     0.000 r  clk
                         net (fo=0)                   0.000     0.000    clk
    N15                  IBUF (Prop_ibuf_I_O)         0.962     0.962 r  clk_IBUF_inst/O
                         net (fo=1, routed)           1.972     2.933    clk_IBUF
    BUFGCTRL_X0Y0        BUFG (Prop_bufg_I_O)         0.096     3.029 r  clk_IBUF_BUFG_inst/O
                         net (fo=29, routed)          1.549     4.579    clk_IBUF_BUFG
    SLICE_X11Y25         FDRE                                         r  h_reg[12]/C
  -------------------------------------------------------------------    -------------------
    SLICE_X11Y25         FDRE (Prop_fdre_C_Q)         0.456     5.035 r  h_reg[12]/Q
                         net (fo=2, routed)           0.558     5.592    h_OBUF[12]
    DSP48_X0Y9           DSP48E1 (Prop_dsp48e1_A[12]_P[20])
                                                      3.841     9.433 r  hB/P[20]
                         net (fo=1, routed)           0.861    10.294    hB__0[20]
    DSP48_X0Y8           DSP48E1 (Prop_dsp48e1_A[20]_P[35])
                                                      3.841    14.135 r  barrett28_return4/P[35]
                         net (fo=1, routed)           0.752    14.887    barrett28_return4_n_70
    DSP48_X0Y11          DSP48E1 (Prop_dsp48e1_A[7]_P[21])
                                                      3.841    18.728 r  barrett28_return3__0/P[21]
                         net (fo=1, routed)           0.438    19.166    barrett28_return3__0_n_84
    DSP48_X0Y10          DSP48E1 (Prop_dsp48e1_C[21]_P[11])
                                                      1.820    20.986 r  barrett28_return2/P[11]
                         net (fo=5, routed)           1.192    22.178    barrett28_return2_n_94
    SLICE_X14Y26         LUT4 (Prop_lut4_I1_O)        0.124    22.302 r  h[13]_i_38/O
                         net (fo=1, routed)           0.452    22.754    h[13]_i_38_n_0
    SLICE_X14Y26         LUT5 (Prop_lut5_I2_O)        0.124    22.878 r  h[13]_i_21/O
                         net (fo=1, routed)           0.304    23.182    h[13]_i_21_n_0
    SLICE_X14Y25         LUT5 (Prop_lut5_I3_O)        0.124    23.306 r  h[13]_i_14/O
                         net (fo=28, routed)          0.850    24.156    barrett28_return1
    SLICE_X13Y23         LUT4 (Prop_lut4_I1_O)        0.124    24.280 r  h[3]_i_10/O
                         net (fo=1, routed)           0.000    24.280    h[3]_i_10_n_0
    SLICE_X13Y23         CARRY4 (Prop_carry4_S[0]_CO[3])
                                                      0.532    24.812 r  h_reg[3]_i_2/CO[3]
                         net (fo=1, routed)           0.000    24.812    h_reg[3]_i_2_n_0
    SLICE_X13Y24         CARRY4 (Prop_carry4_CI_CO[3])
                                                      0.114    24.926 r  h_reg[7]_i_2/CO[3]
                         net (fo=1, routed)           0.009    24.935    h_reg[7]_i_2_n_0
    SLICE_X13Y25         CARRY4 (Prop_carry4_CI_O[3])
                                                      0.313    25.248 r  h_reg[11]_i_2/O[3]
                         net (fo=4, routed)           1.025    26.273    h_reg[11]_i_2_n_4
    SLICE_X9Y24          LUT4 (Prop_lut4_I1_O)        0.306    26.579 r  h[13]_i_8/O
                         net (fo=1, routed)           0.536    27.115    h[13]_i_8_n_0
    SLICE_X8Y24          LUT6 (Prop_lut6_I2_O)        0.124    27.239 r  h[13]_i_4/O
                         net (fo=14, routed)          0.600    27.840    next_h1
    SLICE_X9Y23          LUT3 (Prop_lut3_I1_O)        0.124    27.964 r  h[2]_i_1/O
                         net (fo=2, routed)           0.765    28.729    next_h[2]
    SLICE_X11Y21         FDRE                                         r  h_reg[2]/D
  -------------------------------------------------------------------    -------------------

                         (clock clk rise edge)        6.000     6.000 r  <hidden>
    N15                                               0.000     6.000 r  clk
                         net (fo=0)                   0.000     6.000    clk
    N15                  IBUF (Prop_ibuf_I_O)         0.828     6.828 r  clk_IBUF_inst/O
                         net (fo=1, routed)           1.868     8.696    clk_IBUF
    BUFGCTRL_X0Y0        BUFG (Prop_bufg_I_O)         0.091     8.787 r  clk_IBUF_BUFG_inst/O
                         net (fo=29, routed)          1.439    10.227    clk_IBUF_BUFG
    SLICE_X11Y21         FDRE                                         r  h_reg[2]/C
                         clock pessimism              0.322    10.549    <hidden>
                         clock uncertainty           -0.035    10.513    <hidden>
    SLICE_X11Y21         FDRE (Setup_fdre_C_D)       -0.061    10.452    h_reg[2]
  -------------------------------------------------------------------
                         required time                         10.452    <hidden>
                         arrival time                         -28.729    <hidden>
  -------------------------------------------------------------------
                         slack                                -18.277    <hidden>

Slack (VIOLATED) :        -18.269ns  (required time - arrival time)
  Source:                 h_reg[12]/C
                            (rising edge-triggered cell FDRE clocked by clk  {rise@0.000ns fall@3.000ns period=6.000ns})
  Destination:            h_reg[2]_lopt_replica/D
                            (rising edge-triggered cell FDRE clocked by clk  {rise@0.000ns fall@3.000ns period=6.000ns})
  Path Group:             clk
  Path Type:              Setup (Max at Slow Process Corner)
  Requirement:            6.000ns  (clk rise@6.000ns - clk rise@0.000ns)
  Data Path Delay:        24.154ns  (logic 15.808ns (65.446%)  route 8.346ns (34.554%))
  Logic Levels:           14  (CARRY4=3 DSP48E1=4 LUT3=1 LUT4=3 LUT5=2 LUT6=1)
  Clock Path Skew:        -0.034ns (DCD - SCD + CPR)
    Destination Clock Delay (DCD):    4.223ns = ( 10.223 - 6.000 ) 
    Source Clock Delay      (SCD):    4.579ns
    Clock Pessimism Removal (CPR):    0.322ns
  Clock Uncertainty:      0.035ns  ((TSJ^2 + TIJ^2)^1/2 + DJ) / 2 + PE
    Total System Jitter     (TSJ):    0.071ns
    Total Input Jitter      (TIJ):    0.000ns
    Discrete Jitter          (DJ):    0.000ns
    Phase Error              (PE):    0.000ns

    Location             Delay type                Incr(ns)  Path(ns)    Netlist Resource(s)
  -------------------------------------------------------------------    -------------------
                         (clock clk rise edge)        0.000     0.000 r  <hidden>
    N15                                               0.000     0.000 r  clk
                         net (fo=0)                   0.000     0.000    clk
    N15                  IBUF (Prop_ibuf_I_O)         0.962     0.962 r  clk_IBUF_inst/O
                         net (fo=1, routed)           1.972     2.933    clk_IBUF
    BUFGCTRL_X0Y0        BUFG (Prop_bufg_I_O)         0.096     3.029 r  clk_IBUF_BUFG_inst/O
                         net (fo=29, routed)          1.549     4.579    clk_IBUF_BUFG
    SLICE_X11Y25         FDRE                                         r  h_reg[12]/C
  -------------------------------------------------------------------    -------------------
    SLICE_X11Y25         FDRE (Prop_fdre_C_Q)         0.456     5.035 r  h_reg[12]/Q
                         net (fo=2, routed)           0.558     5.592    h_OBUF[12]
    DSP48_X0Y9           DSP48E1 (Prop_dsp48e1_A[12]_P[20])
                                                      3.841     9.433 r  hB/P[20]
                         net (fo=1, routed)           0.861    10.294    hB__0[20]
    DSP48_X0Y8           DSP48E1 (Prop_dsp48e1_A[20]_P[35])
                                                      3.841    14.135 r  barrett28_return4/P[35]
                         net (fo=1, routed)           0.752    14.887    barrett28_return4_n_70
    DSP48_X0Y11          DSP48E1 (Prop_dsp48e1_A[7]_P[21])
                                                      3.841    18.728 r  barrett28_return3__0/P[21]
                         net (fo=1, routed)           0.438    19.166    barrett28_return3__0_n_84
    DSP48_X0Y10          DSP48E1 (Prop_dsp48e1_C[21]_P[11])
                                                      1.820    20.986 r  barrett28_return2/P[11]
                         net (fo=5, routed)           1.192    22.178    barrett28_return2_n_94
    SLICE_X14Y26         LUT4 (Prop_lut4_I1_O)        0.124    22.302 r  h[13]_i_38/O
                         net (fo=1, routed)           0.452    22.754    h[13]_i_38_n_0
    SLICE_X14Y26         LUT5 (Prop_lut5_I2_O)        0.124    22.878 r  h[13]_i_21/O
                         net (fo=1, routed)           0.304    23.182    h[13]_i_21_n_0
    SLICE_X14Y25         LUT5 (Prop_lut5_I3_O)        0.124    23.306 r  h[13]_i_14/O
                         net (fo=28, routed)          0.850    24.156    barrett28_return1
    SLICE_X13Y23         LUT4 (Prop_lut4_I1_O)        0.124    24.280 r  h[3]_i_10/O
                         net (fo=1, routed)           0.000    24.280    h[3]_i_10_n_0
    SLICE_X13Y23         CARRY4 (Prop_carry4_S[0]_CO[3])
                                                      0.532    24.812 r  h_reg[3]_i_2/CO[3]
                         net (fo=1, routed)           0.000    24.812    h_reg[3]_i_2_n_0
    SLICE_X13Y24         CARRY4 (Prop_carry4_CI_CO[3])
                                                      0.114    24.926 r  h_reg[7]_i_2/CO[3]
                         net (fo=1, routed)           0.009    24.935    h_reg[7]_i_2_n_0
    SLICE_X13Y25         CARRY4 (Prop_carry4_CI_O[3])
                                                      0.313    25.248 r  h_reg[11]_i_2/O[3]
                         net (fo=4, routed)           1.025    26.273    h_reg[11]_i_2_n_4
    SLICE_X9Y24          LUT4 (Prop_lut4_I1_O)        0.306    26.579 r  h[13]_i_8/O
                         net (fo=1, routed)           0.536    27.115    h[13]_i_8_n_0
    SLICE_X8Y24          LUT6 (Prop_lut6_I2_O)        0.124    27.239 r  h[13]_i_4/O
                         net (fo=14, routed)          0.600    27.840    next_h1
    SLICE_X9Y23          LUT3 (Prop_lut3_I1_O)        0.124    27.964 r  h[2]_i_1/O
                         net (fo=2, routed)           0.770    28.733    next_h[2]
    SLICE_X8Y23          FDRE                                         r  h_reg[2]_lopt_replica/D
  -------------------------------------------------------------------    -------------------

                         (clock clk rise edge)        6.000     6.000 r  <hidden>
    N15                                               0.000     6.000 r  clk
                         net (fo=0)                   0.000     6.000    clk
    N15                  IBUF (Prop_ibuf_I_O)         0.828     6.828 r  clk_IBUF_inst/O
                         net (fo=1, routed)           1.868     8.696    clk_IBUF
    BUFGCTRL_X0Y0        BUFG (Prop_bufg_I_O)         0.091     8.787 r  clk_IBUF_BUFG_inst/O
                         net (fo=29, routed)          1.435    10.223    clk_IBUF_BUFG
    SLICE_X8Y23          FDRE                                         r  h_reg[2]_lopt_replica/C
                         clock pessimism              0.322    10.545    <hidden>
                         clock uncertainty           -0.035    10.509    <hidden>
    SLICE_X8Y23          FDRE (Setup_fdre_C_D)       -0.045    10.464    h_reg[2]_lopt_replica
  -------------------------------------------------------------------
                         required time                         10.464    <hidden>
                         arrival time                         -28.733    <hidden>
  -------------------------------------------------------------------
                         slack                                -18.269    <hidden>

Slack (VIOLATED) :        -18.171ns  (required time - arrival time)
  Source:                 h_reg[12]/C
                            (rising edge-triggered cell FDRE clocked by clk  {rise@0.000ns fall@3.000ns period=6.000ns})
  Destination:            h_reg[12]/D
                            (rising edge-triggered cell FDRE clocked by clk  {rise@0.000ns fall@3.000ns period=6.000ns})
  Path Group:             clk
  Path Type:              Setup (Max at Slow Process Corner)
  Requirement:            6.000ns  (clk rise@6.000ns - clk rise@0.000ns)
  Data Path Delay:        24.063ns  (logic 15.808ns (65.694%)  route 8.255ns (34.306%))
  Logic Levels:           14  (CARRY4=3 DSP48E1=4 LUT3=1 LUT4=3 LUT5=2 LUT6=1)
  Clock Path Skew:        0.000ns (DCD - SCD + CPR)
    Destination Clock Delay (DCD):    4.222ns = ( 10.222 - 6.000 ) 
    Source Clock Delay      (SCD):    4.579ns
    Clock Pessimism Removal (CPR):    0.357ns
  Clock Uncertainty:      0.035ns  ((TSJ^2 + TIJ^2)^1/2 + DJ) / 2 + PE
    Total System Jitter     (TSJ):    0.071ns
    Total Input Jitter      (TIJ):    0.000ns
    Discrete Jitter          (DJ):    0.000ns
    Phase Error              (PE):    0.000ns

    Location             Delay type                Incr(ns)  Path(ns)    Netlist Resource(s)
  -------------------------------------------------------------------    -------------------
                         (clock clk rise edge)        0.000     0.000 r  <hidden>
    N15                                               0.000     0.000 r  clk
                         net (fo=0)                   0.000     0.000    clk
    N15                  IBUF (Prop_ibuf_I_O)         0.962     0.962 r  clk_IBUF_inst/O
                         net (fo=1, routed)           1.972     2.933    clk_IBUF
    BUFGCTRL_X0Y0        BUFG (Prop_bufg_I_O)         0.096     3.029 r  clk_IBUF_BUFG_inst/O
                         net (fo=29, routed)          1.549     4.579    clk_IBUF_BUFG
    SLICE_X11Y25         FDRE                                         r  h_reg[12]/C
  -------------------------------------------------------------------    -------------------
    SLICE_X11Y25         FDRE (Prop_fdre_C_Q)         0.456     5.035 r  h_reg[12]/Q
                         net (fo=2, routed)           0.558     5.592    h_OBUF[12]
    DSP48_X0Y9           DSP48E1 (Prop_dsp48e1_A[12]_P[20])
                                                      3.841     9.433 r  hB/P[20]
                         net (fo=1, routed)           0.861    10.294    hB__0[20]
    DSP48_X0Y8           DSP48E1 (Prop_dsp48e1_A[20]_P[35])
                                                      3.841    14.135 r  barrett28_return4/P[35]
                         net (fo=1, routed)           0.752    14.887    barrett28_return4_n_70
    DSP48_X0Y11          DSP48E1 (Prop_dsp48e1_A[7]_P[21])
                                                      3.841    18.728 r  barrett28_return3__0/P[21]
                         net (fo=1, routed)           0.438    19.166    barrett28_return3__0_n_84
    DSP48_X0Y10          DSP48E1 (Prop_dsp48e1_C[21]_P[11])
                                                      1.820    20.986 r  barrett28_return2/P[11]
                         net (fo=5, routed)           1.192    22.178    barrett28_return2_n_94
    SLICE_X14Y26         LUT4 (Prop_lut4_I1_O)        0.124    22.302 r  h[13]_i_38/O
                         net (fo=1, routed)           0.452    22.754    h[13]_i_38_n_0
    SLICE_X14Y26         LUT5 (Prop_lut5_I2_O)        0.124    22.878 r  h[13]_i_21/O
                         net (fo=1, routed)           0.304    23.182    h[13]_i_21_n_0
    SLICE_X14Y25         LUT5 (Prop_lut5_I3_O)        0.124    23.306 r  h[13]_i_14/O
                         net (fo=28, routed)          0.850    24.156    barrett28_return1
    SLICE_X13Y23         LUT4 (Prop_lut4_I1_O)        0.124    24.280 r  h[3]_i_10/O
                         net (fo=1, routed)           0.000    24.280    h[3]_i_10_n_0
    SLICE_X13Y23         CARRY4 (Prop_carry4_S[0]_CO[3])
                                                      0.532    24.812 r  h_reg[3]_i_2/CO[3]
                         net (fo=1, routed)           0.000    24.812    h_reg[3]_i_2_n_0
    SLICE_X13Y24         CARRY4 (Prop_carry4_CI_CO[3])
                                                      0.114    24.926 r  h_reg[7]_i_2/CO[3]
                         net (fo=1, routed)           0.009    24.935    h_reg[7]_i_2_n_0
    SLICE_X13Y25         CARRY4 (Prop_carry4_CI_O[3])
                                                      0.313    25.248 r  h_reg[11]_i_2/O[3]
                         net (fo=4, routed)           1.025    26.273    h_reg[11]_i_2_n_4
    SLICE_X9Y24          LUT4 (Prop_lut4_I1_O)        0.306    26.579 r  h[13]_i_8/O
                         net (fo=1, routed)           0.536    27.115    h[13]_i_8_n_0
    SLICE_X8Y24          LUT6 (Prop_lut6_I2_O)        0.124    27.239 r  h[13]_i_4/O
                         net (fo=14, routed)          0.671    27.910    next_h1
    SLICE_X11Y26         LUT3 (Prop_lut3_I1_O)        0.124    28.034 r  h[12]_i_1/O
                         net (fo=2, routed)           0.608    28.642    next_h[12]
    SLICE_X11Y25         FDRE                                         r  h_reg[12]/D
  -------------------------------------------------------------------    -------------------

                         (clock clk rise edge)        6.000     6.000 r  <hidden>
    N15                                               0.000     6.000 r  clk
                         net (fo=0)                   0.000     6.000    clk
    N15                  IBUF (Prop_ibuf_I_O)         0.828     6.828 r  clk_IBUF_inst/O
                         net (fo=1, routed)           1.868     8.696    clk_IBUF
    BUFGCTRL_X0Y0        BUFG (Prop_bufg_I_O)         0.091     8.787 r  clk_IBUF_BUFG_inst/O
                         net (fo=29, routed)          1.434    10.222    clk_IBUF_BUFG
    SLICE_X11Y25         FDRE                                         r  h_reg[12]/C
                         clock pessimism              0.357    10.579    <hidden>
                         clock uncertainty           -0.035    10.543    <hidden>
    SLICE_X11Y25         FDRE (Setup_fdre_C_D)       -0.072    10.471    h_reg[12]
  -------------------------------------------------------------------
                         required time                         10.471    <hidden>
                         arrival time                         -28.642    <hidden>
  -------------------------------------------------------------------
                         slack                                -18.171    <hidden>

Slack (VIOLATED) :        -18.133ns  (required time - arrival time)
  Source:                 h_reg[12]/C
                            (rising edge-triggered cell FDRE clocked by clk  {rise@0.000ns fall@3.000ns period=6.000ns})
  Destination:            h_reg[10]/D
                            (rising edge-triggered cell FDRE clocked by clk  {rise@0.000ns fall@3.000ns period=6.000ns})
  Path Group:             clk
  Path Type:              Setup (Max at Slow Process Corner)
  Requirement:            6.000ns  (clk rise@6.000ns - clk rise@0.000ns)
  Data Path Delay:        24.003ns  (logic 15.808ns (65.858%)  route 8.195ns (34.142%))
  Logic Levels:           14  (CARRY4=3 DSP48E1=4 LUT3=1 LUT4=3 LUT5=2 LUT6=1)
  Clock Path Skew:        -0.033ns (DCD - SCD + CPR)
    Destination Clock Delay (DCD):    4.224ns = ( 10.224 - 6.000 ) 
    Source Clock Delay      (SCD):    4.579ns
    Clock Pessimism Removal (CPR):    0.322ns
  Clock Uncertainty:      0.035ns  ((TSJ^2 + TIJ^2)^1/2 + DJ) / 2 + PE
    Total System Jitter     (TSJ):    0.071ns
    Total Input Jitter      (TIJ):    0.000ns
    Discrete Jitter          (DJ):    0.000ns
    Phase Error              (PE):    0.000ns

    Location             Delay type                Incr(ns)  Path(ns)    Netlist Resource(s)
  -------------------------------------------------------------------    -------------------
                         (clock clk rise edge)        0.000     0.000 r  <hidden>
    N15                                               0.000     0.000 r  clk
                         net (fo=0)                   0.000     0.000    clk
    N15                  IBUF (Prop_ibuf_I_O)         0.962     0.962 r  clk_IBUF_inst/O
                         net (fo=1, routed)           1.972     2.933    clk_IBUF
    BUFGCTRL_X0Y0        BUFG (Prop_bufg_I_O)         0.096     3.029 r  clk_IBUF_BUFG_inst/O
                         net (fo=29, routed)          1.549     4.579    clk_IBUF_BUFG
    SLICE_X11Y25         FDRE                                         r  h_reg[12]/C
  -------------------------------------------------------------------    -------------------
    SLICE_X11Y25         FDRE (Prop_fdre_C_Q)         0.456     5.035 r  h_reg[12]/Q
                         net (fo=2, routed)           0.558     5.592    h_OBUF[12]
    DSP48_X0Y9           DSP48E1 (Prop_dsp48e1_A[12]_P[20])
                                                      3.841     9.433 r  hB/P[20]
                         net (fo=1, routed)           0.861    10.294    hB__0[20]
    DSP48_X0Y8           DSP48E1 (Prop_dsp48e1_A[20]_P[35])
                                                      3.841    14.135 r  barrett28_return4/P[35]
                         net (fo=1, routed)           0.752    14.887    barrett28_return4_n_70
    DSP48_X0Y11          DSP48E1 (Prop_dsp48e1_A[7]_P[21])
                                                      3.841    18.728 r  barrett28_return3__0/P[21]
                         net (fo=1, routed)           0.438    19.166    barrett28_return3__0_n_84
    DSP48_X0Y10          DSP48E1 (Prop_dsp48e1_C[21]_P[11])
                                                      1.820    20.986 r  barrett28_return2/P[11]
                         net (fo=5, routed)           1.192    22.178    barrett28_return2_n_94
    SLICE_X14Y26         LUT4 (Prop_lut4_I1_O)        0.124    22.302 r  h[13]_i_38/O
                         net (fo=1, routed)           0.452    22.754    h[13]_i_38_n_0
    SLICE_X14Y26         LUT5 (Prop_lut5_I2_O)        0.124    22.878 r  h[13]_i_21/O
                         net (fo=1, routed)           0.304    23.182    h[13]_i_21_n_0
    SLICE_X14Y25         LUT5 (Prop_lut5_I3_O)        0.124    23.306 r  h[13]_i_14/O
                         net (fo=28, routed)          0.850    24.156    barrett28_return1
    SLICE_X13Y23         LUT4 (Prop_lut4_I1_O)        0.124    24.280 r  h[3]_i_10/O
                         net (fo=1, routed)           0.000    24.280    h[3]_i_10_n_0
    SLICE_X13Y23         CARRY4 (Prop_carry4_S[0]_CO[3])
                                                      0.532    24.812 r  h_reg[3]_i_2/CO[3]
                         net (fo=1, routed)           0.000    24.812    h_reg[3]_i_2_n_0
    SLICE_X13Y24         CARRY4 (Prop_carry4_CI_CO[3])
                                                      0.114    24.926 r  h_reg[7]_i_2/CO[3]
                         net (fo=1, routed)           0.009    24.935    h_reg[7]_i_2_n_0
    SLICE_X13Y25         CARRY4 (Prop_carry4_CI_O[3])
                                                      0.313    25.248 r  h_reg[11]_i_2/O[3]
                         net (fo=4, routed)           1.025    26.273    h_reg[11]_i_2_n_4
    SLICE_X9Y24          LUT4 (Prop_lut4_I1_O)        0.306    26.579 r  h[13]_i_8/O
                         net (fo=1, routed)           0.536    27.115    h[13]_i_8_n_0
    SLICE_X8Y24          LUT6 (Prop_lut6_I2_O)        0.124    27.239 r  h[13]_i_4/O
                         net (fo=14, routed)          0.734    27.973    next_h1
    SLICE_X8Y24          LUT3 (Prop_lut3_I1_O)        0.124    28.097 r  h[10]_i_1/O
                         net (fo=2, routed)           0.485    28.582    next_h[10]
    SLICE_X9Y22          FDRE                                         r  h_reg[10]/D
  -------------------------------------------------------------------    -------------------

                         (clock clk rise edge)        6.000     6.000 r  <hidden>
    N15                                               0.000     6.000 r  clk
                         net (fo=0)                   0.000     6.000    clk
    N15                  IBUF (Prop_ibuf_I_O)         0.828     6.828 r  clk_IBUF_inst/O
                         net (fo=1, routed)           1.868     8.696    clk_IBUF
    BUFGCTRL_X0Y0        BUFG (Prop_bufg_I_O)         0.091     8.787 r  clk_IBUF_BUFG_inst/O
                         net (fo=29, routed)          1.436    10.224    clk_IBUF_BUFG
    SLICE_X9Y22          FDRE                                         r  h_reg[10]/C
                         clock pessimism              0.322    10.546    <hidden>
                         clock uncertainty           -0.035    10.510    <hidden>
    SLICE_X9Y22          FDRE (Setup_fdre_C_D)       -0.061    10.449    h_reg[10]
  -------------------------------------------------------------------
                         required time                         10.449    <hidden>
                         arrival time                         -28.582    <hidden>
  -------------------------------------------------------------------
                         slack                                -18.133    <hidden>

Slack (VIOLATED) :        -18.060ns  (required time - arrival time)
  Source:                 h_reg[12]/C
                            (rising edge-triggered cell FDRE clocked by clk  {rise@0.000ns fall@3.000ns period=6.000ns})
  Destination:            h_reg[7]/D
                            (rising edge-triggered cell FDRE clocked by clk  {rise@0.000ns fall@3.000ns period=6.000ns})
  Path Group:             clk
  Path Type:              Setup (Max at Slow Process Corner)
  Requirement:            6.000ns  (clk rise@6.000ns - clk rise@0.000ns)
  Data Path Delay:        23.938ns  (logic 15.808ns (66.038%)  route 8.130ns (33.962%))
  Logic Levels:           14  (CARRY4=3 DSP48E1=4 LUT3=1 LUT4=3 LUT5=2 LUT6=1)
  Clock Path Skew:        -0.029ns (DCD - SCD + CPR)
    Destination Clock Delay (DCD):    4.228ns = ( 10.228 - 6.000 ) 
    Source Clock Delay      (SCD):    4.579ns
    Clock Pessimism Removal (CPR):    0.322ns
  Clock Uncertainty:      0.035ns  ((TSJ^2 + TIJ^2)^1/2 + DJ) / 2 + PE
    Total System Jitter     (TSJ):    0.071ns
    Total Input Jitter      (TIJ):    0.000ns
    Discrete Jitter          (DJ):    0.000ns
    Phase Error              (PE):    0.000ns

    Location             Delay type                Incr(ns)  Path(ns)    Netlist Resource(s)
  -------------------------------------------------------------------    -------------------
                         (clock clk rise edge)        0.000     0.000 r  <hidden>
    N15                                               0.000     0.000 r  clk
                         net (fo=0)                   0.000     0.000    clk
    N15                  IBUF (Prop_ibuf_I_O)         0.962     0.962 r  clk_IBUF_inst/O
                         net (fo=1, routed)           1.972     2.933    clk_IBUF
    BUFGCTRL_X0Y0        BUFG (Prop_bufg_I_O)         0.096     3.029 r  clk_IBUF_BUFG_inst/O
                         net (fo=29, routed)          1.549     4.579    clk_IBUF_BUFG
    SLICE_X11Y25         FDRE                                         r  h_reg[12]/C
  -------------------------------------------------------------------    -------------------
    SLICE_X11Y25         FDRE (Prop_fdre_C_Q)         0.456     5.035 r  h_reg[12]/Q
                         net (fo=2, routed)           0.558     5.592    h_OBUF[12]
    DSP48_X0Y9           DSP48E1 (Prop_dsp48e1_A[12]_P[20])
                                                      3.841     9.433 r  hB/P[20]
                         net (fo=1, routed)           0.861    10.294    hB__0[20]
    DSP48_X0Y8           DSP48E1 (Prop_dsp48e1_A[20]_P[35])
                                                      3.841    14.135 r  barrett28_return4/P[35]
                         net (fo=1, routed)           0.752    14.887    barrett28_return4_n_70
    DSP48_X0Y11          DSP48E1 (Prop_dsp48e1_A[7]_P[21])
                                                      3.841    18.728 r  barrett28_return3__0/P[21]
                         net (fo=1, routed)           0.438    19.166    barrett28_return3__0_n_84
    DSP48_X0Y10          DSP48E1 (Prop_dsp48e1_C[21]_P[11])
                                                      1.820    20.986 r  barrett28_return2/P[11]
                         net (fo=5, routed)           1.192    22.178    barrett28_return2_n_94
    SLICE_X14Y26         LUT4 (Prop_lut4_I1_O)        0.124    22.302 r  h[13]_i_38/O
                         net (fo=1, routed)           0.452    22.754    h[13]_i_38_n_0
    SLICE_X14Y26         LUT5 (Prop_lut5_I2_O)        0.124    22.878 r  h[13]_i_21/O
                         net (fo=1, routed)           0.304    23.182    h[13]_i_21_n_0
    SLICE_X14Y25         LUT5 (Prop_lut5_I3_O)        0.124    23.306 r  h[13]_i_14/O
                         net (fo=28, routed)          0.850    24.156    barrett28_return1
    SLICE_X13Y23         LUT4 (Prop_lut4_I1_O)        0.124    24.280 r  h[3]_i_10/O
                         net (fo=1, routed)           0.000    24.280    h[3]_i_10_n_0
    SLICE_X13Y23         CARRY4 (Prop_carry4_S[0]_CO[3])
                                                      0.532    24.812 r  h_reg[3]_i_2/CO[3]
                         net (fo=1, routed)           0.000    24.812    h_reg[3]_i_2_n_0
    SLICE_X13Y24         CARRY4 (Prop_carry4_CI_CO[3])
                                                      0.114    24.926 r  h_reg[7]_i_2/CO[3]
                         net (fo=1, routed)           0.009    24.935    h_reg[7]_i_2_n_0
    SLICE_X13Y25         CARRY4 (Prop_carry4_CI_O[3])
                                                      0.313    25.248 r  h_reg[11]_i_2/O[3]
                         net (fo=4, routed)           1.025    26.273    h_reg[11]_i_2_n_4
    SLICE_X9Y24          LUT4 (Prop_lut4_I1_O)        0.306    26.579 r  h[13]_i_8/O
                         net (fo=1, routed)           0.536    27.115    h[13]_i_8_n_0
    SLICE_X8Y24          LUT6 (Prop_lut6_I2_O)        0.124    27.239 r  h[13]_i_4/O
                         net (fo=14, routed)          0.542    27.781    next_h1
    SLICE_X10Y23         LUT3 (Prop_lut3_I1_O)        0.124    27.905 r  h[7]_i_1/O
                         net (fo=2, routed)           0.611    28.516    next_h[7]
    SLICE_X11Y20         FDRE                                         r  h_reg[7]/D
  -------------------------------------------------------------------    -------------------

                         (clock clk rise edge)        6.000     6.000 r  <hidden>
    N15                                               0.000     6.000 r  clk
                         net (fo=0)                   0.000     6.000    clk
    N15                  IBUF (Prop_ibuf_I_O)         0.828     6.828 r  clk_IBUF_inst/O
                         net (fo=1, routed)           1.868     8.696    clk_IBUF
    BUFGCTRL_X0Y0        BUFG (Prop_bufg_I_O)         0.091     8.787 r  clk_IBUF_BUFG_inst/O
                         net (fo=29, routed)          1.440    10.228    clk_IBUF_BUFG
    SLICE_X11Y20         FDRE                                         r  h_reg[7]/C
                         clock pessimism              0.322    10.550    <hidden>
                         clock uncertainty           -0.035    10.514    <hidden>
    SLICE_X11Y20         FDRE (Setup_fdre_C_D)       -0.058    10.456    h_reg[7]
  -------------------------------------------------------------------
                         required time                         10.456    <hidden>
                         arrival time                         -28.517    <hidden>
  -------------------------------------------------------------------
                         slack                                -18.060    <hidden>

Slack (VIOLATED) :        -18.055ns  (required time - arrival time)
  Source:                 h_reg[12]/C
                            (rising edge-triggered cell FDRE clocked by clk  {rise@0.000ns fall@3.000ns period=6.000ns})
  Destination:            h_reg[0]/D
                            (rising edge-triggered cell FDSE clocked by clk  {rise@0.000ns fall@3.000ns period=6.000ns})
  Path Group:             clk
  Path Type:              Setup (Max at Slow Process Corner)
  Requirement:            6.000ns  (clk rise@6.000ns - clk rise@0.000ns)
  Data Path Delay:        23.930ns  (logic 15.808ns (66.059%)  route 8.122ns (33.940%))
  Logic Levels:           14  (CARRY4=3 DSP48E1=4 LUT2=1 LUT4=3 LUT5=2 LUT6=1)
  Clock Path Skew:        -0.029ns (DCD - SCD + CPR)
    Destination Clock Delay (DCD):    4.228ns = ( 10.228 - 6.000 ) 
    Source Clock Delay      (SCD):    4.579ns
    Clock Pessimism Removal (CPR):    0.322ns
  Clock Uncertainty:      0.035ns  ((TSJ^2 + TIJ^2)^1/2 + DJ) / 2 + PE
    Total System Jitter     (TSJ):    0.071ns
    Total Input Jitter      (TIJ):    0.000ns
    Discrete Jitter          (DJ):    0.000ns
    Phase Error              (PE):    0.000ns

    Location             Delay type                Incr(ns)  Path(ns)    Netlist Resource(s)
  -------------------------------------------------------------------    -------------------
                         (clock clk rise edge)        0.000     0.000 r  <hidden>
    N15                                               0.000     0.000 r  clk
                         net (fo=0)                   0.000     0.000    clk
    N15                  IBUF (Prop_ibuf_I_O)         0.962     0.962 r  clk_IBUF_inst/O
                         net (fo=1, routed)           1.972     2.933    clk_IBUF
    BUFGCTRL_X0Y0        BUFG (Prop_bufg_I_O)         0.096     3.029 r  clk_IBUF_BUFG_inst/O
                         net (fo=29, routed)          1.549     4.579    clk_IBUF_BUFG
    SLICE_X11Y25         FDRE                                         r  h_reg[12]/C
  -------------------------------------------------------------------    -------------------
    SLICE_X11Y25         FDRE (Prop_fdre_C_Q)         0.456     5.035 r  h_reg[12]/Q
                         net (fo=2, routed)           0.558     5.592    h_OBUF[12]
    DSP48_X0Y9           DSP48E1 (Prop_dsp48e1_A[12]_P[20])
                                                      3.841     9.433 r  hB/P[20]
                         net (fo=1, routed)           0.861    10.294    hB__0[20]
    DSP48_X0Y8           DSP48E1 (Prop_dsp48e1_A[20]_P[35])
                                                      3.841    14.135 r  barrett28_return4/P[35]
                         net (fo=1, routed)           0.752    14.887    barrett28_return4_n_70
    DSP48_X0Y11          DSP48E1 (Prop_dsp48e1_A[7]_P[21])
                                                      3.841    18.728 r  barrett28_return3__0/P[21]
                         net (fo=1, routed)           0.438    19.166    barrett28_return3__0_n_84
    DSP48_X0Y10          DSP48E1 (Prop_dsp48e1_C[21]_P[11])
                                                      1.820    20.986 r  barrett28_return2/P[11]
                         net (fo=5, routed)           1.192    22.178    barrett28_return2_n_94
    SLICE_X14Y26         LUT4 (Prop_lut4_I1_O)        0.124    22.302 r  h[13]_i_38/O
                         net (fo=1, routed)           0.452    22.754    h[13]_i_38_n_0
    SLICE_X14Y26         LUT5 (Prop_lut5_I2_O)        0.124    22.878 r  h[13]_i_21/O
                         net (fo=1, routed)           0.304    23.182    h[13]_i_21_n_0
    SLICE_X14Y25         LUT5 (Prop_lut5_I3_O)        0.124    23.306 r  h[13]_i_14/O
                         net (fo=28, routed)          0.850    24.156    barrett28_return1
    SLICE_X13Y23         LUT4 (Prop_lut4_I1_O)        0.124    24.280 r  h[3]_i_10/O
                         net (fo=1, routed)           0.000    24.280    h[3]_i_10_n_0
    SLICE_X13Y23         CARRY4 (Prop_carry4_S[0]_CO[3])
                                                      0.532    24.812 r  h_reg[3]_i_2/CO[3]
                         net (fo=1, routed)           0.000    24.812    h_reg[3]_i_2_n_0
    SLICE_X13Y24         CARRY4 (Prop_carry4_CI_CO[3])
                                                      0.114    24.926 r  h_reg[7]_i_2/CO[3]
                         net (fo=1, routed)           0.009    24.935    h_reg[7]_i_2_n_0
    SLICE_X13Y25         CARRY4 (Prop_carry4_CI_O[3])
                                                      0.313    25.248 r  h_reg[11]_i_2/O[3]
                         net (fo=4, routed)           1.025    26.273    h_reg[11]_i_2_n_4
    SLICE_X9Y24          LUT4 (Prop_lut4_I1_O)        0.306    26.579 r  h[13]_i_8/O
                         net (fo=1, routed)           0.536    27.115    h[13]_i_8_n_0
    SLICE_X8Y24          LUT6 (Prop_lut6_I2_O)        0.124    27.239 r  h[13]_i_4/O
                         net (fo=14, routed)          0.533    27.772    next_h1
    SLICE_X10Y24         LUT2 (Prop_lut2_I0_O)        0.124    27.896 r  h[0]_i_1/O
                         net (fo=2, routed)           0.613    28.509    next_h[0]
    SLICE_X11Y20         FDSE                                         r  h_reg[0]/D
  -------------------------------------------------------------------    -------------------

                         (clock clk rise edge)        6.000     6.000 r  <hidden>
    N15                                               0.000     6.000 r  clk
                         net (fo=0)                   0.000     6.000    clk
    N15                  IBUF (Prop_ibuf_I_O)         0.828     6.828 r  clk_IBUF_inst/O
                         net (fo=1, routed)           1.868     8.696    clk_IBUF
    BUFGCTRL_X0Y0        BUFG (Prop_bufg_I_O)         0.091     8.787 r  clk_IBUF_BUFG_inst/O
                         net (fo=29, routed)          1.440    10.228    clk_IBUF_BUFG
    SLICE_X11Y20         FDSE                                         r  h_reg[0]/C
                         clock pessimism              0.322    10.550    <hidden>
                         clock uncertainty           -0.035    10.514    <hidden>
    SLICE_X11Y20         FDSE (Setup_fdse_C_D)       -0.061    10.453    h_reg[0]
  -------------------------------------------------------------------
                         required time                         10.453    <hidden>
                         arrival time                         -28.509    <hidden>
  -------------------------------------------------------------------
                         slack                                -18.055    <hidden>

Slack (VIOLATED) :        -18.041ns  (required time - arrival time)
  Source:                 h_reg[12]/C
                            (rising edge-triggered cell FDRE clocked by clk  {rise@0.000ns fall@3.000ns period=6.000ns})
  Destination:            h_reg[1]/D
                            (rising edge-triggered cell FDRE clocked by clk  {rise@0.000ns fall@3.000ns period=6.000ns})
  Path Group:             clk
  Path Type:              Setup (Max at Slow Process Corner)
  Requirement:            6.000ns  (clk rise@6.000ns - clk rise@0.000ns)
  Data Path Delay:        23.909ns  (logic 15.808ns (66.116%)  route 8.101ns (33.883%))
  Logic Levels:           14  (CARRY4=3 DSP48E1=4 LUT3=1 LUT4=3 LUT5=2 LUT6=1)
  Clock Path Skew:        -0.029ns (DCD - SCD + CPR)
    Destination Clock Delay (DCD):    4.228ns = ( 10.228 - 6.000 ) 
    Source Clock Delay      (SCD):    4.579ns
    Clock Pessimism Removal (CPR):    0.322ns
  Clock Uncertainty:      0.035ns  ((TSJ^2 + TIJ^2)^1/2 + DJ) / 2 + PE
    Total System Jitter     (TSJ):    0.071ns
    Total Input Jitter      (TIJ):    0.000ns
    Discrete Jitter          (DJ):    0.000ns
    Phase Error              (PE):    0.000ns

    Location             Delay type                Incr(ns)  Path(ns)    Netlist Resource(s)
  -------------------------------------------------------------------    -------------------
                         (clock clk rise edge)        0.000     0.000 r  <hidden>
    N15                                               0.000     0.000 r  clk
                         net (fo=0)                   0.000     0.000    clk
    N15                  IBUF (Prop_ibuf_I_O)         0.962     0.962 r  clk_IBUF_inst/O
                         net (fo=1, routed)           1.972     2.933    clk_IBUF
    BUFGCTRL_X0Y0        BUFG (Prop_bufg_I_O)         0.096     3.029 r  clk_IBUF_BUFG_inst/O
                         net (fo=29, routed)          1.549     4.579    clk_IBUF_BUFG
    SLICE_X11Y25         FDRE                                         r  h_reg[12]/C
  -------------------------------------------------------------------    -------------------
    SLICE_X11Y25         FDRE (Prop_fdre_C_Q)         0.456     5.035 r  h_reg[12]/Q
                         net (fo=2, routed)           0.558     5.592    h_OBUF[12]
    DSP48_X0Y9           DSP48E1 (Prop_dsp48e1_A[12]_P[20])
                                                      3.841     9.433 r  hB/P[20]
                         net (fo=1, routed)           0.861    10.294    hB__0[20]
    DSP48_X0Y8           DSP48E1 (Prop_dsp48e1_A[20]_P[35])
                                                      3.841    14.135 r  barrett28_return4/P[35]
                         net (fo=1, routed)           0.752    14.887    barrett28_return4_n_70
    DSP48_X0Y11          DSP48E1 (Prop_dsp48e1_A[7]_P[21])
                                                      3.841    18.728 r  barrett28_return3__0/P[21]
                         net (fo=1, routed)           0.438    19.166    barrett28_return3__0_n_84
    DSP48_X0Y10          DSP48E1 (Prop_dsp48e1_C[21]_P[11])
                                                      1.820    20.986 r  barrett28_return2/P[11]
                         net (fo=5, routed)           1.192    22.178    barrett28_return2_n_94
    SLICE_X14Y26         LUT4 (Prop_lut4_I1_O)        0.124    22.302 r  h[13]_i_38/O
                         net (fo=1, routed)           0.452    22.754    h[13]_i_38_n_0
    SLICE_X14Y26         LUT5 (Prop_lut5_I2_O)        0.124    22.878 r  h[13]_i_21/O
                         net (fo=1, routed)           0.304    23.182    h[13]_i_21_n_0
    SLICE_X14Y25         LUT5 (Prop_lut5_I3_O)        0.124    23.306 r  h[13]_i_14/O
                         net (fo=28, routed)          0.850    24.156    barrett28_return1
    SLICE_X13Y23         LUT4 (Prop_lut4_I1_O)        0.124    24.280 r  h[3]_i_10/O
                         net (fo=1, routed)           0.000    24.280    h[3]_i_10_n_0
    SLICE_X13Y23         CARRY4 (Prop_carry4_S[0]_CO[3])
                                                      0.532    24.812 r  h_reg[3]_i_2/CO[3]
                         net (fo=1, routed)           0.000    24.812    h_reg[3]_i_2_n_0
    SLICE_X13Y24         CARRY4 (Prop_carry4_CI_CO[3])
                                                      0.114    24.926 r  h_reg[7]_i_2/CO[3]
                         net (fo=1, routed)           0.009    24.935    h_reg[7]_i_2_n_0
    SLICE_X13Y25         CARRY4 (Prop_carry4_CI_O[3])
                                                      0.313    25.248 r  h_reg[11]_i_2/O[3]
                         net (fo=4, routed)           1.025    26.273    h_reg[11]_i_2_n_4
    SLICE_X9Y24          LUT4 (Prop_lut4_I1_O)        0.306    26.579 r  h[13]_i_8/O
                         net (fo=1, routed)           0.536    27.115    h[13]_i_8_n_0
    SLICE_X8Y24          LUT6 (Prop_lut6_I2_O)        0.124    27.239 r  h[13]_i_4/O
                         net (fo=14, routed)          0.494    27.733    next_h1
    SLICE_X8Y23          LUT3 (Prop_lut3_I1_O)        0.124    27.857 r  h[1]_i_1/O
                         net (fo=2, routed)           0.631    28.488    next_h[1]
    SLICE_X11Y20         FDRE                                         r  h_reg[1]/D
  -------------------------------------------------------------------    -------------------

                         (clock clk rise edge)        6.000     6.000 r  <hidden>
    N15                                               0.000     6.000 r  clk
                         net (fo=0)                   0.000     6.000    clk
    N15                  IBUF (Prop_ibuf_I_O)         0.828     6.828 r  clk_IBUF_inst/O
                         net (fo=1, routed)           1.868     8.696    clk_IBUF
    BUFGCTRL_X0Y0        BUFG (Prop_bufg_I_O)         0.091     8.787 r  clk_IBUF_BUFG_inst/O
                         net (fo=29, routed)          1.440    10.228    clk_IBUF_BUFG
    SLICE_X11Y20         FDRE                                         r  h_reg[1]/C
                         clock pessimism              0.322    10.550    <hidden>
                         clock uncertainty           -0.035    10.514    <hidden>
    SLICE_X11Y20         FDRE (Setup_fdre_C_D)       -0.067    10.447    h_reg[1]
  -------------------------------------------------------------------
                         required time                         10.447    <hidden>
                         arrival time                         -28.488    <hidden>
  -------------------------------------------------------------------
                         slack                                -18.041    <hidden>

Slack (VIOLATED) :        -18.035ns  (required time - arrival time)
  Source:                 h_reg[12]/C
                            (rising edge-triggered cell FDRE clocked by clk  {rise@0.000ns fall@3.000ns period=6.000ns})
  Destination:            h_reg[3]/D
                            (rising edge-triggered cell FDRE clocked by clk  {rise@0.000ns fall@3.000ns period=6.000ns})
  Path Group:             clk
  Path Type:              Setup (Max at Slow Process Corner)
  Requirement:            6.000ns  (clk rise@6.000ns - clk rise@0.000ns)
  Data Path Delay:        23.890ns  (logic 15.808ns (66.170%)  route 8.082ns (33.830%))
  Logic Levels:           14  (CARRY4=3 DSP48E1=4 LUT3=1 LUT4=3 LUT5=2 LUT6=1)
  Clock Path Skew:        -0.029ns (DCD - SCD + CPR)
    Destination Clock Delay (DCD):    4.228ns = ( 10.228 - 6.000 ) 
    Source Clock Delay      (SCD):    4.579ns
    Clock Pessimism Removal (CPR):    0.322ns
  Clock Uncertainty:      0.035ns  ((TSJ^2 + TIJ^2)^1/2 + DJ) / 2 + PE
    Total System Jitter     (TSJ):    0.071ns
    Total Input Jitter      (TIJ):    0.000ns
    Discrete Jitter          (DJ):    0.000ns
    Phase Error              (PE):    0.000ns

    Location             Delay type                Incr(ns)  Path(ns)    Netlist Resource(s)
  -------------------------------------------------------------------    -------------------
                         (clock clk rise edge)        0.000     0.000 r  <hidden>
    N15                                               0.000     0.000 r  clk
                         net (fo=0)                   0.000     0.000    clk
    N15                  IBUF (Prop_ibuf_I_O)         0.962     0.962 r  clk_IBUF_inst/O
                         net (fo=1, routed)           1.972     2.933    clk_IBUF
    BUFGCTRL_X0Y0        BUFG (Prop_bufg_I_O)         0.096     3.029 r  clk_IBUF_BUFG_inst/O
                         net (fo=29, routed)          1.549     4.579    clk_IBUF_BUFG
    SLICE_X11Y25         FDRE                                         r  h_reg[12]/C
  -------------------------------------------------------------------    -------------------
    SLICE_X11Y25         FDRE (Prop_fdre_C_Q)         0.456     5.035 r  h_reg[12]/Q
                         net (fo=2, routed)           0.558     5.592    h_OBUF[12]
    DSP48_X0Y9           DSP48E1 (Prop_dsp48e1_A[12]_P[20])
                                                      3.841     9.433 r  hB/P[20]
                         net (fo=1, routed)           0.861    10.294    hB__0[20]
    DSP48_X0Y8           DSP48E1 (Prop_dsp48e1_A[20]_P[35])
                                                      3.841    14.135 r  barrett28_return4/P[35]
                         net (fo=1, routed)           0.752    14.887    barrett28_return4_n_70
    DSP48_X0Y11          DSP48E1 (Prop_dsp48e1_A[7]_P[21])
                                                      3.841    18.728 r  barrett28_return3__0/P[21]
                         net (fo=1, routed)           0.438    19.166    barrett28_return3__0_n_84
    DSP48_X0Y10          DSP48E1 (Prop_dsp48e1_C[21]_P[11])
                                                      1.820    20.986 r  barrett28_return2/P[11]
                         net (fo=5, routed)           1.192    22.178    barrett28_return2_n_94
    SLICE_X14Y26         LUT4 (Prop_lut4_I1_O)        0.124    22.302 r  h[13]_i_38/O
                         net (fo=1, routed)           0.452    22.754    h[13]_i_38_n_0
    SLICE_X14Y26         LUT5 (Prop_lut5_I2_O)        0.124    22.878 r  h[13]_i_21/O
                         net (fo=1, routed)           0.304    23.182    h[13]_i_21_n_0
    SLICE_X14Y25         LUT5 (Prop_lut5_I3_O)        0.124    23.306 r  h[13]_i_14/O
                         net (fo=28, routed)          0.850    24.156    barrett28_return1
    SLICE_X13Y23         LUT4 (Prop_lut4_I1_O)        0.124    24.280 r  h[3]_i_10/O
                         net (fo=1, routed)           0.000    24.280    h[3]_i_10_n_0
    SLICE_X13Y23         CARRY4 (Prop_carry4_S[0]_CO[3])
                                                      0.532    24.812 r  h_reg[3]_i_2/CO[3]
                         net (fo=1, routed)           0.000    24.812    h_reg[3]_i_2_n_0
    SLICE_X13Y24         CARRY4 (Prop_carry4_CI_CO[3])
                                                      0.114    24.926 r  h_reg[7]_i_2/CO[3]
                         net (fo=1, routed)           0.009    24.935    h_reg[7]_i_2_n_0
    SLICE_X13Y25         CARRY4 (Prop_carry4_CI_O[3])
                                                      0.313    25.248 r  h_reg[11]_i_2/O[3]
                         net (fo=4, routed)           1.025    26.273    h_reg[11]_i_2_n_4
    SLICE_X9Y24          LUT4 (Prop_lut4_I1_O)        0.306    26.579 r  h[13]_i_8/O
                         net (fo=1, routed)           0.536    27.115    h[13]_i_8_n_0
    SLICE_X8Y24          LUT6 (Prop_lut6_I2_O)        0.124    27.239 r  h[13]_i_4/O
                         net (fo=14, routed)          0.481    27.720    next_h1
    SLICE_X9Y24          LUT3 (Prop_lut3_I1_O)        0.124    27.844 r  h[3]_i_1/O
                         net (fo=2, routed)           0.624    28.469    next_h[3]
    SLICE_X11Y20         FDRE                                         r  h_reg[3]/D
  -------------------------------------------------------------------    -------------------

                         (clock clk rise edge)        6.000     6.000 r  <hidden>
    N15                                               0.000     6.000 r  clk
                         net (fo=0)                   0.000     6.000    clk
    N15                  IBUF (Prop_ibuf_I_O)         0.828     6.828 r  clk_IBUF_inst/O
                         net (fo=1, routed)           1.868     8.696    clk_IBUF
    BUFGCTRL_X0Y0        BUFG (Prop_bufg_I_O)         0.091     8.787 r  clk_IBUF_BUFG_inst/O
                         net (fo=29, routed)          1.440    10.228    clk_IBUF_BUFG
    SLICE_X11Y20         FDRE                                         r  h_reg[3]/C
                         clock pessimism              0.322    10.550    <hidden>
                         clock uncertainty           -0.035    10.514    <hidden>
    SLICE_X11Y20         FDRE (Setup_fdre_C_D)       -0.081    10.433    h_reg[3]
  -------------------------------------------------------------------
                         required time                         10.433    <hidden>
                         arrival time                         -28.469    <hidden>
  -------------------------------------------------------------------
                         slack                                -18.035    <hidden>

Slack (VIOLATED) :        -18.018ns  (required time - arrival time)
  Source:                 h_reg[12]/C
                            (rising edge-triggered cell FDRE clocked by clk  {rise@0.000ns fall@3.000ns period=6.000ns})
  Destination:            h_reg[5]/D
                            (rising edge-triggered cell FDRE clocked by clk  {rise@0.000ns fall@3.000ns period=6.000ns})
  Path Group:             clk
  Path Type:              Setup (Max at Slow Process Corner)
  Requirement:            6.000ns  (clk rise@6.000ns - clk rise@0.000ns)
  Data Path Delay:        23.886ns  (logic 15.808ns (66.182%)  route 8.077ns (33.817%))
  Logic Levels:           14  (CARRY4=3 DSP48E1=4 LUT3=1 LUT4=3 LUT5=2 LUT6=1)
  Clock Path Skew:        -0.030ns (DCD - SCD + CPR)
    Destination Clock Delay (DCD):    4.227ns = ( 10.227 - 6.000 ) 
    Source Clock Delay      (SCD):    4.579ns
    Clock Pessimism Removal (CPR):    0.322ns
  Clock Uncertainty:      0.035ns  ((TSJ^2 + TIJ^2)^1/2 + DJ) / 2 + PE
    Total System Jitter     (TSJ):    0.071ns
    Total Input Jitter      (TIJ):    0.000ns
    Discrete Jitter          (DJ):    0.000ns
    Phase Error              (PE):    0.000ns

    Location             Delay type                Incr(ns)  Path(ns)    Netlist Resource(s)
  -------------------------------------------------------------------    -------------------
                         (clock clk rise edge)        0.000     0.000 r  <hidden>
    N15                                               0.000     0.000 r  clk
                         net (fo=0)                   0.000     0.000    clk
    N15                  IBUF (Prop_ibuf_I_O)         0.962     0.962 r  clk_IBUF_inst/O
                         net (fo=1, routed)           1.972     2.933    clk_IBUF
    BUFGCTRL_X0Y0        BUFG (Prop_bufg_I_O)         0.096     3.029 r  clk_IBUF_BUFG_inst/O
                         net (fo=29, routed)          1.549     4.579    clk_IBUF_BUFG
    SLICE_X11Y25         FDRE                                         r  h_reg[12]/C
  -------------------------------------------------------------------    -------------------
    SLICE_X11Y25         FDRE (Prop_fdre_C_Q)         0.456     5.035 r  h_reg[12]/Q
                         net (fo=2, routed)           0.558     5.592    h_OBUF[12]
    DSP48_X0Y9           DSP48E1 (Prop_dsp48e1_A[12]_P[20])
                                                      3.841     9.433 r  hB/P[20]
                         net (fo=1, routed)           0.861    10.294    hB__0[20]
    DSP48_X0Y8           DSP48E1 (Prop_dsp48e1_A[20]_P[35])
                                                      3.841    14.135 r  barrett28_return4/P[35]
                         net (fo=1, routed)           0.752    14.887    barrett28_return4_n_70
    DSP48_X0Y11          DSP48E1 (Prop_dsp48e1_A[7]_P[21])
                                                      3.841    18.728 r  barrett28_return3__0/P[21]
                         net (fo=1, routed)           0.438    19.166    barrett28_return3__0_n_84
    DSP48_X0Y10          DSP48E1 (Prop_dsp48e1_C[21]_P[11])
                                                      1.820    20.986 r  barrett28_return2/P[11]
                         net (fo=5, routed)           1.192    22.178    barrett28_return2_n_94
    SLICE_X14Y26         LUT4 (Prop_lut4_I1_O)        0.124    22.302 r  h[13]_i_38/O
                         net (fo=1, routed)           0.452    22.754    h[13]_i_38_n_0
    SLICE_X14Y26         LUT5 (Prop_lut5_I2_O)        0.124    22.878 r  h[13]_i_21/O
                         net (fo=1, routed)           0.304    23.182    h[13]_i_21_n_0
    SLICE_X14Y25         LUT5 (Prop_lut5_I3_O)        0.124    23.306 r  h[13]_i_14/O
                         net (fo=28, routed)          0.850    24.156    barrett28_return1
    SLICE_X13Y23         LUT4 (Prop_lut4_I1_O)        0.124    24.280 r  h[3]_i_10/O
                         net (fo=1, routed)           0.000    24.280    h[3]_i_10_n_0
    SLICE_X13Y23         CARRY4 (Prop_carry4_S[0]_CO[3])
                                                      0.532    24.812 r  h_reg[3]_i_2/CO[3]
                         net (fo=1, routed)           0.000    24.812    h_reg[3]_i_2_n_0
    SLICE_X13Y24         CARRY4 (Prop_carry4_CI_CO[3])
                                                      0.114    24.926 r  h_reg[7]_i_2/CO[3]
                         net (fo=1, routed)           0.009    24.935    h_reg[7]_i_2_n_0
    SLICE_X13Y25         CARRY4 (Prop_carry4_CI_O[3])
                                                      0.313    25.248 r  h_reg[11]_i_2/O[3]
                         net (fo=4, routed)           1.025    26.273    h_reg[11]_i_2_n_4
    SLICE_X9Y24          LUT4 (Prop_lut4_I1_O)        0.306    26.579 r  h[13]_i_8/O
                         net (fo=1, routed)           0.536    27.115    h[13]_i_8_n_0
    SLICE_X8Y24          LUT6 (Prop_lut6_I2_O)        0.124    27.239 r  h[13]_i_4/O
                         net (fo=14, routed)          0.480    27.719    next_h1
    SLICE_X9Y24          LUT3 (Prop_lut3_I1_O)        0.124    27.843 r  h[5]_i_1/O
                         net (fo=2, routed)           0.621    28.464    next_h[5]
    SLICE_X11Y21         FDRE                                         r  h_reg[5]/D
  -------------------------------------------------------------------    -------------------

                         (clock clk rise edge)        6.000     6.000 r  <hidden>
    N15                                               0.000     6.000 r  clk
                         net (fo=0)                   0.000     6.000    clk
    N15                  IBUF (Prop_ibuf_I_O)         0.828     6.828 r  clk_IBUF_inst/O
                         net (fo=1, routed)           1.868     8.696    clk_IBUF
    BUFGCTRL_X0Y0        BUFG (Prop_bufg_I_O)         0.091     8.787 r  clk_IBUF_BUFG_inst/O
                         net (fo=29, routed)          1.439    10.227    clk_IBUF_BUFG
    SLICE_X11Y21         FDRE                                         r  h_reg[5]/C
                         clock pessimism              0.322    10.549    <hidden>
                         clock uncertainty           -0.035    10.513    <hidden>
    SLICE_X11Y21         FDRE (Setup_fdre_C_D)       -0.067    10.446    h_reg[5]
  -------------------------------------------------------------------
                         required time                         10.446    <hidden>
                         arrival time                         -28.464    <hidden>
  -------------------------------------------------------------------
                         slack                                -18.018    <hidden>

Slack (VIOLATED) :        -18.001ns  (required time - arrival time)
  Source:                 h_reg[12]/C
                            (rising edge-triggered cell FDRE clocked by clk  {rise@0.000ns fall@3.000ns period=6.000ns})
  Destination:            h_reg[8]/D
                            (rising edge-triggered cell FDRE clocked by clk  {rise@0.000ns fall@3.000ns period=6.000ns})
  Path Group:             clk
  Path Type:              Setup (Max at Slow Process Corner)
  Requirement:            6.000ns  (clk rise@6.000ns - clk rise@0.000ns)
  Data Path Delay:        23.875ns  (logic 15.808ns (66.212%)  route 8.067ns (33.787%))
  Logic Levels:           14  (CARRY4=3 DSP48E1=4 LUT3=1 LUT4=3 LUT5=2 LUT6=1)
  Clock Path Skew:        -0.033ns (DCD - SCD + CPR)
    Destination Clock Delay (DCD):    4.224ns = ( 10.224 - 6.000 ) 
    Source Clock Delay      (SCD):    4.579ns
    Clock Pessimism Removal (CPR):    0.322ns
  Clock Uncertainty:      0.035ns  ((TSJ^2 + TIJ^2)^1/2 + DJ) / 2 + PE
    Total System Jitter     (TSJ):    0.071ns
    Total Input Jitter      (TIJ):    0.000ns
    Discrete Jitter          (DJ):    0.000ns
    Phase Error              (PE):    0.000ns

    Location             Delay type                Incr(ns)  Path(ns)    Netlist Resource(s)
  -------------------------------------------------------------------    -------------------
                         (clock clk rise edge)        0.000     0.000 r  <hidden>
    N15                                               0.000     0.000 r  clk
                         net (fo=0)                   0.000     0.000    clk
    N15                  IBUF (Prop_ibuf_I_O)         0.962     0.962 r  clk_IBUF_inst/O
                         net (fo=1, routed)           1.972     2.933    clk_IBUF
    BUFGCTRL_X0Y0        BUFG (Prop_bufg_I_O)         0.096     3.029 r  clk_IBUF_BUFG_inst/O
                         net (fo=29, routed)          1.549     4.579    clk_IBUF_BUFG
    SLICE_X11Y25         FDRE                                         r  h_reg[12]/C
  -------------------------------------------------------------------    -------------------
    SLICE_X11Y25         FDRE (Prop_fdre_C_Q)         0.456     5.035 r  h_reg[12]/Q
                         net (fo=2, routed)           0.558     5.592    h_OBUF[12]
    DSP48_X0Y9           DSP48E1 (Prop_dsp48e1_A[12]_P[20])
                                                      3.841     9.433 r  hB/P[20]
                         net (fo=1, routed)           0.861    10.294    hB__0[20]
    DSP48_X0Y8           DSP48E1 (Prop_dsp48e1_A[20]_P[35])
                                                      3.841    14.135 r  barrett28_return4/P[35]
                         net (fo=1, routed)           0.752    14.887    barrett28_return4_n_70
    DSP48_X0Y11          DSP48E1 (Prop_dsp48e1_A[7]_P[21])
                                                      3.841    18.728 r  barrett28_return3__0/P[21]
                         net (fo=1, routed)           0.438    19.166    barrett28_return3__0_n_84
    DSP48_X0Y10          DSP48E1 (Prop_dsp48e1_C[21]_P[11])
                                                      1.820    20.986 r  barrett28_return2/P[11]
                         net (fo=5, routed)           1.192    22.178    barrett28_return2_n_94
    SLICE_X14Y26         LUT4 (Prop_lut4_I1_O)        0.124    22.302 r  h[13]_i_38/O
                         net (fo=1, routed)           0.452    22.754    h[13]_i_38_n_0
    SLICE_X14Y26         LUT5 (Prop_lut5_I2_O)        0.124    22.878 r  h[13]_i_21/O
                         net (fo=1, routed)           0.304    23.182    h[13]_i_21_n_0
    SLICE_X14Y25         LUT5 (Prop_lut5_I3_O)        0.124    23.306 r  h[13]_i_14/O
                         net (fo=28, routed)          0.850    24.156    barrett28_return1
    SLICE_X13Y23         LUT4 (Prop_lut4_I1_O)        0.124    24.280 r  h[3]_i_10/O
                         net (fo=1, routed)           0.000    24.280    h[3]_i_10_n_0
    SLICE_X13Y23         CARRY4 (Prop_carry4_S[0]_CO[3])
                                                      0.532    24.812 r  h_reg[3]_i_2/CO[3]
                         net (fo=1, routed)           0.000    24.812    h_reg[3]_i_2_n_0
    SLICE_X13Y24         CARRY4 (Prop_carry4_CI_CO[3])
                                                      0.114    24.926 r  h_reg[7]_i_2/CO[3]
                         net (fo=1, routed)           0.009    24.935    h_reg[7]_i_2_n_0
    SLICE_X13Y25         CARRY4 (Prop_carry4_CI_O[3])
                                                      0.313    25.248 r  h_reg[11]_i_2/O[3]
                         net (fo=4, routed)           1.025    26.273    h_reg[11]_i_2_n_4
    SLICE_X9Y24          LUT4 (Prop_lut4_I1_O)        0.306    26.579 r  h[13]_i_8/O
                         net (fo=1, routed)           0.536    27.115    h[13]_i_8_n_0
    SLICE_X8Y24          LUT6 (Prop_lut6_I2_O)        0.124    27.239 r  h[13]_i_4/O
                         net (fo=14, routed)          0.480    27.719    next_h1
    SLICE_X9Y23          LUT3 (Prop_lut3_I1_O)        0.124    27.843 r  h[8]_i_1/O
                         net (fo=2, routed)           0.610    28.453    next_h[8]
    SLICE_X9Y22          FDRE                                         r  h_reg[8]/D
  -------------------------------------------------------------------    -------------------

                         (clock clk rise edge)        6.000     6.000 r  <hidden>
    N15                                               0.000     6.000 r  clk
                         net (fo=0)                   0.000     6.000    clk
    N15                  IBUF (Prop_ibuf_I_O)         0.828     6.828 r  clk_IBUF_inst/O
                         net (fo=1, routed)           1.868     8.696    clk_IBUF
    BUFGCTRL_X0Y0        BUFG (Prop_bufg_I_O)         0.091     8.787 r  clk_IBUF_BUFG_inst/O
                         net (fo=29, routed)          1.436    10.224    clk_IBUF_BUFG
    SLICE_X9Y22          FDRE                                         r  h_reg[8]/C
                         clock pessimism              0.322    10.546    <hidden>
                         clock uncertainty           -0.035    10.510    <hidden>
    SLICE_X9Y22          FDRE (Setup_fdre_C_D)       -0.058    10.452    h_reg[8]
  -------------------------------------------------------------------
                         required time                         10.452    <hidden>
                         arrival time                         -28.454    <hidden>
  -------------------------------------------------------------------
                         slack                                -18.001    <hidden>





Pulse Width Checks
--------------------------------------------------------------------------------------
Clock Name:         clk
Waveform(ns):       { 0.000 3.000 }
Period(ns):         6.000
Sources:            { clk }

Check Type        Corner  Lib Pin  Reference Pin  Required(ns)  Actual(ns)  Slack(ns)  Location       Pin
Min Period        n/a     BUFG/I   n/a            2.155         6.000       3.845      BUFGCTRL_X0Y0  clk_IBUF_BUFG_inst/I
Min Period        n/a     FDSE/C   n/a            1.000         6.000       5.000      SLICE_X11Y20   h_reg[0]/C
Min Period        n/a     FDSE/C   n/a            1.000         6.000       5.000      SLICE_X10Y24   h_reg[0]_lopt_replica/C
Min Period        n/a     FDRE/C   n/a            1.000         6.000       5.000      SLICE_X9Y22    h_reg[10]/C
Min Period        n/a     FDRE/C   n/a            1.000         6.000       5.000      SLICE_X8Y24    h_reg[10]_lopt_replica/C
Min Period        n/a     FDRE/C   n/a            1.000         6.000       5.000      SLICE_X9Y22    h_reg[11]/C
Min Period        n/a     FDRE/C   n/a            1.000         6.000       5.000      SLICE_X9Y22    h_reg[11]_lopt_replica/C
Min Period        n/a     FDRE/C   n/a            1.000         6.000       5.000      SLICE_X11Y25   h_reg[12]/C
Min Period        n/a     FDRE/C   n/a            1.000         6.000       5.000      SLICE_X11Y26   h_reg[12]_lopt_replica/C
Min Period        n/a     FDRE/C   n/a            1.000         6.000       5.000      SLICE_X9Y23    h_reg[13]/C
Low Pulse Width   Slow    FDSE/C   n/a            0.500         3.000       2.500      SLICE_X11Y20   h_reg[0]/C
Low Pulse Width   Fast    FDSE/C   n/a            0.500         3.000       2.500      SLICE_X11Y20   h_reg[0]/C
Low Pulse Width   Slow    FDSE/C   n/a            0.500         3.000       2.500      SLICE_X10Y24   h_reg[0]_lopt_replica/C
Low Pulse Width   Fast    FDSE/C   n/a            0.500         3.000       2.500      SLICE_X10Y24   h_reg[0]_lopt_replica/C
Low Pulse Width   Slow    FDRE/C   n/a            0.500         3.000       2.500      SLICE_X9Y22    h_reg[10]/C
Low Pulse Width   Fast    FDRE/C   n/a            0.500         3.000       2.500      SLICE_X9Y22    h_reg[10]/C
Low Pulse Width   Slow    FDRE/C   n/a            0.500         3.000       2.500      SLICE_X8Y24    h_reg[10]_lopt_replica/C
Low Pulse Width   Fast    FDRE/C   n/a            0.500         3.000       2.500      SLICE_X8Y24    h_reg[10]_lopt_replica/C
Low Pulse Width   Slow    FDRE/C   n/a            0.500         3.000       2.500      SLICE_X9Y22    h_reg[11]/C
Low Pulse Width   Fast    FDRE/C   n/a            0.500         3.000       2.500      SLICE_X9Y22    h_reg[11]/C
High Pulse Width  Slow    FDSE/C   n/a            0.500         3.000       2.500      SLICE_X11Y20   h_reg[0]/C
High Pulse Width  Fast    FDSE/C   n/a            0.500         3.000       2.500      SLICE_X11Y20   h_reg[0]/C
High Pulse Width  Slow    FDSE/C   n/a            0.500         3.000       2.500      SLICE_X10Y24   h_reg[0]_lopt_replica/C
High Pulse Width  Fast    FDSE/C   n/a            0.500         3.000       2.500      SLICE_X10Y24   h_reg[0]_lopt_replica/C
High Pulse Width  Slow    FDRE/C   n/a            0.500         3.000       2.500      SLICE_X9Y22    h_reg[10]/C
High Pulse Width  Fast    FDRE/C   n/a            0.500         3.000       2.500      SLICE_X9Y22    h_reg[10]/C
High Pulse Width  Slow    FDRE/C   n/a            0.500         3.000       2.500      SLICE_X8Y24    h_reg[10]_lopt_replica/C
High Pulse Width  Fast    FDRE/C   n/a            0.500         3.000       2.500      SLICE_X8Y24    h_reg[10]_lopt_replica/C
High Pulse Width  Slow    FDRE/C   n/a            0.500         3.000       2.500      SLICE_X9Y22    h_reg[11]/C
High Pulse Width  Fast    FDRE/C   n/a            0.500         3.000       2.500      SLICE_X9Y22    h_reg[11]/C



