Copyright 1986-2022 Xilinx, Inc. All Rights Reserved. Copyright 2022-2026 Advanced Micro Devices, Inc. All Rights Reserved.
---------------------------------------------------------------------------------------------------------------------------------------------
| Tool Version : Vivado v.2026.1 (win64) Build 6511674 Tue Jun 16 11:02:23 MDT 2026
| Date         : Sun Jun 28 13:25:07 2026
| Host         : Reaper running 64-bit major release  (build 9200)
| Command      : report_timing -setup -max_paths 5 -nworst 5 -file ./core_top_out/worst_path.rpt
| Design       : core_top
| Device       : 7a35t-csg324
| Speed File   : -1  PRODUCTION 1.23 2018-06-13
| Design State : Routed
---------------------------------------------------------------------------------------------------------------------------------------------

Timing Report

Slack (VIOLATED) :        -15.736ns  (required time - arrival time)
  Source:                 u_fold/h_reg[4]/C
                            (rising edge-triggered cell FDRE clocked by clk  {rise@0.000ns fall@4.000ns period=8.000ns})
  Destination:            u_fold/h_reg[11]/D
                            (rising edge-triggered cell FDRE clocked by clk  {rise@0.000ns fall@4.000ns period=8.000ns})
  Path Group:             clk
  Path Type:              Setup (Max at Slow Process Corner)
  Requirement:            8.000ns  (clk rise@8.000ns - clk rise@0.000ns)
  Data Path Delay:        23.706ns  (logic 15.783ns (66.578%)  route 7.923ns (33.422%))
  Logic Levels:           13  (CARRY4=2 DSP48E1=4 LUT3=2 LUT4=2 LUT5=2 LUT6=1)
  Clock Path Skew:        -0.027ns (DCD - SCD + CPR)
    Destination Clock Delay (DCD):    4.267ns = ( 12.267 - 8.000 ) 
    Source Clock Delay      (SCD):    4.629ns
    Clock Pessimism Removal (CPR):    0.334ns
  Clock Uncertainty:      0.035ns  ((TSJ^2 + TIJ^2)^1/2 + DJ) / 2 + PE
    Total System Jitter     (TSJ):    0.071ns
    Total Input Jitter      (TIJ):    0.000ns
    Discrete Jitter          (DJ):    0.000ns
    Phase Error              (PE):    0.000ns

    Location             Delay type                Incr(ns)  Path(ns)    Netlist Resource(s)
  -------------------------------------------------------------------    -------------------
                         (clock clk rise edge)        0.000     0.000 r  <hidden>
    E15                                               0.000     0.000 r  clk
                         net (fo=0)                   0.000     0.000    clk
    E15                  IBUF (Prop_ibuf_I_O)         0.993     0.993 r  clk_IBUF_inst/O
                         net (fo=1, routed)           1.972     2.964    clk_IBUF
    BUFGCTRL_X0Y16       BUFG (Prop_bufg_I_O)         0.096     3.060 r  clk_IBUF_BUFG_inst/O
                         net (fo=192, routed)         1.568     4.629    u_fold/clk_IBUF_BUFG
    SLICE_X10Y11         FDRE                                         r  u_fold/h_reg[4]/C
  -------------------------------------------------------------------    -------------------
    SLICE_X10Y11         FDRE (Prop_fdre_C_Q)         0.478     5.107 r  u_fold/h_reg[4]/Q
                         net (fo=3, routed)           0.398     5.504    u_fold/Q[4]
    DSP48_X0Y5           DSP48E1 (Prop_dsp48e1_A[4]_P[20])
                                                      4.012     9.516 r  u_fold/hB/P[20]
                         net (fo=1, routed)           0.861    10.377    u_fold/hB__0[20]
    DSP48_X0Y4           DSP48E1 (Prop_dsp48e1_A[20]_P[35])
                                                      3.841    14.218 r  u_fold/barrett280_return4/P[35]
                         net (fo=1, routed)           0.722    14.940    u_fold/barrett280_return4_n_70
    DSP48_X0Y7           DSP48E1 (Prop_dsp48e1_A[7]_P[21])
                                                      3.841    18.781 r  u_fold/barrett280_return3__0/P[21]
                         net (fo=1, routed)           0.438    19.219    u_fold/barrett280_return3__0_n_84
    DSP48_X0Y6           DSP48E1 (Prop_dsp48e1_C[21]_P[11])
                                                      1.820    21.039 r  u_fold/barrett280_return2/P[11]
                         net (fo=5, routed)           1.025    22.064    u_fold/barrett280_return2_n_94
    SLICE_X13Y17         LUT4 (Prop_lut4_I1_O)        0.124    22.188 r  u_fold/next_h0_carry_i_32/O
                         net (fo=1, routed)           0.571    22.759    u_fold/next_h0_carry_i_32_n_0
    SLICE_X13Y18         LUT5 (Prop_lut5_I2_O)        0.124    22.883 r  u_fold/next_h0_carry_i_26/O
                         net (fo=1, routed)           0.151    23.034    u_fold/next_h0_carry_i_26_n_0
    SLICE_X13Y18         LUT5 (Prop_lut5_I3_O)        0.124    23.158 r  u_fold/next_h0_carry_i_23/O
                         net (fo=28, routed)          0.978    24.136    u_fold/barrett280_return1__28
    SLICE_X8Y16          LUT3 (Prop_lut3_I1_O)        0.124    24.260 r  u_fold/next_h0_carry_i_18/O
                         net (fo=1, routed)           0.190    24.450    u_fold/barrett280_return0_in[4]
    SLICE_X9Y16          CARRY4 (Prop_carry4_DI[0]_CO[3])
                                                      0.526    24.976 r  u_fold/next_h0_carry_i_2/CO[3]
                         net (fo=1, routed)           0.000    24.976    u_fold/next_h0_carry_i_2_n_0
    SLICE_X9Y17          CARRY4 (Prop_carry4_CI_O[0])
                                                      0.222    25.198 r  u_fold/next_h0_carry__0_i_1/O[0]
                         net (fo=4, routed)           0.756    25.954    u_fold/next_h0_carry__0_i_1_n_7
    SLICE_X11Y15         LUT4 (Prop_lut4_I0_O)        0.299    26.253 r  u_fold/h[13]_i_6/O
                         net (fo=1, routed)           0.811    27.064    u_fold/h[13]_i_6_n_0
    SLICE_X10Y13         LUT6 (Prop_lut6_I1_O)        0.124    27.188 r  u_fold/h[13]_i_4/O
                         net (fo=14, routed)          1.023    28.211    u_fold/next_h1__13
    SLICE_X11Y13         LUT3 (Prop_lut3_I1_O)        0.124    28.335 r  u_fold/h[11]_i_1/O
                         net (fo=1, routed)           0.000    28.335    u_fold/next_h[11]
    SLICE_X11Y13         FDRE                                         r  u_fold/h_reg[11]/D
  -------------------------------------------------------------------    -------------------

                         (clock clk rise edge)        8.000     8.000 r  <hidden>
    E15                                               0.000     8.000 r  clk
                         net (fo=0)                   0.000     8.000    clk
    E15                  IBUF (Prop_ibuf_I_O)         0.859     8.859 r  clk_IBUF_inst/O
                         net (fo=1, routed)           1.868    10.727    clk_IBUF
    BUFGCTRL_X0Y16       BUFG (Prop_bufg_I_O)         0.091    10.818 r  clk_IBUF_BUFG_inst/O
                         net (fo=192, routed)         1.449    12.267    u_fold/clk_IBUF_BUFG
    SLICE_X11Y13         FDRE                                         r  u_fold/h_reg[11]/C
                         clock pessimism              0.334    12.602    <hidden>
                         clock uncertainty           -0.035    12.566    <hidden>
    SLICE_X11Y13         FDRE (Setup_fdre_C_D)        0.032    12.598    u_fold/h_reg[11]
  -------------------------------------------------------------------
                         required time                         12.598    <hidden>
                         arrival time                         -28.335    <hidden>
  -------------------------------------------------------------------
                         slack                                -15.736    <hidden>

Slack (VIOLATED) :        -15.736ns  (required time - arrival time)
  Source:                 u_fold/h_reg[4]/C
                            (rising edge-triggered cell FDRE clocked by clk  {rise@0.000ns fall@4.000ns period=8.000ns})
  Destination:            u_fold/h_reg[11]/D
                            (rising edge-triggered cell FDRE clocked by clk  {rise@0.000ns fall@4.000ns period=8.000ns})
  Path Group:             clk
  Path Type:              Setup (Max at Slow Process Corner)
  Requirement:            8.000ns  (clk rise@8.000ns - clk rise@0.000ns)
  Data Path Delay:        23.706ns  (logic 15.783ns (66.578%)  route 7.923ns (33.422%))
  Logic Levels:           13  (CARRY4=2 DSP48E1=4 LUT3=2 LUT4=2 LUT5=2 LUT6=1)
  Clock Path Skew:        -0.027ns (DCD - SCD + CPR)
    Destination Clock Delay (DCD):    4.267ns = ( 12.267 - 8.000 ) 
    Source Clock Delay      (SCD):    4.629ns
    Clock Pessimism Removal (CPR):    0.334ns
  Clock Uncertainty:      0.035ns  ((TSJ^2 + TIJ^2)^1/2 + DJ) / 2 + PE
    Total System Jitter     (TSJ):    0.071ns
    Total Input Jitter      (TIJ):    0.000ns
    Discrete Jitter          (DJ):    0.000ns
    Phase Error              (PE):    0.000ns

    Location             Delay type                Incr(ns)  Path(ns)    Netlist Resource(s)
  -------------------------------------------------------------------    -------------------
                         (clock clk rise edge)        0.000     0.000 r  <hidden>
    E15                                               0.000     0.000 r  clk
                         net (fo=0)                   0.000     0.000    clk
    E15                  IBUF (Prop_ibuf_I_O)         0.993     0.993 r  clk_IBUF_inst/O
                         net (fo=1, routed)           1.972     2.964    clk_IBUF
    BUFGCTRL_X0Y16       BUFG (Prop_bufg_I_O)         0.096     3.060 r  clk_IBUF_BUFG_inst/O
                         net (fo=192, routed)         1.568     4.629    u_fold/clk_IBUF_BUFG
    SLICE_X10Y11         FDRE                                         r  u_fold/h_reg[4]/C
  -------------------------------------------------------------------    -------------------
    SLICE_X10Y11         FDRE (Prop_fdre_C_Q)         0.478     5.107 r  u_fold/h_reg[4]/Q
                         net (fo=3, routed)           0.398     5.504    u_fold/Q[4]
    DSP48_X0Y5           DSP48E1 (Prop_dsp48e1_A[4]_P[20])
                                                      4.012     9.516 r  u_fold/hB/P[20]
                         net (fo=1, routed)           0.861    10.377    u_fold/hB__0[20]
    DSP48_X0Y4           DSP48E1 (Prop_dsp48e1_A[20]_P[35])
                                                      3.841    14.218 r  u_fold/barrett280_return4/P[35]
                         net (fo=1, routed)           0.722    14.940    u_fold/barrett280_return4_n_70
    DSP48_X0Y7           DSP48E1 (Prop_dsp48e1_A[7]_P[21])
                                                      3.841    18.781 r  u_fold/barrett280_return3__0/P[21]
                         net (fo=1, routed)           0.438    19.219    u_fold/barrett280_return3__0_n_84
    DSP48_X0Y6           DSP48E1 (Prop_dsp48e1_C[21]_P[11])
                                                      1.820    21.039 r  u_fold/barrett280_return2/P[11]
                         net (fo=5, routed)           1.025    22.064    u_fold/barrett280_return2_n_94
    SLICE_X13Y17         LUT4 (Prop_lut4_I1_O)        0.124    22.188 r  u_fold/next_h0_carry_i_32/O
                         net (fo=1, routed)           0.571    22.759    u_fold/next_h0_carry_i_32_n_0
    SLICE_X13Y18         LUT5 (Prop_lut5_I2_O)        0.124    22.883 r  u_fold/next_h0_carry_i_26/O
                         net (fo=1, routed)           0.151    23.034    u_fold/next_h0_carry_i_26_n_0
    SLICE_X13Y18         LUT5 (Prop_lut5_I3_O)        0.124    23.158 r  u_fold/next_h0_carry_i_23/O
                         net (fo=28, routed)          0.978    24.136    u_fold/barrett280_return1__28
    SLICE_X8Y16          LUT3 (Prop_lut3_I1_O)        0.124    24.260 r  u_fold/next_h0_carry_i_18/O
                         net (fo=1, routed)           0.190    24.450    u_fold/barrett280_return0_in[4]
    SLICE_X9Y16          CARRY4 (Prop_carry4_DI[0]_CO[3])
                                                      0.526    24.976 r  u_fold/next_h0_carry_i_2/CO[3]
                         net (fo=1, routed)           0.000    24.976    u_fold/next_h0_carry_i_2_n_0
    SLICE_X9Y17          CARRY4 (Prop_carry4_CI_O[0])
                                                      0.222    25.198 f  u_fold/next_h0_carry__0_i_1/O[0]
                         net (fo=4, routed)           0.756    25.954    u_fold/next_h0_carry__0_i_1_n_7
    SLICE_X11Y15         LUT4 (Prop_lut4_I0_O)        0.299    26.253 f  u_fold/h[13]_i_6/O
                         net (fo=1, routed)           0.811    27.064    u_fold/h[13]_i_6_n_0
    SLICE_X10Y13         LUT6 (Prop_lut6_I1_O)        0.124    27.188 f  u_fold/h[13]_i_4/O
                         net (fo=14, routed)          1.023    28.211    u_fold/next_h1__13
    SLICE_X11Y13         LUT3 (Prop_lut3_I1_O)        0.124    28.335 r  u_fold/h[11]_i_1/O
                         net (fo=1, routed)           0.000    28.335    u_fold/next_h[11]
    SLICE_X11Y13         FDRE                                         r  u_fold/h_reg[11]/D
  -------------------------------------------------------------------    -------------------

                         (clock clk rise edge)        8.000     8.000 r  <hidden>
    E15                                               0.000     8.000 r  clk
                         net (fo=0)                   0.000     8.000    clk
    E15                  IBUF (Prop_ibuf_I_O)         0.859     8.859 r  clk_IBUF_inst/O
                         net (fo=1, routed)           1.868    10.727    clk_IBUF
    BUFGCTRL_X0Y16       BUFG (Prop_bufg_I_O)         0.091    10.818 r  clk_IBUF_BUFG_inst/O
                         net (fo=192, routed)         1.449    12.267    u_fold/clk_IBUF_BUFG
    SLICE_X11Y13         FDRE                                         r  u_fold/h_reg[11]/C
                         clock pessimism              0.334    12.602    <hidden>
                         clock uncertainty           -0.035    12.566    <hidden>
    SLICE_X11Y13         FDRE (Setup_fdre_C_D)        0.032    12.598    u_fold/h_reg[11]
  -------------------------------------------------------------------
                         required time                         12.598    <hidden>
                         arrival time                         -28.335    <hidden>
  -------------------------------------------------------------------
                         slack                                -15.736    <hidden>

Slack (VIOLATED) :        -15.736ns  (required time - arrival time)
  Source:                 u_fold/h_reg[4]/C
                            (rising edge-triggered cell FDRE clocked by clk  {rise@0.000ns fall@4.000ns period=8.000ns})
  Destination:            u_fold/h_reg[11]/D
                            (rising edge-triggered cell FDRE clocked by clk  {rise@0.000ns fall@4.000ns period=8.000ns})
  Path Group:             clk
  Path Type:              Setup (Max at Slow Process Corner)
  Requirement:            8.000ns  (clk rise@8.000ns - clk rise@0.000ns)
  Data Path Delay:        23.706ns  (logic 15.783ns (66.578%)  route 7.923ns (33.422%))
  Logic Levels:           13  (CARRY4=2 DSP48E1=4 LUT3=2 LUT4=2 LUT5=2 LUT6=1)
  Clock Path Skew:        -0.027ns (DCD - SCD + CPR)
    Destination Clock Delay (DCD):    4.267ns = ( 12.267 - 8.000 ) 
    Source Clock Delay      (SCD):    4.629ns
    Clock Pessimism Removal (CPR):    0.334ns
  Clock Uncertainty:      0.035ns  ((TSJ^2 + TIJ^2)^1/2 + DJ) / 2 + PE
    Total System Jitter     (TSJ):    0.071ns
    Total Input Jitter      (TIJ):    0.000ns
    Discrete Jitter          (DJ):    0.000ns
    Phase Error              (PE):    0.000ns

    Location             Delay type                Incr(ns)  Path(ns)    Netlist Resource(s)
  -------------------------------------------------------------------    -------------------
                         (clock clk rise edge)        0.000     0.000 r  <hidden>
    E15                                               0.000     0.000 r  clk
                         net (fo=0)                   0.000     0.000    clk
    E15                  IBUF (Prop_ibuf_I_O)         0.993     0.993 r  clk_IBUF_inst/O
                         net (fo=1, routed)           1.972     2.964    clk_IBUF
    BUFGCTRL_X0Y16       BUFG (Prop_bufg_I_O)         0.096     3.060 r  clk_IBUF_BUFG_inst/O
                         net (fo=192, routed)         1.568     4.629    u_fold/clk_IBUF_BUFG
    SLICE_X10Y11         FDRE                                         r  u_fold/h_reg[4]/C
  -------------------------------------------------------------------    -------------------
    SLICE_X10Y11         FDRE (Prop_fdre_C_Q)         0.478     5.107 r  u_fold/h_reg[4]/Q
                         net (fo=3, routed)           0.398     5.504    u_fold/Q[4]
    DSP48_X0Y5           DSP48E1 (Prop_dsp48e1_A[4]_P[20])
                                                      4.012     9.516 r  u_fold/hB/P[20]
                         net (fo=1, routed)           0.861    10.377    u_fold/hB__0[20]
    DSP48_X0Y4           DSP48E1 (Prop_dsp48e1_A[20]_P[35])
                                                      3.841    14.218 f  u_fold/barrett280_return4/P[35]
                         net (fo=1, routed)           0.722    14.940    u_fold/barrett280_return4_n_70
    DSP48_X0Y7           DSP48E1 (Prop_dsp48e1_A[7]_P[21])
                                                      3.841    18.781 r  u_fold/barrett280_return3__0/P[21]
                         net (fo=1, routed)           0.438    19.219    u_fold/barrett280_return3__0_n_84
    DSP48_X0Y6           DSP48E1 (Prop_dsp48e1_C[21]_P[11])
                                                      1.820    21.039 r  u_fold/barrett280_return2/P[11]
                         net (fo=5, routed)           1.025    22.064    u_fold/barrett280_return2_n_94
    SLICE_X13Y17         LUT4 (Prop_lut4_I1_O)        0.124    22.188 r  u_fold/next_h0_carry_i_32/O
                         net (fo=1, routed)           0.571    22.759    u_fold/next_h0_carry_i_32_n_0
    SLICE_X13Y18         LUT5 (Prop_lut5_I2_O)        0.124    22.883 r  u_fold/next_h0_carry_i_26/O
                         net (fo=1, routed)           0.151    23.034    u_fold/next_h0_carry_i_26_n_0
    SLICE_X13Y18         LUT5 (Prop_lut5_I3_O)        0.124    23.158 r  u_fold/next_h0_carry_i_23/O
                         net (fo=28, routed)          0.978    24.136    u_fold/barrett280_return1__28
    SLICE_X8Y16          LUT3 (Prop_lut3_I1_O)        0.124    24.260 r  u_fold/next_h0_carry_i_18/O
                         net (fo=1, routed)           0.190    24.450    u_fold/barrett280_return0_in[4]
    SLICE_X9Y16          CARRY4 (Prop_carry4_DI[0]_CO[3])
                                                      0.526    24.976 r  u_fold/next_h0_carry_i_2/CO[3]
                         net (fo=1, routed)           0.000    24.976    u_fold/next_h0_carry_i_2_n_0
    SLICE_X9Y17          CARRY4 (Prop_carry4_CI_O[0])
                                                      0.222    25.198 r  u_fold/next_h0_carry__0_i_1/O[0]
                         net (fo=4, routed)           0.756    25.954    u_fold/next_h0_carry__0_i_1_n_7
    SLICE_X11Y15         LUT4 (Prop_lut4_I0_O)        0.299    26.253 r  u_fold/h[13]_i_6/O
                         net (fo=1, routed)           0.811    27.064    u_fold/h[13]_i_6_n_0
    SLICE_X10Y13         LUT6 (Prop_lut6_I1_O)        0.124    27.188 r  u_fold/h[13]_i_4/O
                         net (fo=14, routed)          1.023    28.211    u_fold/next_h1__13
    SLICE_X11Y13         LUT3 (Prop_lut3_I1_O)        0.124    28.335 r  u_fold/h[11]_i_1/O
                         net (fo=1, routed)           0.000    28.335    u_fold/next_h[11]
    SLICE_X11Y13         FDRE                                         r  u_fold/h_reg[11]/D
  -------------------------------------------------------------------    -------------------

                         (clock clk rise edge)        8.000     8.000 r  <hidden>
    E15                                               0.000     8.000 r  clk
                         net (fo=0)                   0.000     8.000    clk
    E15                  IBUF (Prop_ibuf_I_O)         0.859     8.859 r  clk_IBUF_inst/O
                         net (fo=1, routed)           1.868    10.727    clk_IBUF
    BUFGCTRL_X0Y16       BUFG (Prop_bufg_I_O)         0.091    10.818 r  clk_IBUF_BUFG_inst/O
                         net (fo=192, routed)         1.449    12.267    u_fold/clk_IBUF_BUFG
    SLICE_X11Y13         FDRE                                         r  u_fold/h_reg[11]/C
                         clock pessimism              0.334    12.602    <hidden>
                         clock uncertainty           -0.035    12.566    <hidden>
    SLICE_X11Y13         FDRE (Setup_fdre_C_D)        0.032    12.598    u_fold/h_reg[11]
  -------------------------------------------------------------------
                         required time                         12.598    <hidden>
                         arrival time                         -28.335    <hidden>
  -------------------------------------------------------------------
                         slack                                -15.736    <hidden>

Slack (VIOLATED) :        -15.736ns  (required time - arrival time)
  Source:                 u_fold/h_reg[4]/C
                            (rising edge-triggered cell FDRE clocked by clk  {rise@0.000ns fall@4.000ns period=8.000ns})
  Destination:            u_fold/h_reg[11]/D
                            (rising edge-triggered cell FDRE clocked by clk  {rise@0.000ns fall@4.000ns period=8.000ns})
  Path Group:             clk
  Path Type:              Setup (Max at Slow Process Corner)
  Requirement:            8.000ns  (clk rise@8.000ns - clk rise@0.000ns)
  Data Path Delay:        23.706ns  (logic 15.783ns (66.578%)  route 7.923ns (33.422%))
  Logic Levels:           13  (CARRY4=2 DSP48E1=4 LUT3=2 LUT4=2 LUT5=2 LUT6=1)
  Clock Path Skew:        -0.027ns (DCD - SCD + CPR)
    Destination Clock Delay (DCD):    4.267ns = ( 12.267 - 8.000 ) 
    Source Clock Delay      (SCD):    4.629ns
    Clock Pessimism Removal (CPR):    0.334ns
  Clock Uncertainty:      0.035ns  ((TSJ^2 + TIJ^2)^1/2 + DJ) / 2 + PE
    Total System Jitter     (TSJ):    0.071ns
    Total Input Jitter      (TIJ):    0.000ns
    Discrete Jitter          (DJ):    0.000ns
    Phase Error              (PE):    0.000ns

    Location             Delay type                Incr(ns)  Path(ns)    Netlist Resource(s)
  -------------------------------------------------------------------    -------------------
                         (clock clk rise edge)        0.000     0.000 r  <hidden>
    E15                                               0.000     0.000 r  clk
                         net (fo=0)                   0.000     0.000    clk
    E15                  IBUF (Prop_ibuf_I_O)         0.993     0.993 r  clk_IBUF_inst/O
                         net (fo=1, routed)           1.972     2.964    clk_IBUF
    BUFGCTRL_X0Y16       BUFG (Prop_bufg_I_O)         0.096     3.060 r  clk_IBUF_BUFG_inst/O
                         net (fo=192, routed)         1.568     4.629    u_fold/clk_IBUF_BUFG
    SLICE_X10Y11         FDRE                                         r  u_fold/h_reg[4]/C
  -------------------------------------------------------------------    -------------------
    SLICE_X10Y11         FDRE (Prop_fdre_C_Q)         0.478     5.107 r  u_fold/h_reg[4]/Q
                         net (fo=3, routed)           0.398     5.504    u_fold/Q[4]
    DSP48_X0Y5           DSP48E1 (Prop_dsp48e1_A[4]_P[20])
                                                      4.012     9.516 r  u_fold/hB/P[20]
                         net (fo=1, routed)           0.861    10.377    u_fold/hB__0[20]
    DSP48_X0Y4           DSP48E1 (Prop_dsp48e1_A[20]_P[35])
                                                      3.841    14.218 f  u_fold/barrett280_return4/P[35]
                         net (fo=1, routed)           0.722    14.940    u_fold/barrett280_return4_n_70
    DSP48_X0Y7           DSP48E1 (Prop_dsp48e1_A[7]_P[21])
                                                      3.841    18.781 r  u_fold/barrett280_return3__0/P[21]
                         net (fo=1, routed)           0.438    19.219    u_fold/barrett280_return3__0_n_84
    DSP48_X0Y6           DSP48E1 (Prop_dsp48e1_C[21]_P[11])
                                                      1.820    21.039 r  u_fold/barrett280_return2/P[11]
                         net (fo=5, routed)           1.025    22.064    u_fold/barrett280_return2_n_94
    SLICE_X13Y17         LUT4 (Prop_lut4_I1_O)        0.124    22.188 r  u_fold/next_h0_carry_i_32/O
                         net (fo=1, routed)           0.571    22.759    u_fold/next_h0_carry_i_32_n_0
    SLICE_X13Y18         LUT5 (Prop_lut5_I2_O)        0.124    22.883 r  u_fold/next_h0_carry_i_26/O
                         net (fo=1, routed)           0.151    23.034    u_fold/next_h0_carry_i_26_n_0
    SLICE_X13Y18         LUT5 (Prop_lut5_I3_O)        0.124    23.158 r  u_fold/next_h0_carry_i_23/O
                         net (fo=28, routed)          0.978    24.136    u_fold/barrett280_return1__28
    SLICE_X8Y16          LUT3 (Prop_lut3_I1_O)        0.124    24.260 r  u_fold/next_h0_carry_i_18/O
                         net (fo=1, routed)           0.190    24.450    u_fold/barrett280_return0_in[4]
    SLICE_X9Y16          CARRY4 (Prop_carry4_DI[0]_CO[3])
                                                      0.526    24.976 r  u_fold/next_h0_carry_i_2/CO[3]
                         net (fo=1, routed)           0.000    24.976    u_fold/next_h0_carry_i_2_n_0
    SLICE_X9Y17          CARRY4 (Prop_carry4_CI_O[0])
                                                      0.222    25.198 f  u_fold/next_h0_carry__0_i_1/O[0]
                         net (fo=4, routed)           0.756    25.954    u_fold/next_h0_carry__0_i_1_n_7
    SLICE_X11Y15         LUT4 (Prop_lut4_I0_O)        0.299    26.253 f  u_fold/h[13]_i_6/O
                         net (fo=1, routed)           0.811    27.064    u_fold/h[13]_i_6_n_0
    SLICE_X10Y13         LUT6 (Prop_lut6_I1_O)        0.124    27.188 f  u_fold/h[13]_i_4/O
                         net (fo=14, routed)          1.023    28.211    u_fold/next_h1__13
    SLICE_X11Y13         LUT3 (Prop_lut3_I1_O)        0.124    28.335 r  u_fold/h[11]_i_1/O
                         net (fo=1, routed)           0.000    28.335    u_fold/next_h[11]
    SLICE_X11Y13         FDRE                                         r  u_fold/h_reg[11]/D
  -------------------------------------------------------------------    -------------------

                         (clock clk rise edge)        8.000     8.000 r  <hidden>
    E15                                               0.000     8.000 r  clk
                         net (fo=0)                   0.000     8.000    clk
    E15                  IBUF (Prop_ibuf_I_O)         0.859     8.859 r  clk_IBUF_inst/O
                         net (fo=1, routed)           1.868    10.727    clk_IBUF
    BUFGCTRL_X0Y16       BUFG (Prop_bufg_I_O)         0.091    10.818 r  clk_IBUF_BUFG_inst/O
                         net (fo=192, routed)         1.449    12.267    u_fold/clk_IBUF_BUFG
    SLICE_X11Y13         FDRE                                         r  u_fold/h_reg[11]/C
                         clock pessimism              0.334    12.602    <hidden>
                         clock uncertainty           -0.035    12.566    <hidden>
    SLICE_X11Y13         FDRE (Setup_fdre_C_D)        0.032    12.598    u_fold/h_reg[11]
  -------------------------------------------------------------------
                         required time                         12.598    <hidden>
                         arrival time                         -28.335    <hidden>
  -------------------------------------------------------------------
                         slack                                -15.736    <hidden>

Slack (VIOLATED) :        -15.736ns  (required time - arrival time)
  Source:                 u_fold/h_reg[4]/C
                            (rising edge-triggered cell FDRE clocked by clk  {rise@0.000ns fall@4.000ns period=8.000ns})
  Destination:            u_fold/h_reg[11]/D
                            (rising edge-triggered cell FDRE clocked by clk  {rise@0.000ns fall@4.000ns period=8.000ns})
  Path Group:             clk
  Path Type:              Setup (Max at Slow Process Corner)
  Requirement:            8.000ns  (clk rise@8.000ns - clk rise@0.000ns)
  Data Path Delay:        23.706ns  (logic 15.783ns (66.578%)  route 7.923ns (33.422%))
  Logic Levels:           13  (CARRY4=2 DSP48E1=4 LUT3=2 LUT4=2 LUT5=2 LUT6=1)
  Clock Path Skew:        -0.027ns (DCD - SCD + CPR)
    Destination Clock Delay (DCD):    4.267ns = ( 12.267 - 8.000 ) 
    Source Clock Delay      (SCD):    4.629ns
    Clock Pessimism Removal (CPR):    0.334ns
  Clock Uncertainty:      0.035ns  ((TSJ^2 + TIJ^2)^1/2 + DJ) / 2 + PE
    Total System Jitter     (TSJ):    0.071ns
    Total Input Jitter      (TIJ):    0.000ns
    Discrete Jitter          (DJ):    0.000ns
    Phase Error              (PE):    0.000ns

    Location             Delay type                Incr(ns)  Path(ns)    Netlist Resource(s)
  -------------------------------------------------------------------    -------------------
                         (clock clk rise edge)        0.000     0.000 r  <hidden>
    E15                                               0.000     0.000 r  clk
                         net (fo=0)                   0.000     0.000    clk
    E15                  IBUF (Prop_ibuf_I_O)         0.993     0.993 r  clk_IBUF_inst/O
                         net (fo=1, routed)           1.972     2.964    clk_IBUF
    BUFGCTRL_X0Y16       BUFG (Prop_bufg_I_O)         0.096     3.060 r  clk_IBUF_BUFG_inst/O
                         net (fo=192, routed)         1.568     4.629    u_fold/clk_IBUF_BUFG
    SLICE_X10Y11         FDRE                                         r  u_fold/h_reg[4]/C
  -------------------------------------------------------------------    -------------------
    SLICE_X10Y11         FDRE (Prop_fdre_C_Q)         0.478     5.107 r  u_fold/h_reg[4]/Q
                         net (fo=3, routed)           0.398     5.504    u_fold/Q[4]
    DSP48_X0Y5           DSP48E1 (Prop_dsp48e1_A[4]_P[20])
                                                      4.012     9.516 r  u_fold/hB/P[20]
                         net (fo=1, routed)           0.861    10.377    u_fold/hB__0[20]
    DSP48_X0Y4           DSP48E1 (Prop_dsp48e1_A[20]_P[34])
                                                      3.841    14.218 r  u_fold/barrett280_return4/P[34]
                         net (fo=1, routed)           0.722    14.940    u_fold/barrett280_return4_n_71
    DSP48_X0Y7           DSP48E1 (Prop_dsp48e1_A[6]_P[21])
                                                      3.841    18.781 r  u_fold/barrett280_return3__0/P[21]
                         net (fo=1, routed)           0.438    19.219    u_fold/barrett280_return3__0_n_84
    DSP48_X0Y6           DSP48E1 (Prop_dsp48e1_C[21]_P[11])
                                                      1.820    21.039 r  u_fold/barrett280_return2/P[11]
                         net (fo=5, routed)           1.025    22.064    u_fold/barrett280_return2_n_94
    SLICE_X13Y17         LUT4 (Prop_lut4_I1_O)        0.124    22.188 r  u_fold/next_h0_carry_i_32/O
                         net (fo=1, routed)           0.571    22.759    u_fold/next_h0_carry_i_32_n_0
    SLICE_X13Y18         LUT5 (Prop_lut5_I2_O)        0.124    22.883 r  u_fold/next_h0_carry_i_26/O
                         net (fo=1, routed)           0.151    23.034    u_fold/next_h0_carry_i_26_n_0
    SLICE_X13Y18         LUT5 (Prop_lut5_I3_O)        0.124    23.158 r  u_fold/next_h0_carry_i_23/O
                         net (fo=28, routed)          0.978    24.136    u_fold/barrett280_return1__28
    SLICE_X8Y16          LUT3 (Prop_lut3_I1_O)        0.124    24.260 r  u_fold/next_h0_carry_i_18/O
                         net (fo=1, routed)           0.190    24.450    u_fold/barrett280_return0_in[4]
    SLICE_X9Y16          CARRY4 (Prop_carry4_DI[0]_CO[3])
                                                      0.526    24.976 r  u_fold/next_h0_carry_i_2/CO[3]
                         net (fo=1, routed)           0.000    24.976    u_fold/next_h0_carry_i_2_n_0
    SLICE_X9Y17          CARRY4 (Prop_carry4_CI_O[0])
                                                      0.222    25.198 f  u_fold/next_h0_carry__0_i_1/O[0]
                         net (fo=4, routed)           0.756    25.954    u_fold/next_h0_carry__0_i_1_n_7
    SLICE_X11Y15         LUT4 (Prop_lut4_I0_O)        0.299    26.253 f  u_fold/h[13]_i_6/O
                         net (fo=1, routed)           0.811    27.064    u_fold/h[13]_i_6_n_0
    SLICE_X10Y13         LUT6 (Prop_lut6_I1_O)        0.124    27.188 f  u_fold/h[13]_i_4/O
                         net (fo=14, routed)          1.023    28.211    u_fold/next_h1__13
    SLICE_X11Y13         LUT3 (Prop_lut3_I1_O)        0.124    28.335 r  u_fold/h[11]_i_1/O
                         net (fo=1, routed)           0.000    28.335    u_fold/next_h[11]
    SLICE_X11Y13         FDRE                                         r  u_fold/h_reg[11]/D
  -------------------------------------------------------------------    -------------------

                         (clock clk rise edge)        8.000     8.000 r  <hidden>
    E15                                               0.000     8.000 r  clk
                         net (fo=0)                   0.000     8.000    clk
    E15                  IBUF (Prop_ibuf_I_O)         0.859     8.859 r  clk_IBUF_inst/O
                         net (fo=1, routed)           1.868    10.727    clk_IBUF
    BUFGCTRL_X0Y16       BUFG (Prop_bufg_I_O)         0.091    10.818 r  clk_IBUF_BUFG_inst/O
                         net (fo=192, routed)         1.449    12.267    u_fold/clk_IBUF_BUFG
    SLICE_X11Y13         FDRE                                         r  u_fold/h_reg[11]/C
                         clock pessimism              0.334    12.602    <hidden>
                         clock uncertainty           -0.035    12.566    <hidden>
    SLICE_X11Y13         FDRE (Setup_fdre_C_D)        0.032    12.598    u_fold/h_reg[11]
  -------------------------------------------------------------------
                         required time                         12.598    <hidden>
                         arrival time                         -28.335    <hidden>
  -------------------------------------------------------------------
                         slack                                -15.736    <hidden>




