Copyright 1986-2022 Xilinx, Inc. All Rights Reserved. Copyright 2022-2026 Advanced Micro Devices, Inc. All Rights Reserved.
---------------------------------------------------------------------------------------------------------------------------------------------
| Tool Version : Vivado v.2026.1 (win64) Build 6511674 Tue Jun 16 11:02:23 MDT 2026
| Date         : Sun Jun 28 01:05:07 2026
| Host         : Reaper running 64-bit major release  (build 9200)
| Command      : report_timing_summary -delay_type max -max_paths 10 -file ./rns_add_out/timing_summary.rpt
| Design       : rns_add
| Device       : 7a35t-csg324
| Speed File   : -1  PRODUCTION 1.23 2018-06-13
| Design State : Routed
---------------------------------------------------------------------------------------------------------------------------------------------

Timing Summary Report

------------------------------------------------------------------------------------------------
| Timer Settings
| --------------
------------------------------------------------------------------------------------------------

  Enable Multi Corner Analysis               :  Yes
  Enable Pessimism Removal                   :  Yes
  Pessimism Removal Resolution               :  Nearest Common Node
  Enable Input Delay Default Clock           :  No
  Enable Preset / Clear Arcs                 :  No
  Disable Flight Delays                      :  No
  Ignore I/O Paths                           :  No
  Timing Early Launch at Borrowing Latches   :  No
  Borrow Time for Max Delay Exceptions       :  Yes
  Merge Timing Exceptions                    :  Yes
  Inter-SLR Compensation                     :  Conservative

  Corner  Analyze    Analyze    
  Name    Max Paths  Min Paths  
  ------  ---------  ---------  
  Slow    Yes        Yes        
  Fast    Yes        Yes        


------------------------------------------------------------------------------------------------
| Report Methodology
| ------------------
------------------------------------------------------------------------------------------------

No report available as report_methodology has not been run prior. Run report_methodology on the current design for the summary of methodology violations.



check_timing report

Table of Contents
-----------------
1. checking no_clock (0)
2. checking constant_clock (0)
3. checking pulse_width_clock (0)
4. checking unconstrained_internal_endpoints (0)
5. checking no_input_delay (0)
6. checking no_output_delay (0)
7. checking multiple_clock (0)
8. checking generated_clocks (0)
9. checking loops (0)
10. checking partial_input_delay (0)
11. checking partial_output_delay (0)
12. checking latch_loops (0)

1. checking no_clock (0)
------------------------
 There are 0 register/latch pins with no clock.


2. checking constant_clock (0)
------------------------------
 There are 0 register/latch pins with constant_clock.


3. checking pulse_width_clock (0)
---------------------------------
 There are 0 register/latch pins which need pulse_width check


4. checking unconstrained_internal_endpoints (0)
------------------------------------------------
 There are 0 pins that are not constrained for maximum delay.

 There are 0 pins that are not constrained for maximum delay due to constant clock.


5. checking no_input_delay (0)
------------------------------
 There are 0 input ports with no input delay specified.

 There are 0 input ports with no input delay but user has a false path constraint.


6. checking no_output_delay (0)
-------------------------------
 There are 0 ports with no output delay specified.

 There are 0 ports with no output delay but user has a false path constraint

 There are 0 ports with no output delay but with a timing clock defined on it or propagating through it


7. checking multiple_clock (0)
------------------------------
 There are 0 register/latch pins with multiple clocks.


8. checking generated_clocks (0)
--------------------------------
 There are 0 generated clocks that are not connected to a clock source.


9. checking loops (0)
---------------------
 There are 0 combinational loops in the design.


10. checking partial_input_delay (0)
------------------------------------
 There are 0 input ports with partial input delay specified.


11. checking partial_output_delay (0)
-------------------------------------
 There are 0 ports with partial output delay specified.


12. checking latch_loops (0)
----------------------------
 There are 0 combinational latch loops in the design through latch input



------------------------------------------------------------------------------------------------
| Design Timing Summary
| ---------------------
------------------------------------------------------------------------------------------------

    WNS(ns)      TNS(ns)  TNS Failing Endpoints  TNS Total Endpoints     WPWS(ns)     TPWS(ns)  TPWS Failing Endpoints  TPWS Total Endpoints  
    -------      -------  ---------------------  -------------------     --------     --------  ----------------------  --------------------  
     -5.480      -83.631                     27                   48        1.500        0.000                       0                    32  


Timing constraints are not met.


------------------------------------------------------------------------------------------------
| Clock Summary
| -------------
------------------------------------------------------------------------------------------------

Clock  Waveform(ns)         Period(ns)      Frequency(MHz)
-----  ------------         ----------      --------------
clk    {0.000 2.000}        4.000           250.000         


------------------------------------------------------------------------------------------------
| Intra Clock Table
| -----------------
------------------------------------------------------------------------------------------------

Clock             WNS(ns)      TNS(ns)  TNS Failing Endpoints  TNS Total Endpoints     WPWS(ns)     TPWS(ns)  TPWS Failing Endpoints  TPWS Total Endpoints  
-----             -------      -------  ---------------------  -------------------     --------     --------  ----------------------  --------------------  
clk                -5.480      -83.631                     27                   48        1.500        0.000                       0                    32  


------------------------------------------------------------------------------------------------
| Inter Clock Table
| -----------------
------------------------------------------------------------------------------------------------

From Clock    To Clock          WNS(ns)      TNS(ns)  TNS Failing Endpoints  TNS Total Endpoints  
----------    --------          -------      -------  ---------------------  -------------------  


------------------------------------------------------------------------------------------------
| Other Path Groups Table
| -----------------------
------------------------------------------------------------------------------------------------

Path Group    From Clock    To Clock          WNS(ns)      TNS(ns)  TNS Failing Endpoints  TNS Total Endpoints  
----------    ----------    --------          -------      -------  ---------------------  -------------------  


------------------------------------------------------------------------------------------------
| Timing Details
| --------------
------------------------------------------------------------------------------------------------


---------------------------------------------------------------------------------------------------
From Clock:  clk
  To Clock:  clk

Setup :           27  Failing Endpoints,  Worst Slack       -5.480ns,  Total Violation      -83.631ns
Hold  :           NA  Failing Endpoints,  Worst Slack           NA  ,  Total Violation           NA
PW    :            0  Failing Endpoints,  Worst Slack        1.500ns,  Total Violation        0.000ns
---------------------------------------------------------------------------------------------------


Max Delay Paths
--------------------------------------------------------------------------------------
Slack (VIOLATED) :        -5.480ns  (required time - arrival time)
  Source:                 out_reg[10]/C
                            (rising edge-triggered cell FDRE clocked by clk  {rise@0.000ns fall@2.000ns period=4.000ns})
  Destination:            out[10]
                            (output port clocked by clk  {rise@0.000ns fall@2.000ns period=4.000ns})
  Path Group:             clk
  Path Type:              Max at Slow Process Corner
  Requirement:            4.000ns  (clk rise@4.000ns - clk rise@0.000ns)
  Data Path Delay:        4.779ns  (logic 3.083ns (64.506%)  route 1.696ns (35.494%))
  Logic Levels:           1  (OBUF=1)
  Output Delay:           0.000ns
  Clock Path Skew:        -4.666ns (DCD - SCD + CPR)
    Destination Clock Delay (DCD):    0.000ns = ( 4.000 - 4.000 ) 
    Source Clock Delay      (SCD):    4.666ns
    Clock Pessimism Removal (CPR):    0.000ns
  Clock Uncertainty:      0.035ns  ((TSJ^2 + TIJ^2)^1/2 + DJ) / 2 + PE
    Total System Jitter     (TSJ):    0.071ns
    Total Input Jitter      (TIJ):    0.000ns
    Discrete Jitter          (DJ):    0.000ns
    Phase Error              (PE):    0.000ns

    Location             Delay type                Incr(ns)  Path(ns)    Netlist Resource(s)
  -------------------------------------------------------------------    -------------------
                         (clock clk rise edge)        0.000     0.000 r  <hidden>
    N15                                               0.000     0.000 r  clk
                         net (fo=0)                   0.000     0.000    clk
    N15                  IBUF (Prop_ibuf_I_O)         0.962     0.962 r  clk_IBUF_inst/O
                         net (fo=1, routed)           1.972     2.933    clk_IBUF
    BUFGCTRL_X0Y0        BUFG (Prop_bufg_I_O)         0.096     3.029 r  clk_IBUF_BUFG_inst/O
                         net (fo=31, routed)          1.636     4.666    clk_IBUF_BUFG
    SLICE_X1Y40          FDRE                                         r  out_reg[10]/C
  -------------------------------------------------------------------    -------------------
    SLICE_X1Y40          FDRE (Prop_fdre_C_Q)         0.456     5.122 r  out_reg[10]/Q
                         net (fo=1, routed)           1.696     6.818    out_OBUF[10]
    M18                  OBUF (Prop_obuf_I_O)         2.627     9.445 r  out_OBUF[10]_inst/O
                         net (fo=0)                   0.000     9.445    out[10]
    M18                                                               r  out[10]
  -------------------------------------------------------------------    -------------------

                         (clock clk rise edge)        4.000     4.000 r  <hidden>
                         clock pessimism              0.000     4.000    <hidden>
                         clock uncertainty           -0.035     3.965    <hidden>
                         output delay                -0.000     3.965    <hidden>
  -------------------------------------------------------------------
                         required time                          3.965    <hidden>
                         arrival time                          -9.445    <hidden>
  -------------------------------------------------------------------
                         slack                                 -5.480    <hidden>

Slack (VIOLATED) :        -5.462ns  (required time - arrival time)
  Source:                 out_reg[4]/C
                            (rising edge-triggered cell FDRE clocked by clk  {rise@0.000ns fall@2.000ns period=4.000ns})
  Destination:            out[4]
                            (output port clocked by clk  {rise@0.000ns fall@2.000ns period=4.000ns})
  Path Group:             clk
  Path Type:              Max at Slow Process Corner
  Requirement:            4.000ns  (clk rise@4.000ns - clk rise@0.000ns)
  Data Path Delay:        4.764ns  (logic 3.231ns (67.821%)  route 1.533ns (32.179%))
  Logic Levels:           1  (OBUF=1)
  Output Delay:           0.000ns
  Clock Path Skew:        -4.663ns (DCD - SCD + CPR)
    Destination Clock Delay (DCD):    0.000ns = ( 4.000 - 4.000 ) 
    Source Clock Delay      (SCD):    4.663ns
    Clock Pessimism Removal (CPR):    0.000ns
  Clock Uncertainty:      0.035ns  ((TSJ^2 + TIJ^2)^1/2 + DJ) / 2 + PE
    Total System Jitter     (TSJ):    0.071ns
    Total Input Jitter      (TIJ):    0.000ns
    Discrete Jitter          (DJ):    0.000ns
    Phase Error              (PE):    0.000ns

    Location             Delay type                Incr(ns)  Path(ns)    Netlist Resource(s)
  -------------------------------------------------------------------    -------------------
                         (clock clk rise edge)        0.000     0.000 r  <hidden>
    N15                                               0.000     0.000 r  clk
                         net (fo=0)                   0.000     0.000    clk
    N15                  IBUF (Prop_ibuf_I_O)         0.962     0.962 r  clk_IBUF_inst/O
                         net (fo=1, routed)           1.972     2.933    clk_IBUF
    BUFGCTRL_X0Y0        BUFG (Prop_bufg_I_O)         0.096     3.029 r  clk_IBUF_BUFG_inst/O
                         net (fo=31, routed)          1.633     4.663    clk_IBUF_BUFG
    SLICE_X0Y35          FDRE                                         r  out_reg[4]/C
  -------------------------------------------------------------------    -------------------
    SLICE_X0Y35          FDRE (Prop_fdre_C_Q)         0.419     5.082 r  out_reg[4]/Q
                         net (fo=1, routed)           1.533     6.615    out_OBUF[4]
    T18                  OBUF (Prop_obuf_I_O)         2.812     9.427 r  out_OBUF[4]_inst/O
                         net (fo=0)                   0.000     9.427    out[4]
    T18                                                               r  out[4]
  -------------------------------------------------------------------    -------------------

                         (clock clk rise edge)        4.000     4.000 r  <hidden>
                         clock pessimism              0.000     4.000    <hidden>
                         clock uncertainty           -0.035     3.965    <hidden>
                         output delay                -0.000     3.965    <hidden>
  -------------------------------------------------------------------
                         required time                          3.965    <hidden>
                         arrival time                          -9.427    <hidden>
  -------------------------------------------------------------------
                         slack                                 -5.462    <hidden>

Slack (VIOLATED) :        -5.460ns  (required time - arrival time)
  Source:                 out_reg[12]/C
                            (rising edge-triggered cell FDRE clocked by clk  {rise@0.000ns fall@2.000ns period=4.000ns})
  Destination:            out[12]
                            (output port clocked by clk  {rise@0.000ns fall@2.000ns period=4.000ns})
  Path Group:             clk
  Path Type:              Max at Slow Process Corner
  Requirement:            4.000ns  (clk rise@4.000ns - clk rise@0.000ns)
  Data Path Delay:        4.757ns  (logic 3.224ns (67.775%)  route 1.533ns (32.225%))
  Logic Levels:           1  (OBUF=1)
  Output Delay:           0.000ns
  Clock Path Skew:        -4.668ns (DCD - SCD + CPR)
    Destination Clock Delay (DCD):    0.000ns = ( 4.000 - 4.000 ) 
    Source Clock Delay      (SCD):    4.668ns
    Clock Pessimism Removal (CPR):    0.000ns
  Clock Uncertainty:      0.035ns  ((TSJ^2 + TIJ^2)^1/2 + DJ) / 2 + PE
    Total System Jitter     (TSJ):    0.071ns
    Total Input Jitter      (TIJ):    0.000ns
    Discrete Jitter          (DJ):    0.000ns
    Phase Error              (PE):    0.000ns

    Location             Delay type                Incr(ns)  Path(ns)    Netlist Resource(s)
  -------------------------------------------------------------------    -------------------
                         (clock clk rise edge)        0.000     0.000 r  <hidden>
    N15                                               0.000     0.000 r  clk
                         net (fo=0)                   0.000     0.000    clk
    N15                  IBUF (Prop_ibuf_I_O)         0.962     0.962 r  clk_IBUF_inst/O
                         net (fo=1, routed)           1.972     2.933    clk_IBUF
    BUFGCTRL_X0Y0        BUFG (Prop_bufg_I_O)         0.096     3.029 r  clk_IBUF_BUFG_inst/O
                         net (fo=31, routed)          1.638     4.668    clk_IBUF_BUFG
    SLICE_X1Y43          FDRE                                         r  out_reg[12]/C
  -------------------------------------------------------------------    -------------------
    SLICE_X1Y43          FDRE (Prop_fdre_C_Q)         0.419     5.087 r  out_reg[12]/Q
                         net (fo=1, routed)           1.533     6.620    out_OBUF[12]
    L16                  OBUF (Prop_obuf_I_O)         2.805     9.425 r  out_OBUF[12]_inst/O
                         net (fo=0)                   0.000     9.425    out[12]
    L16                                                               r  out[12]
  -------------------------------------------------------------------    -------------------

                         (clock clk rise edge)        4.000     4.000 r  <hidden>
                         clock pessimism              0.000     4.000    <hidden>
                         clock uncertainty           -0.035     3.965    <hidden>
                         output delay                -0.000     3.965    <hidden>
  -------------------------------------------------------------------
                         required time                          3.965    <hidden>
                         arrival time                          -9.425    <hidden>
  -------------------------------------------------------------------
                         slack                                 -5.460    <hidden>

Slack (VIOLATED) :        -5.460ns  (required time - arrival time)
  Source:                 out_reg[5]/C
                            (rising edge-triggered cell FDRE clocked by clk  {rise@0.000ns fall@2.000ns period=4.000ns})
  Destination:            out[5]
                            (output port clocked by clk  {rise@0.000ns fall@2.000ns period=4.000ns})
  Path Group:             clk
  Path Type:              Max at Slow Process Corner
  Requirement:            4.000ns  (clk rise@4.000ns - clk rise@0.000ns)
  Data Path Delay:        4.761ns  (logic 3.093ns (64.977%)  route 1.667ns (35.023%))
  Logic Levels:           1  (OBUF=1)
  Output Delay:           0.000ns
  Clock Path Skew:        -4.664ns (DCD - SCD + CPR)
    Destination Clock Delay (DCD):    0.000ns = ( 4.000 - 4.000 ) 
    Source Clock Delay      (SCD):    4.664ns
    Clock Pessimism Removal (CPR):    0.000ns
  Clock Uncertainty:      0.035ns  ((TSJ^2 + TIJ^2)^1/2 + DJ) / 2 + PE
    Total System Jitter     (TSJ):    0.071ns
    Total Input Jitter      (TIJ):    0.000ns
    Discrete Jitter          (DJ):    0.000ns
    Phase Error              (PE):    0.000ns

    Location             Delay type                Incr(ns)  Path(ns)    Netlist Resource(s)
  -------------------------------------------------------------------    -------------------
                         (clock clk rise edge)        0.000     0.000 r  <hidden>
    N15                                               0.000     0.000 r  clk
                         net (fo=0)                   0.000     0.000    clk
    N15                  IBUF (Prop_ibuf_I_O)         0.962     0.962 r  clk_IBUF_inst/O
                         net (fo=1, routed)           1.972     2.933    clk_IBUF
    BUFGCTRL_X0Y0        BUFG (Prop_bufg_I_O)         0.096     3.029 r  clk_IBUF_BUFG_inst/O
                         net (fo=31, routed)          1.634     4.664    clk_IBUF_BUFG
    SLICE_X1Y37          FDRE                                         r  out_reg[5]/C
  -------------------------------------------------------------------    -------------------
    SLICE_X1Y37          FDRE (Prop_fdre_C_Q)         0.456     5.120 r  out_reg[5]/Q
                         net (fo=1, routed)           1.667     6.787    out_OBUF[5]
    R18                  OBUF (Prop_obuf_I_O)         2.637     9.425 r  out_OBUF[5]_inst/O
                         net (fo=0)                   0.000     9.425    out[5]
    R18                                                               r  out[5]
  -------------------------------------------------------------------    -------------------

                         (clock clk rise edge)        4.000     4.000 r  <hidden>
                         clock pessimism              0.000     4.000    <hidden>
                         clock uncertainty           -0.035     3.965    <hidden>
                         output delay                -0.000     3.965    <hidden>
  -------------------------------------------------------------------
                         required time                          3.965    <hidden>
                         arrival time                          -9.425    <hidden>
  -------------------------------------------------------------------
                         slack                                 -5.460    <hidden>

Slack (VIOLATED) :        -5.459ns  (required time - arrival time)
  Source:                 out_reg[9]/C
                            (rising edge-triggered cell FDRE clocked by clk  {rise@0.000ns fall@2.000ns period=4.000ns})
  Destination:            out[9]
                            (output port clocked by clk  {rise@0.000ns fall@2.000ns period=4.000ns})
  Path Group:             clk
  Path Type:              Max at Slow Process Corner
  Requirement:            4.000ns  (clk rise@4.000ns - clk rise@0.000ns)
  Data Path Delay:        4.758ns  (logic 3.225ns (67.783%)  route 1.533ns (32.217%))
  Logic Levels:           1  (OBUF=1)
  Output Delay:           0.000ns
  Clock Path Skew:        -4.666ns (DCD - SCD + CPR)
    Destination Clock Delay (DCD):    0.000ns = ( 4.000 - 4.000 ) 
    Source Clock Delay      (SCD):    4.666ns
    Clock Pessimism Removal (CPR):    0.000ns
  Clock Uncertainty:      0.035ns  ((TSJ^2 + TIJ^2)^1/2 + DJ) / 2 + PE
    Total System Jitter     (TSJ):    0.071ns
    Total Input Jitter      (TIJ):    0.000ns
    Discrete Jitter          (DJ):    0.000ns
    Phase Error              (PE):    0.000ns

    Location             Delay type                Incr(ns)  Path(ns)    Netlist Resource(s)
  -------------------------------------------------------------------    -------------------
                         (clock clk rise edge)        0.000     0.000 r  <hidden>
    N15                                               0.000     0.000 r  clk
                         net (fo=0)                   0.000     0.000    clk
    N15                  IBUF (Prop_ibuf_I_O)         0.962     0.962 r  clk_IBUF_inst/O
                         net (fo=1, routed)           1.972     2.933    clk_IBUF
    BUFGCTRL_X0Y0        BUFG (Prop_bufg_I_O)         0.096     3.029 r  clk_IBUF_BUFG_inst/O
                         net (fo=31, routed)          1.636     4.666    clk_IBUF_BUFG
    SLICE_X1Y40          FDRE                                         r  out_reg[9]/C
  -------------------------------------------------------------------    -------------------
    SLICE_X1Y40          FDRE (Prop_fdre_C_Q)         0.419     5.085 r  out_reg[9]/Q
                         net (fo=1, routed)           1.533     6.618    out_OBUF[9]
    R12                  OBUF (Prop_obuf_I_O)         2.806     9.424 r  out_OBUF[9]_inst/O
                         net (fo=0)                   0.000     9.424    out[9]
    R12                                                               r  out[9]
  -------------------------------------------------------------------    -------------------

                         (clock clk rise edge)        4.000     4.000 r  <hidden>
                         clock pessimism              0.000     4.000    <hidden>
                         clock uncertainty           -0.035     3.965    <hidden>
                         output delay                -0.000     3.965    <hidden>
  -------------------------------------------------------------------
                         required time                          3.965    <hidden>
                         arrival time                          -9.424    <hidden>
  -------------------------------------------------------------------
                         slack                                 -5.459    <hidden>

Slack (VIOLATED) :        -5.459ns  (required time - arrival time)
  Source:                 out_reg[8]/C
                            (rising edge-triggered cell FDRE clocked by clk  {rise@0.000ns fall@2.000ns period=4.000ns})
  Destination:            out[8]
                            (output port clocked by clk  {rise@0.000ns fall@2.000ns period=4.000ns})
  Path Group:             clk
  Path Type:              Max at Slow Process Corner
  Requirement:            4.000ns  (clk rise@4.000ns - clk rise@0.000ns)
  Data Path Delay:        4.758ns  (logic 3.225ns (67.782%)  route 1.533ns (32.218%))
  Logic Levels:           1  (OBUF=1)
  Output Delay:           0.000ns
  Clock Path Skew:        -4.666ns (DCD - SCD + CPR)
    Destination Clock Delay (DCD):    0.000ns = ( 4.000 - 4.000 ) 
    Source Clock Delay      (SCD):    4.666ns
    Clock Pessimism Removal (CPR):    0.000ns
  Clock Uncertainty:      0.035ns  ((TSJ^2 + TIJ^2)^1/2 + DJ) / 2 + PE
    Total System Jitter     (TSJ):    0.071ns
    Total Input Jitter      (TIJ):    0.000ns
    Discrete Jitter          (DJ):    0.000ns
    Phase Error              (PE):    0.000ns

    Location             Delay type                Incr(ns)  Path(ns)    Netlist Resource(s)
  -------------------------------------------------------------------    -------------------
                         (clock clk rise edge)        0.000     0.000 r  <hidden>
    N15                                               0.000     0.000 r  clk
                         net (fo=0)                   0.000     0.000    clk
    N15                  IBUF (Prop_ibuf_I_O)         0.962     0.962 r  clk_IBUF_inst/O
                         net (fo=1, routed)           1.972     2.933    clk_IBUF
    BUFGCTRL_X0Y0        BUFG (Prop_bufg_I_O)         0.096     3.029 r  clk_IBUF_BUFG_inst/O
                         net (fo=31, routed)          1.636     4.666    clk_IBUF_BUFG
    SLICE_X1Y39          FDRE                                         r  out_reg[8]/C
  -------------------------------------------------------------------    -------------------
    SLICE_X1Y39          FDRE (Prop_fdre_C_Q)         0.419     5.085 r  out_reg[8]/Q
                         net (fo=1, routed)           1.533     6.618    out_OBUF[8]
    R13                  OBUF (Prop_obuf_I_O)         2.806     9.424 r  out_OBUF[8]_inst/O
                         net (fo=0)                   0.000     9.424    out[8]
    R13                                                               r  out[8]
  -------------------------------------------------------------------    -------------------

                         (clock clk rise edge)        4.000     4.000 r  <hidden>
                         clock pessimism              0.000     4.000    <hidden>
                         clock uncertainty           -0.035     3.965    <hidden>
                         output delay                -0.000     3.965    <hidden>
  -------------------------------------------------------------------
                         required time                          3.965    <hidden>
                         arrival time                          -9.424    <hidden>
  -------------------------------------------------------------------
                         slack                                 -5.459    <hidden>

Slack (VIOLATED) :        -5.458ns  (required time - arrival time)
  Source:                 out_reg[11]/C
                            (rising edge-triggered cell FDRE clocked by clk  {rise@0.000ns fall@2.000ns period=4.000ns})
  Destination:            out[11]
                            (output port clocked by clk  {rise@0.000ns fall@2.000ns period=4.000ns})
  Path Group:             clk
  Path Type:              Max at Slow Process Corner
  Requirement:            4.000ns  (clk rise@4.000ns - clk rise@0.000ns)
  Data Path Delay:        4.755ns  (logic 3.087ns (64.933%)  route 1.667ns (35.067%))
  Logic Levels:           1  (OBUF=1)
  Output Delay:           0.000ns
  Clock Path Skew:        -4.668ns (DCD - SCD + CPR)
    Destination Clock Delay (DCD):    0.000ns = ( 4.000 - 4.000 ) 
    Source Clock Delay      (SCD):    4.668ns
    Clock Pessimism Removal (CPR):    0.000ns
  Clock Uncertainty:      0.035ns  ((TSJ^2 + TIJ^2)^1/2 + DJ) / 2 + PE
    Total System Jitter     (TSJ):    0.071ns
    Total Input Jitter      (TIJ):    0.000ns
    Discrete Jitter          (DJ):    0.000ns
    Phase Error              (PE):    0.000ns

    Location             Delay type                Incr(ns)  Path(ns)    Netlist Resource(s)
  -------------------------------------------------------------------    -------------------
                         (clock clk rise edge)        0.000     0.000 r  <hidden>
    N15                                               0.000     0.000 r  clk
                         net (fo=0)                   0.000     0.000    clk
    N15                  IBUF (Prop_ibuf_I_O)         0.962     0.962 r  clk_IBUF_inst/O
                         net (fo=1, routed)           1.972     2.933    clk_IBUF
    BUFGCTRL_X0Y0        BUFG (Prop_bufg_I_O)         0.096     3.029 r  clk_IBUF_BUFG_inst/O
                         net (fo=31, routed)          1.638     4.668    clk_IBUF_BUFG
    SLICE_X1Y43          FDRE                                         r  out_reg[11]/C
  -------------------------------------------------------------------    -------------------
    SLICE_X1Y43          FDRE (Prop_fdre_C_Q)         0.456     5.124 r  out_reg[11]/Q
                         net (fo=1, routed)           1.667     6.791    out_OBUF[11]
    L18                  OBUF (Prop_obuf_I_O)         2.631     9.423 r  out_OBUF[11]_inst/O
                         net (fo=0)                   0.000     9.423    out[11]
    L18                                                               r  out[11]
  -------------------------------------------------------------------    -------------------

                         (clock clk rise edge)        4.000     4.000 r  <hidden>
                         clock pessimism              0.000     4.000    <hidden>
                         clock uncertainty           -0.035     3.965    <hidden>
                         output delay                -0.000     3.965    <hidden>
  -------------------------------------------------------------------
                         required time                          3.965    <hidden>
                         arrival time                          -9.423    <hidden>
  -------------------------------------------------------------------
                         slack                                 -5.458    <hidden>

Slack (VIOLATED) :        -5.448ns  (required time - arrival time)
  Source:                 out_reg[2]/C
                            (rising edge-triggered cell FDRE clocked by clk  {rise@0.000ns fall@2.000ns period=4.000ns})
  Destination:            out[2]
                            (output port clocked by clk  {rise@0.000ns fall@2.000ns period=4.000ns})
  Path Group:             clk
  Path Type:              Max at Slow Process Corner
  Requirement:            4.000ns  (clk rise@4.000ns - clk rise@0.000ns)
  Data Path Delay:        4.753ns  (logic 3.220ns (67.747%)  route 1.533ns (32.253%))
  Logic Levels:           1  (OBUF=1)
  Output Delay:           0.000ns
  Clock Path Skew:        -4.660ns (DCD - SCD + CPR)
    Destination Clock Delay (DCD):    0.000ns = ( 4.000 - 4.000 ) 
    Source Clock Delay      (SCD):    4.660ns
    Clock Pessimism Removal (CPR):    0.000ns
  Clock Uncertainty:      0.035ns  ((TSJ^2 + TIJ^2)^1/2 + DJ) / 2 + PE
    Total System Jitter     (TSJ):    0.071ns
    Total Input Jitter      (TIJ):    0.000ns
    Discrete Jitter          (DJ):    0.000ns
    Phase Error              (PE):    0.000ns

    Location             Delay type                Incr(ns)  Path(ns)    Netlist Resource(s)
  -------------------------------------------------------------------    -------------------
                         (clock clk rise edge)        0.000     0.000 r  <hidden>
    N15                                               0.000     0.000 r  clk
                         net (fo=0)                   0.000     0.000    clk
    N15                  IBUF (Prop_ibuf_I_O)         0.962     0.962 r  clk_IBUF_inst/O
                         net (fo=1, routed)           1.972     2.933    clk_IBUF
    BUFGCTRL_X0Y0        BUFG (Prop_bufg_I_O)         0.096     3.029 r  clk_IBUF_BUFG_inst/O
                         net (fo=31, routed)          1.630     4.660    clk_IBUF_BUFG
    SLICE_X0Y33          FDRE                                         r  out_reg[2]/C
  -------------------------------------------------------------------    -------------------
    SLICE_X0Y33          FDRE (Prop_fdre_C_Q)         0.419     5.079 r  out_reg[2]/Q
                         net (fo=1, routed)           1.533     6.612    out_OBUF[2]
    P14                  OBUF (Prop_obuf_I_O)         2.801     9.413 r  out_OBUF[2]_inst/O
                         net (fo=0)                   0.000     9.413    out[2]
    P14                                                               r  out[2]
  -------------------------------------------------------------------    -------------------

                         (clock clk rise edge)        4.000     4.000 r  <hidden>
                         clock pessimism              0.000     4.000    <hidden>
                         clock uncertainty           -0.035     3.965    <hidden>
                         output delay                -0.000     3.965    <hidden>
  -------------------------------------------------------------------
                         required time                          3.965    <hidden>
                         arrival time                          -9.413    <hidden>
  -------------------------------------------------------------------
                         slack                                 -5.448    <hidden>

Slack (VIOLATED) :        -5.444ns  (required time - arrival time)
  Source:                 out_reg[3]/C
                            (rising edge-triggered cell FDRE clocked by clk  {rise@0.000ns fall@2.000ns period=4.000ns})
  Destination:            out[3]
                            (output port clocked by clk  {rise@0.000ns fall@2.000ns period=4.000ns})
  Path Group:             clk
  Path Type:              Max at Slow Process Corner
  Requirement:            4.000ns  (clk rise@4.000ns - clk rise@0.000ns)
  Data Path Delay:        4.746ns  (logic 3.075ns (64.804%)  route 1.670ns (35.196%))
  Logic Levels:           1  (OBUF=1)
  Output Delay:           0.000ns
  Clock Path Skew:        -4.663ns (DCD - SCD + CPR)
    Destination Clock Delay (DCD):    0.000ns = ( 4.000 - 4.000 ) 
    Source Clock Delay      (SCD):    4.663ns
    Clock Pessimism Removal (CPR):    0.000ns
  Clock Uncertainty:      0.035ns  ((TSJ^2 + TIJ^2)^1/2 + DJ) / 2 + PE
    Total System Jitter     (TSJ):    0.071ns
    Total Input Jitter      (TIJ):    0.000ns
    Discrete Jitter          (DJ):    0.000ns
    Phase Error              (PE):    0.000ns

    Location             Delay type                Incr(ns)  Path(ns)    Netlist Resource(s)
  -------------------------------------------------------------------    -------------------
                         (clock clk rise edge)        0.000     0.000 r  <hidden>
    N15                                               0.000     0.000 r  clk
                         net (fo=0)                   0.000     0.000    clk
    N15                  IBUF (Prop_ibuf_I_O)         0.962     0.962 r  clk_IBUF_inst/O
                         net (fo=1, routed)           1.972     2.933    clk_IBUF
    BUFGCTRL_X0Y0        BUFG (Prop_bufg_I_O)         0.096     3.029 r  clk_IBUF_BUFG_inst/O
                         net (fo=31, routed)          1.633     4.663    clk_IBUF_BUFG
    SLICE_X0Y35          FDRE                                         r  out_reg[3]/C
  -------------------------------------------------------------------    -------------------
    SLICE_X0Y35          FDRE (Prop_fdre_C_Q)         0.456     5.119 r  out_reg[3]/Q
                         net (fo=1, routed)           1.670     6.789    out_OBUF[3]
    N14                  OBUF (Prop_obuf_I_O)         2.619     9.408 r  out_OBUF[3]_inst/O
                         net (fo=0)                   0.000     9.408    out[3]
    N14                                                               r  out[3]
  -------------------------------------------------------------------    -------------------

                         (clock clk rise edge)        4.000     4.000 r  <hidden>
                         clock pessimism              0.000     4.000    <hidden>
                         clock uncertainty           -0.035     3.965    <hidden>
                         output delay                -0.000     3.965    <hidden>
  -------------------------------------------------------------------
                         required time                          3.965    <hidden>
                         arrival time                          -9.408    <hidden>
  -------------------------------------------------------------------
                         slack                                 -5.444    <hidden>

Slack (VIOLATED) :        -5.443ns  (required time - arrival time)
  Source:                 out_reg[7]/C
                            (rising edge-triggered cell FDRE clocked by clk  {rise@0.000ns fall@2.000ns period=4.000ns})
  Destination:            out[7]
                            (output port clocked by clk  {rise@0.000ns fall@2.000ns period=4.000ns})
  Path Group:             clk
  Path Type:              Max at Slow Process Corner
  Requirement:            4.000ns  (clk rise@4.000ns - clk rise@0.000ns)
  Data Path Delay:        4.742ns  (logic 3.074ns (64.837%)  route 1.667ns (35.163%))
  Logic Levels:           1  (OBUF=1)
  Output Delay:           0.000ns
  Clock Path Skew:        -4.666ns (DCD - SCD + CPR)
    Destination Clock Delay (DCD):    0.000ns = ( 4.000 - 4.000 ) 
    Source Clock Delay      (SCD):    4.666ns
    Clock Pessimism Removal (CPR):    0.000ns
  Clock Uncertainty:      0.035ns  ((TSJ^2 + TIJ^2)^1/2 + DJ) / 2 + PE
    Total System Jitter     (TSJ):    0.071ns
    Total Input Jitter      (TIJ):    0.000ns
    Discrete Jitter          (DJ):    0.000ns
    Phase Error              (PE):    0.000ns

    Location             Delay type                Incr(ns)  Path(ns)    Netlist Resource(s)
  -------------------------------------------------------------------    -------------------
                         (clock clk rise edge)        0.000     0.000 r  <hidden>
    N15                                               0.000     0.000 r  clk
                         net (fo=0)                   0.000     0.000    clk
    N15                  IBUF (Prop_ibuf_I_O)         0.962     0.962 r  clk_IBUF_inst/O
                         net (fo=1, routed)           1.972     2.933    clk_IBUF
    BUFGCTRL_X0Y0        BUFG (Prop_bufg_I_O)         0.096     3.029 r  clk_IBUF_BUFG_inst/O
                         net (fo=31, routed)          1.636     4.666    clk_IBUF_BUFG
    SLICE_X1Y39          FDRE                                         r  out_reg[7]/C
  -------------------------------------------------------------------    -------------------
    SLICE_X1Y39          FDRE (Prop_fdre_C_Q)         0.456     5.122 r  out_reg[7]/Q
                         net (fo=1, routed)           1.667     6.789    out_OBUF[7]
    L13                  OBUF (Prop_obuf_I_O)         2.618     9.408 r  out_OBUF[7]_inst/O
                         net (fo=0)                   0.000     9.408    out[7]
    L13                                                               r  out[7]
  -------------------------------------------------------------------    -------------------

                         (clock clk rise edge)        4.000     4.000 r  <hidden>
                         clock pessimism              0.000     4.000    <hidden>
                         clock uncertainty           -0.035     3.965    <hidden>
                         output delay                -0.000     3.965    <hidden>
  -------------------------------------------------------------------
                         required time                          3.965    <hidden>
                         arrival time                          -9.408    <hidden>
  -------------------------------------------------------------------
                         slack                                 -5.443    <hidden>





Pulse Width Checks
--------------------------------------------------------------------------------------
Clock Name:         clk
Waveform(ns):       { 0.000 2.000 }
Period(ns):         4.000
Sources:            { clk }

Check Type        Corner  Lib Pin  Reference Pin  Required(ns)  Actual(ns)  Slack(ns)  Location       Pin
Min Period        n/a     BUFG/I   n/a            2.155         4.000       1.845      BUFGCTRL_X0Y0  clk_IBUF_BUFG_inst/I
Min Period        n/a     FDRE/C   n/a            1.000         4.000       3.000      SLICE_X1Y31    out_reg[0]/C
Min Period        n/a     FDRE/C   n/a            1.000         4.000       3.000      SLICE_X1Y40    out_reg[10]/C
Min Period        n/a     FDRE/C   n/a            1.000         4.000       3.000      SLICE_X1Y43    out_reg[11]/C
Min Period        n/a     FDRE/C   n/a            1.000         4.000       3.000      SLICE_X1Y43    out_reg[12]/C
Min Period        n/a     FDRE/C   n/a            1.000         4.000       3.000      SLICE_X1Y44    out_reg[13]/C
Min Period        n/a     FDRE/C   n/a            1.000         4.000       3.000      SLICE_X0Y33    out_reg[1]/C
Min Period        n/a     FDRE/C   n/a            1.000         4.000       3.000      SLICE_X0Y33    out_reg[2]/C
Min Period        n/a     FDRE/C   n/a            1.000         4.000       3.000      SLICE_X0Y35    out_reg[3]/C
Min Period        n/a     FDRE/C   n/a            1.000         4.000       3.000      SLICE_X0Y35    out_reg[4]/C
Low Pulse Width   Slow    FDRE/C   n/a            0.500         2.000       1.500      SLICE_X1Y31    out_reg[0]/C
Low Pulse Width   Fast    FDRE/C   n/a            0.500         2.000       1.500      SLICE_X1Y31    out_reg[0]/C
Low Pulse Width   Slow    FDRE/C   n/a            0.500         2.000       1.500      SLICE_X1Y40    out_reg[10]/C
Low Pulse Width   Fast    FDRE/C   n/a            0.500         2.000       1.500      SLICE_X1Y40    out_reg[10]/C
Low Pulse Width   Slow    FDRE/C   n/a            0.500         2.000       1.500      SLICE_X1Y43    out_reg[11]/C
Low Pulse Width   Fast    FDRE/C   n/a            0.500         2.000       1.500      SLICE_X1Y43    out_reg[11]/C
Low Pulse Width   Slow    FDRE/C   n/a            0.500         2.000       1.500      SLICE_X1Y43    out_reg[12]/C
Low Pulse Width   Fast    FDRE/C   n/a            0.500         2.000       1.500      SLICE_X1Y43    out_reg[12]/C
Low Pulse Width   Slow    FDRE/C   n/a            0.500         2.000       1.500      SLICE_X1Y44    out_reg[13]/C
Low Pulse Width   Fast    FDRE/C   n/a            0.500         2.000       1.500      SLICE_X1Y44    out_reg[13]/C
High Pulse Width  Slow    FDRE/C   n/a            0.500         2.000       1.500      SLICE_X1Y31    out_reg[0]/C
High Pulse Width  Fast    FDRE/C   n/a            0.500         2.000       1.500      SLICE_X1Y31    out_reg[0]/C
High Pulse Width  Slow    FDRE/C   n/a            0.500         2.000       1.500      SLICE_X1Y40    out_reg[10]/C
High Pulse Width  Fast    FDRE/C   n/a            0.500         2.000       1.500      SLICE_X1Y40    out_reg[10]/C
High Pulse Width  Slow    FDRE/C   n/a            0.500         2.000       1.500      SLICE_X1Y43    out_reg[11]/C
High Pulse Width  Fast    FDRE/C   n/a            0.500         2.000       1.500      SLICE_X1Y43    out_reg[11]/C
High Pulse Width  Slow    FDRE/C   n/a            0.500         2.000       1.500      SLICE_X1Y43    out_reg[12]/C
High Pulse Width  Fast    FDRE/C   n/a            0.500         2.000       1.500      SLICE_X1Y43    out_reg[12]/C
High Pulse Width  Slow    FDRE/C   n/a            0.500         2.000       1.500      SLICE_X1Y44    out_reg[13]/C
High Pulse Width  Fast    FDRE/C   n/a            0.500         2.000       1.500      SLICE_X1Y44    out_reg[13]/C



