Copyright 1986-2022 Xilinx, Inc. All Rights Reserved. Copyright 2022-2026 Advanced Micro Devices, Inc. All Rights Reserved.
---------------------------------------------------------------------------------------------------------------------------------------------
| Tool Version : Vivado v.2026.1 (win64) Build 6511674 Tue Jun 16 11:02:23 MDT 2026
| Date         : Sun Jun 28 01:06:44 2026
| Host         : Reaper running 64-bit major release  (build 9200)
| Command      : report_timing_summary -delay_type max -max_paths 10 -file ./rns_sub_out/timing_summary.rpt
| Design       : rns_sub
| Device       : 7a35t-csg324
| Speed File   : -1  PRODUCTION 1.23 2018-06-13
| Design State : Routed
---------------------------------------------------------------------------------------------------------------------------------------------

Timing Summary Report

------------------------------------------------------------------------------------------------
| Timer Settings
| --------------
------------------------------------------------------------------------------------------------

  Enable Multi Corner Analysis               :  Yes
  Enable Pessimism Removal                   :  Yes
  Pessimism Removal Resolution               :  Nearest Common Node
  Enable Input Delay Default Clock           :  No
  Enable Preset / Clear Arcs                 :  No
  Disable Flight Delays                      :  No
  Ignore I/O Paths                           :  No
  Timing Early Launch at Borrowing Latches   :  No
  Borrow Time for Max Delay Exceptions       :  Yes
  Merge Timing Exceptions                    :  Yes
  Inter-SLR Compensation                     :  Conservative

  Corner  Analyze    Analyze    
  Name    Max Paths  Min Paths  
  ------  ---------  ---------  
  Slow    Yes        Yes        
  Fast    Yes        Yes        


------------------------------------------------------------------------------------------------
| Report Methodology
| ------------------
------------------------------------------------------------------------------------------------

No report available as report_methodology has not been run prior. Run report_methodology on the current design for the summary of methodology violations.



check_timing report

Table of Contents
-----------------
1. checking no_clock (0)
2. checking constant_clock (0)
3. checking pulse_width_clock (0)
4. checking unconstrained_internal_endpoints (0)
5. checking no_input_delay (0)
6. checking no_output_delay (0)
7. checking multiple_clock (0)
8. checking generated_clocks (0)
9. checking loops (0)
10. checking partial_input_delay (0)
11. checking partial_output_delay (0)
12. checking latch_loops (0)

1. checking no_clock (0)
------------------------
 There are 0 register/latch pins with no clock.


2. checking constant_clock (0)
------------------------------
 There are 0 register/latch pins with constant_clock.


3. checking pulse_width_clock (0)
---------------------------------
 There are 0 register/latch pins which need pulse_width check


4. checking unconstrained_internal_endpoints (0)
------------------------------------------------
 There are 0 pins that are not constrained for maximum delay.

 There are 0 pins that are not constrained for maximum delay due to constant clock.


5. checking no_input_delay (0)
------------------------------
 There are 0 input ports with no input delay specified.

 There are 0 input ports with no input delay but user has a false path constraint.


6. checking no_output_delay (0)
-------------------------------
 There are 0 ports with no output delay specified.

 There are 0 ports with no output delay but user has a false path constraint

 There are 0 ports with no output delay but with a timing clock defined on it or propagating through it


7. checking multiple_clock (0)
------------------------------
 There are 0 register/latch pins with multiple clocks.


8. checking generated_clocks (0)
--------------------------------
 There are 0 generated clocks that are not connected to a clock source.


9. checking loops (0)
---------------------
 There are 0 combinational loops in the design.


10. checking partial_input_delay (0)
------------------------------------
 There are 0 input ports with partial input delay specified.


11. checking partial_output_delay (0)
-------------------------------------
 There are 0 ports with partial output delay specified.


12. checking latch_loops (0)
----------------------------
 There are 0 combinational latch loops in the design through latch input



------------------------------------------------------------------------------------------------
| Design Timing Summary
| ---------------------
------------------------------------------------------------------------------------------------

    WNS(ns)      TNS(ns)  TNS Failing Endpoints  TNS Total Endpoints     WPWS(ns)     TPWS(ns)  TPWS Failing Endpoints  TPWS Total Endpoints  
    -------      -------  ---------------------  -------------------     --------     --------  ----------------------  --------------------  
     -5.327      -79.694                     15                   48        1.500        0.000                       0                    32  


Timing constraints are not met.


------------------------------------------------------------------------------------------------
| Clock Summary
| -------------
------------------------------------------------------------------------------------------------

Clock  Waveform(ns)         Period(ns)      Frequency(MHz)
-----  ------------         ----------      --------------
clk    {0.000 2.000}        4.000           250.000         


------------------------------------------------------------------------------------------------
| Intra Clock Table
| -----------------
------------------------------------------------------------------------------------------------

Clock             WNS(ns)      TNS(ns)  TNS Failing Endpoints  TNS Total Endpoints     WPWS(ns)     TPWS(ns)  TPWS Failing Endpoints  TPWS Total Endpoints  
-----             -------      -------  ---------------------  -------------------     --------     --------  ----------------------  --------------------  
clk                -5.327      -79.694                     15                   48        1.500        0.000                       0                    32  


------------------------------------------------------------------------------------------------
| Inter Clock Table
| -----------------
------------------------------------------------------------------------------------------------

From Clock    To Clock          WNS(ns)      TNS(ns)  TNS Failing Endpoints  TNS Total Endpoints  
----------    --------          -------      -------  ---------------------  -------------------  


------------------------------------------------------------------------------------------------
| Other Path Groups Table
| -----------------------
------------------------------------------------------------------------------------------------

Path Group    From Clock    To Clock          WNS(ns)      TNS(ns)  TNS Failing Endpoints  TNS Total Endpoints  
----------    ----------    --------          -------      -------  ---------------------  -------------------  


------------------------------------------------------------------------------------------------
| Timing Details
| --------------
------------------------------------------------------------------------------------------------


---------------------------------------------------------------------------------------------------
From Clock:  clk
  To Clock:  clk

Setup :           15  Failing Endpoints,  Worst Slack       -5.327ns,  Total Violation      -79.694ns
Hold  :           NA  Failing Endpoints,  Worst Slack           NA  ,  Total Violation           NA
PW    :            0  Failing Endpoints,  Worst Slack        1.500ns,  Total Violation        0.000ns
---------------------------------------------------------------------------------------------------


Max Delay Paths
--------------------------------------------------------------------------------------
Slack (VIOLATED) :        -5.327ns  (required time - arrival time)
  Source:                 out_reg[13]/C
                            (rising edge-triggered cell FDRE clocked by clk  {rise@0.000ns fall@2.000ns period=4.000ns})
  Destination:            out[13]
                            (output port clocked by clk  {rise@0.000ns fall@2.000ns period=4.000ns})
  Path Group:             clk
  Path Type:              Max at Slow Process Corner
  Requirement:            4.000ns  (clk rise@4.000ns - clk rise@0.000ns)
  Data Path Delay:        4.624ns  (logic 3.094ns (66.919%)  route 1.530ns (33.081%))
  Logic Levels:           1  (OBUF=1)
  Output Delay:           0.000ns
  Clock Path Skew:        -4.668ns (DCD - SCD + CPR)
    Destination Clock Delay (DCD):    0.000ns = ( 4.000 - 4.000 ) 
    Source Clock Delay      (SCD):    4.668ns
    Clock Pessimism Removal (CPR):    0.000ns
  Clock Uncertainty:      0.035ns  ((TSJ^2 + TIJ^2)^1/2 + DJ) / 2 + PE
    Total System Jitter     (TSJ):    0.071ns
    Total Input Jitter      (TIJ):    0.000ns
    Discrete Jitter          (DJ):    0.000ns
    Phase Error              (PE):    0.000ns

    Location             Delay type                Incr(ns)  Path(ns)    Netlist Resource(s)
  -------------------------------------------------------------------    -------------------
                         (clock clk rise edge)        0.000     0.000 r  <hidden>
    N15                                               0.000     0.000 r  clk
                         net (fo=0)                   0.000     0.000    clk
    N15                  IBUF (Prop_ibuf_I_O)         0.962     0.962 r  clk_IBUF_inst/O
                         net (fo=1, routed)           1.972     2.933    clk_IBUF
    BUFGCTRL_X0Y0        BUFG (Prop_bufg_I_O)         0.096     3.029 r  clk_IBUF_BUFG_inst/O
                         net (fo=31, routed)          1.638     4.668    clk_IBUF_BUFG
    SLICE_X1Y44          FDRE                                         r  out_reg[13]/C
  -------------------------------------------------------------------    -------------------
    SLICE_X1Y44          FDRE (Prop_fdre_C_Q)         0.456     5.124 r  out_reg[13]/Q
                         net (fo=1, routed)           1.530     6.653    out_OBUF[13]
    L15                  OBUF (Prop_obuf_I_O)         2.638     9.291 r  out_OBUF[13]_inst/O
                         net (fo=0)                   0.000     9.291    out[13]
    L15                                                               r  out[13]
  -------------------------------------------------------------------    -------------------

                         (clock clk rise edge)        4.000     4.000 r  <hidden>
                         clock pessimism              0.000     4.000    <hidden>
                         clock uncertainty           -0.035     3.965    <hidden>
                         output delay                -0.000     3.965    <hidden>
  -------------------------------------------------------------------
                         required time                          3.965    <hidden>
                         arrival time                          -9.291    <hidden>
  -------------------------------------------------------------------
                         slack                                 -5.327    <hidden>

Slack (VIOLATED) :        -5.323ns  (required time - arrival time)
  Source:                 out_reg[4]/C
                            (rising edge-triggered cell FDRE clocked by clk  {rise@0.000ns fall@2.000ns period=4.000ns})
  Destination:            out[4]
                            (output port clocked by clk  {rise@0.000ns fall@2.000ns period=4.000ns})
  Path Group:             clk
  Path Type:              Max at Slow Process Corner
  Requirement:            4.000ns  (clk rise@4.000ns - clk rise@0.000ns)
  Data Path Delay:        4.624ns  (logic 3.095ns (66.925%)  route 1.530ns (33.075%))
  Logic Levels:           1  (OBUF=1)
  Output Delay:           0.000ns
  Clock Path Skew:        -4.663ns (DCD - SCD + CPR)
    Destination Clock Delay (DCD):    0.000ns = ( 4.000 - 4.000 ) 
    Source Clock Delay      (SCD):    4.663ns
    Clock Pessimism Removal (CPR):    0.000ns
  Clock Uncertainty:      0.035ns  ((TSJ^2 + TIJ^2)^1/2 + DJ) / 2 + PE
    Total System Jitter     (TSJ):    0.071ns
    Total Input Jitter      (TIJ):    0.000ns
    Discrete Jitter          (DJ):    0.000ns
    Phase Error              (PE):    0.000ns

    Location             Delay type                Incr(ns)  Path(ns)    Netlist Resource(s)
  -------------------------------------------------------------------    -------------------
                         (clock clk rise edge)        0.000     0.000 r  <hidden>
    N15                                               0.000     0.000 r  clk
                         net (fo=0)                   0.000     0.000    clk
    N15                  IBUF (Prop_ibuf_I_O)         0.962     0.962 r  clk_IBUF_inst/O
                         net (fo=1, routed)           1.972     2.933    clk_IBUF
    BUFGCTRL_X0Y0        BUFG (Prop_bufg_I_O)         0.096     3.029 r  clk_IBUF_BUFG_inst/O
                         net (fo=31, routed)          1.633     4.663    clk_IBUF_BUFG
    SLICE_X1Y35          FDRE                                         r  out_reg[4]/C
  -------------------------------------------------------------------    -------------------
    SLICE_X1Y35          FDRE (Prop_fdre_C_Q)         0.456     5.119 r  out_reg[4]/Q
                         net (fo=1, routed)           1.530     6.648    out_OBUF[4]
    T18                  OBUF (Prop_obuf_I_O)         2.639     9.287 r  out_OBUF[4]_inst/O
                         net (fo=0)                   0.000     9.287    out[4]
    T18                                                               r  out[4]
  -------------------------------------------------------------------    -------------------

                         (clock clk rise edge)        4.000     4.000 r  <hidden>
                         clock pessimism              0.000     4.000    <hidden>
                         clock uncertainty           -0.035     3.965    <hidden>
                         output delay                -0.000     3.965    <hidden>
  -------------------------------------------------------------------
                         required time                          3.965    <hidden>
                         arrival time                          -9.287    <hidden>
  -------------------------------------------------------------------
                         slack                                 -5.323    <hidden>

Slack (VIOLATED) :        -5.321ns  (required time - arrival time)
  Source:                 out_reg[5]/C
                            (rising edge-triggered cell FDRE clocked by clk  {rise@0.000ns fall@2.000ns period=4.000ns})
  Destination:            out[5]
                            (output port clocked by clk  {rise@0.000ns fall@2.000ns period=4.000ns})
  Path Group:             clk
  Path Type:              Max at Slow Process Corner
  Requirement:            4.000ns  (clk rise@4.000ns - clk rise@0.000ns)
  Data Path Delay:        4.623ns  (logic 3.093ns (66.914%)  route 1.530ns (33.086%))
  Logic Levels:           1  (OBUF=1)
  Output Delay:           0.000ns
  Clock Path Skew:        -4.663ns (DCD - SCD + CPR)
    Destination Clock Delay (DCD):    0.000ns = ( 4.000 - 4.000 ) 
    Source Clock Delay      (SCD):    4.663ns
    Clock Pessimism Removal (CPR):    0.000ns
  Clock Uncertainty:      0.035ns  ((TSJ^2 + TIJ^2)^1/2 + DJ) / 2 + PE
    Total System Jitter     (TSJ):    0.071ns
    Total Input Jitter      (TIJ):    0.000ns
    Discrete Jitter          (DJ):    0.000ns
    Phase Error              (PE):    0.000ns

    Location             Delay type                Incr(ns)  Path(ns)    Netlist Resource(s)
  -------------------------------------------------------------------    -------------------
                         (clock clk rise edge)        0.000     0.000 r  <hidden>
    N15                                               0.000     0.000 r  clk
                         net (fo=0)                   0.000     0.000    clk
    N15                  IBUF (Prop_ibuf_I_O)         0.962     0.962 r  clk_IBUF_inst/O
                         net (fo=1, routed)           1.972     2.933    clk_IBUF
    BUFGCTRL_X0Y0        BUFG (Prop_bufg_I_O)         0.096     3.029 r  clk_IBUF_BUFG_inst/O
                         net (fo=31, routed)          1.633     4.663    clk_IBUF_BUFG
    SLICE_X1Y36          FDRE                                         r  out_reg[5]/C
  -------------------------------------------------------------------    -------------------
    SLICE_X1Y36          FDRE (Prop_fdre_C_Q)         0.456     5.119 r  out_reg[5]/Q
                         net (fo=1, routed)           1.530     6.648    out_OBUF[5]
    R18                  OBUF (Prop_obuf_I_O)         2.637     9.286 r  out_OBUF[5]_inst/O
                         net (fo=0)                   0.000     9.286    out[5]
    R18                                                               r  out[5]
  -------------------------------------------------------------------    -------------------

                         (clock clk rise edge)        4.000     4.000 r  <hidden>
                         clock pessimism              0.000     4.000    <hidden>
                         clock uncertainty           -0.035     3.965    <hidden>
                         output delay                -0.000     3.965    <hidden>
  -------------------------------------------------------------------
                         required time                          3.965    <hidden>
                         arrival time                          -9.286    <hidden>
  -------------------------------------------------------------------
                         slack                                 -5.321    <hidden>

Slack (VIOLATED) :        -5.321ns  (required time - arrival time)
  Source:                 out_reg[12]/C
                            (rising edge-triggered cell FDRE clocked by clk  {rise@0.000ns fall@2.000ns period=4.000ns})
  Destination:            out[12]
                            (output port clocked by clk  {rise@0.000ns fall@2.000ns period=4.000ns})
  Path Group:             clk
  Path Type:              Max at Slow Process Corner
  Requirement:            4.000ns  (clk rise@4.000ns - clk rise@0.000ns)
  Data Path Delay:        4.618ns  (logic 3.088ns (66.876%)  route 1.530ns (33.124%))
  Logic Levels:           1  (OBUF=1)
  Output Delay:           0.000ns
  Clock Path Skew:        -4.668ns (DCD - SCD + CPR)
    Destination Clock Delay (DCD):    0.000ns = ( 4.000 - 4.000 ) 
    Source Clock Delay      (SCD):    4.668ns
    Clock Pessimism Removal (CPR):    0.000ns
  Clock Uncertainty:      0.035ns  ((TSJ^2 + TIJ^2)^1/2 + DJ) / 2 + PE
    Total System Jitter     (TSJ):    0.071ns
    Total Input Jitter      (TIJ):    0.000ns
    Discrete Jitter          (DJ):    0.000ns
    Phase Error              (PE):    0.000ns

    Location             Delay type                Incr(ns)  Path(ns)    Netlist Resource(s)
  -------------------------------------------------------------------    -------------------
                         (clock clk rise edge)        0.000     0.000 r  <hidden>
    N15                                               0.000     0.000 r  clk
                         net (fo=0)                   0.000     0.000    clk
    N15                  IBUF (Prop_ibuf_I_O)         0.962     0.962 r  clk_IBUF_inst/O
                         net (fo=1, routed)           1.972     2.933    clk_IBUF
    BUFGCTRL_X0Y0        BUFG (Prop_bufg_I_O)         0.096     3.029 r  clk_IBUF_BUFG_inst/O
                         net (fo=31, routed)          1.638     4.668    clk_IBUF_BUFG
    SLICE_X1Y43          FDRE                                         r  out_reg[12]/C
  -------------------------------------------------------------------    -------------------
    SLICE_X1Y43          FDRE (Prop_fdre_C_Q)         0.456     5.124 r  out_reg[12]/Q
                         net (fo=1, routed)           1.530     6.653    out_OBUF[12]
    L16                  OBUF (Prop_obuf_I_O)         2.632     9.285 r  out_OBUF[12]_inst/O
                         net (fo=0)                   0.000     9.285    out[12]
    L16                                                               r  out[12]
  -------------------------------------------------------------------    -------------------

                         (clock clk rise edge)        4.000     4.000 r  <hidden>
                         clock pessimism              0.000     4.000    <hidden>
                         clock uncertainty           -0.035     3.965    <hidden>
                         output delay                -0.000     3.965    <hidden>
  -------------------------------------------------------------------
                         required time                          3.965    <hidden>
                         arrival time                          -9.285    <hidden>
  -------------------------------------------------------------------
                         slack                                 -5.321    <hidden>

Slack (VIOLATED) :        -5.320ns  (required time - arrival time)
  Source:                 out_reg[9]/C
                            (rising edge-triggered cell FDRE clocked by clk  {rise@0.000ns fall@2.000ns period=4.000ns})
  Destination:            out[9]
                            (output port clocked by clk  {rise@0.000ns fall@2.000ns period=4.000ns})
  Path Group:             clk
  Path Type:              Max at Slow Process Corner
  Requirement:            4.000ns  (clk rise@4.000ns - clk rise@0.000ns)
  Data Path Delay:        4.619ns  (logic 3.089ns (66.884%)  route 1.530ns (33.116%))
  Logic Levels:           1  (OBUF=1)
  Output Delay:           0.000ns
  Clock Path Skew:        -4.666ns (DCD - SCD + CPR)
    Destination Clock Delay (DCD):    0.000ns = ( 4.000 - 4.000 ) 
    Source Clock Delay      (SCD):    4.666ns
    Clock Pessimism Removal (CPR):    0.000ns
  Clock Uncertainty:      0.035ns  ((TSJ^2 + TIJ^2)^1/2 + DJ) / 2 + PE
    Total System Jitter     (TSJ):    0.071ns
    Total Input Jitter      (TIJ):    0.000ns
    Discrete Jitter          (DJ):    0.000ns
    Phase Error              (PE):    0.000ns

    Location             Delay type                Incr(ns)  Path(ns)    Netlist Resource(s)
  -------------------------------------------------------------------    -------------------
                         (clock clk rise edge)        0.000     0.000 r  <hidden>
    N15                                               0.000     0.000 r  clk
                         net (fo=0)                   0.000     0.000    clk
    N15                  IBUF (Prop_ibuf_I_O)         0.962     0.962 r  clk_IBUF_inst/O
                         net (fo=1, routed)           1.972     2.933    clk_IBUF
    BUFGCTRL_X0Y0        BUFG (Prop_bufg_I_O)         0.096     3.029 r  clk_IBUF_BUFG_inst/O
                         net (fo=31, routed)          1.636     4.666    clk_IBUF_BUFG
    SLICE_X1Y40          FDRE                                         r  out_reg[9]/C
  -------------------------------------------------------------------    -------------------
    SLICE_X1Y40          FDRE (Prop_fdre_C_Q)         0.456     5.122 r  out_reg[9]/Q
                         net (fo=1, routed)           1.530     6.651    out_OBUF[9]
    R12                  OBUF (Prop_obuf_I_O)         2.633     9.285 r  out_OBUF[9]_inst/O
                         net (fo=0)                   0.000     9.285    out[9]
    R12                                                               r  out[9]
  -------------------------------------------------------------------    -------------------

                         (clock clk rise edge)        4.000     4.000 r  <hidden>
                         clock pessimism              0.000     4.000    <hidden>
                         clock uncertainty           -0.035     3.965    <hidden>
                         output delay                -0.000     3.965    <hidden>
  -------------------------------------------------------------------
                         required time                          3.965    <hidden>
                         arrival time                          -9.285    <hidden>
  -------------------------------------------------------------------
                         slack                                 -5.320    <hidden>

Slack (VIOLATED) :        -5.320ns  (required time - arrival time)
  Source:                 out_reg[8]/C
                            (rising edge-triggered cell FDRE clocked by clk  {rise@0.000ns fall@2.000ns period=4.000ns})
  Destination:            out[8]
                            (output port clocked by clk  {rise@0.000ns fall@2.000ns period=4.000ns})
  Path Group:             clk
  Path Type:              Max at Slow Process Corner
  Requirement:            4.000ns  (clk rise@4.000ns - clk rise@0.000ns)
  Data Path Delay:        4.619ns  (logic 3.089ns (66.883%)  route 1.530ns (33.117%))
  Logic Levels:           1  (OBUF=1)
  Output Delay:           0.000ns
  Clock Path Skew:        -4.666ns (DCD - SCD + CPR)
    Destination Clock Delay (DCD):    0.000ns = ( 4.000 - 4.000 ) 
    Source Clock Delay      (SCD):    4.666ns
    Clock Pessimism Removal (CPR):    0.000ns
  Clock Uncertainty:      0.035ns  ((TSJ^2 + TIJ^2)^1/2 + DJ) / 2 + PE
    Total System Jitter     (TSJ):    0.071ns
    Total Input Jitter      (TIJ):    0.000ns
    Discrete Jitter          (DJ):    0.000ns
    Phase Error              (PE):    0.000ns

    Location             Delay type                Incr(ns)  Path(ns)    Netlist Resource(s)
  -------------------------------------------------------------------    -------------------
                         (clock clk rise edge)        0.000     0.000 r  <hidden>
    N15                                               0.000     0.000 r  clk
                         net (fo=0)                   0.000     0.000    clk
    N15                  IBUF (Prop_ibuf_I_O)         0.962     0.962 r  clk_IBUF_inst/O
                         net (fo=1, routed)           1.972     2.933    clk_IBUF
    BUFGCTRL_X0Y0        BUFG (Prop_bufg_I_O)         0.096     3.029 r  clk_IBUF_BUFG_inst/O
                         net (fo=31, routed)          1.636     4.666    clk_IBUF_BUFG
    SLICE_X1Y39          FDRE                                         r  out_reg[8]/C
  -------------------------------------------------------------------    -------------------
    SLICE_X1Y39          FDRE (Prop_fdre_C_Q)         0.456     5.122 r  out_reg[8]/Q
                         net (fo=1, routed)           1.530     6.651    out_OBUF[8]
    R13                  OBUF (Prop_obuf_I_O)         2.633     9.284 r  out_OBUF[8]_inst/O
                         net (fo=0)                   0.000     9.284    out[8]
    R13                                                               r  out[8]
  -------------------------------------------------------------------    -------------------

                         (clock clk rise edge)        4.000     4.000 r  <hidden>
                         clock pessimism              0.000     4.000    <hidden>
                         clock uncertainty           -0.035     3.965    <hidden>
                         output delay                -0.000     3.965    <hidden>
  -------------------------------------------------------------------
                         required time                          3.965    <hidden>
                         arrival time                          -9.284    <hidden>
  -------------------------------------------------------------------
                         slack                                 -5.320    <hidden>

Slack (VIOLATED) :        -5.319ns  (required time - arrival time)
  Source:                 out_reg[11]/C
                            (rising edge-triggered cell FDRE clocked by clk  {rise@0.000ns fall@2.000ns period=4.000ns})
  Destination:            out[11]
                            (output port clocked by clk  {rise@0.000ns fall@2.000ns period=4.000ns})
  Path Group:             clk
  Path Type:              Max at Slow Process Corner
  Requirement:            4.000ns  (clk rise@4.000ns - clk rise@0.000ns)
  Data Path Delay:        4.617ns  (logic 3.087ns (66.872%)  route 1.530ns (33.128%))
  Logic Levels:           1  (OBUF=1)
  Output Delay:           0.000ns
  Clock Path Skew:        -4.667ns (DCD - SCD + CPR)
    Destination Clock Delay (DCD):    0.000ns = ( 4.000 - 4.000 ) 
    Source Clock Delay      (SCD):    4.667ns
    Clock Pessimism Removal (CPR):    0.000ns
  Clock Uncertainty:      0.035ns  ((TSJ^2 + TIJ^2)^1/2 + DJ) / 2 + PE
    Total System Jitter     (TSJ):    0.071ns
    Total Input Jitter      (TIJ):    0.000ns
    Discrete Jitter          (DJ):    0.000ns
    Phase Error              (PE):    0.000ns

    Location             Delay type                Incr(ns)  Path(ns)    Netlist Resource(s)
  -------------------------------------------------------------------    -------------------
                         (clock clk rise edge)        0.000     0.000 r  <hidden>
    N15                                               0.000     0.000 r  clk
                         net (fo=0)                   0.000     0.000    clk
    N15                  IBUF (Prop_ibuf_I_O)         0.962     0.962 r  clk_IBUF_inst/O
                         net (fo=1, routed)           1.972     2.933    clk_IBUF
    BUFGCTRL_X0Y0        BUFG (Prop_bufg_I_O)         0.096     3.029 r  clk_IBUF_BUFG_inst/O
                         net (fo=31, routed)          1.637     4.667    clk_IBUF_BUFG
    SLICE_X1Y42          FDRE                                         r  out_reg[11]/C
  -------------------------------------------------------------------    -------------------
    SLICE_X1Y42          FDRE (Prop_fdre_C_Q)         0.456     5.123 r  out_reg[11]/Q
                         net (fo=1, routed)           1.530     6.652    out_OBUF[11]
    L18                  OBUF (Prop_obuf_I_O)         2.631     9.284 r  out_OBUF[11]_inst/O
                         net (fo=0)                   0.000     9.284    out[11]
    L18                                                               r  out[11]
  -------------------------------------------------------------------    -------------------

                         (clock clk rise edge)        4.000     4.000 r  <hidden>
                         clock pessimism              0.000     4.000    <hidden>
                         clock uncertainty           -0.035     3.965    <hidden>
                         output delay                -0.000     3.965    <hidden>
  -------------------------------------------------------------------
                         required time                          3.965    <hidden>
                         arrival time                          -9.284    <hidden>
  -------------------------------------------------------------------
                         slack                                 -5.319    <hidden>

Slack (VIOLATED) :        -5.315ns  (required time - arrival time)
  Source:                 out_reg[10]/C
                            (rising edge-triggered cell FDRE clocked by clk  {rise@0.000ns fall@2.000ns period=4.000ns})
  Destination:            out[10]
                            (output port clocked by clk  {rise@0.000ns fall@2.000ns period=4.000ns})
  Path Group:             clk
  Path Type:              Max at Slow Process Corner
  Requirement:            4.000ns  (clk rise@4.000ns - clk rise@0.000ns)
  Data Path Delay:        4.612ns  (logic 3.083ns (66.839%)  route 1.530ns (33.161%))
  Logic Levels:           1  (OBUF=1)
  Output Delay:           0.000ns
  Clock Path Skew:        -4.667ns (DCD - SCD + CPR)
    Destination Clock Delay (DCD):    0.000ns = ( 4.000 - 4.000 ) 
    Source Clock Delay      (SCD):    4.667ns
    Clock Pessimism Removal (CPR):    0.000ns
  Clock Uncertainty:      0.035ns  ((TSJ^2 + TIJ^2)^1/2 + DJ) / 2 + PE
    Total System Jitter     (TSJ):    0.071ns
    Total Input Jitter      (TIJ):    0.000ns
    Discrete Jitter          (DJ):    0.000ns
    Phase Error              (PE):    0.000ns

    Location             Delay type                Incr(ns)  Path(ns)    Netlist Resource(s)
  -------------------------------------------------------------------    -------------------
                         (clock clk rise edge)        0.000     0.000 r  <hidden>
    N15                                               0.000     0.000 r  clk
                         net (fo=0)                   0.000     0.000    clk
    N15                  IBUF (Prop_ibuf_I_O)         0.962     0.962 r  clk_IBUF_inst/O
                         net (fo=1, routed)           1.972     2.933    clk_IBUF
    BUFGCTRL_X0Y0        BUFG (Prop_bufg_I_O)         0.096     3.029 r  clk_IBUF_BUFG_inst/O
                         net (fo=31, routed)          1.637     4.667    clk_IBUF_BUFG
    SLICE_X1Y41          FDRE                                         r  out_reg[10]/C
  -------------------------------------------------------------------    -------------------
    SLICE_X1Y41          FDRE (Prop_fdre_C_Q)         0.456     5.123 r  out_reg[10]/Q
                         net (fo=1, routed)           1.530     6.652    out_OBUF[10]
    M18                  OBUF (Prop_obuf_I_O)         2.627     9.279 r  out_OBUF[10]_inst/O
                         net (fo=0)                   0.000     9.279    out[10]
    M18                                                               r  out[10]
  -------------------------------------------------------------------    -------------------

                         (clock clk rise edge)        4.000     4.000 r  <hidden>
                         clock pessimism              0.000     4.000    <hidden>
                         clock uncertainty           -0.035     3.965    <hidden>
                         output delay                -0.000     3.965    <hidden>
  -------------------------------------------------------------------
                         required time                          3.965    <hidden>
                         arrival time                          -9.279    <hidden>
  -------------------------------------------------------------------
                         slack                                 -5.315    <hidden>

Slack (VIOLATED) :        -5.314ns  (required time - arrival time)
  Source:                 out_valid_reg/C
                            (rising edge-triggered cell FDRE clocked by clk  {rise@0.000ns fall@2.000ns period=4.000ns})
  Destination:            out_valid
                            (output port clocked by clk  {rise@0.000ns fall@2.000ns period=4.000ns})
  Path Group:             clk
  Path Type:              Max at Slow Process Corner
  Requirement:            4.000ns  (clk rise@4.000ns - clk rise@0.000ns)
  Data Path Delay:        4.611ns  (logic 3.081ns (66.827%)  route 1.530ns (33.173%))
  Logic Levels:           1  (OBUF=1)
  Output Delay:           0.000ns
  Clock Path Skew:        -4.668ns (DCD - SCD + CPR)
    Destination Clock Delay (DCD):    0.000ns = ( 4.000 - 4.000 ) 
    Source Clock Delay      (SCD):    4.668ns
    Clock Pessimism Removal (CPR):    0.000ns
  Clock Uncertainty:      0.035ns  ((TSJ^2 + TIJ^2)^1/2 + DJ) / 2 + PE
    Total System Jitter     (TSJ):    0.071ns
    Total Input Jitter      (TIJ):    0.000ns
    Discrete Jitter          (DJ):    0.000ns
    Phase Error              (PE):    0.000ns

    Location             Delay type                Incr(ns)  Path(ns)    Netlist Resource(s)
  -------------------------------------------------------------------    -------------------
                         (clock clk rise edge)        0.000     0.000 r  <hidden>
    N15                                               0.000     0.000 r  clk
                         net (fo=0)                   0.000     0.000    clk
    N15                  IBUF (Prop_ibuf_I_O)         0.962     0.962 r  clk_IBUF_inst/O
                         net (fo=1, routed)           1.972     2.933    clk_IBUF
    BUFGCTRL_X0Y0        BUFG (Prop_bufg_I_O)         0.096     3.029 r  clk_IBUF_BUFG_inst/O
                         net (fo=31, routed)          1.638     4.668    clk_IBUF_BUFG
    SLICE_X1Y45          FDRE                                         r  out_valid_reg/C
  -------------------------------------------------------------------    -------------------
    SLICE_X1Y45          FDRE (Prop_fdre_C_Q)         0.456     5.124 r  out_valid_reg/Q
                         net (fo=1, routed)           1.530     6.653    out_valid_OBUF
    M14                  OBUF (Prop_obuf_I_O)         2.625     9.278 r  out_valid_OBUF_inst/O
                         net (fo=0)                   0.000     9.278    out_valid
    M14                                                               r  out_valid
  -------------------------------------------------------------------    -------------------

                         (clock clk rise edge)        4.000     4.000 r  <hidden>
                         clock pessimism              0.000     4.000    <hidden>
                         clock uncertainty           -0.035     3.965    <hidden>
                         output delay                -0.000     3.965    <hidden>
  -------------------------------------------------------------------
                         required time                          3.965    <hidden>
                         arrival time                          -9.278    <hidden>
  -------------------------------------------------------------------
                         slack                                 -5.314    <hidden>

Slack (VIOLATED) :        -5.309ns  (required time - arrival time)
  Source:                 out_reg[2]/C
                            (rising edge-triggered cell FDRE clocked by clk  {rise@0.000ns fall@2.000ns period=4.000ns})
  Destination:            out[2]
                            (output port clocked by clk  {rise@0.000ns fall@2.000ns period=4.000ns})
  Path Group:             clk
  Path Type:              Max at Slow Process Corner
  Requirement:            4.000ns  (clk rise@4.000ns - clk rise@0.000ns)
  Data Path Delay:        4.613ns  (logic 3.084ns (66.846%)  route 1.530ns (33.154%))
  Logic Levels:           1  (OBUF=1)
  Output Delay:           0.000ns
  Clock Path Skew:        -4.660ns (DCD - SCD + CPR)
    Destination Clock Delay (DCD):    0.000ns = ( 4.000 - 4.000 ) 
    Source Clock Delay      (SCD):    4.660ns
    Clock Pessimism Removal (CPR):    0.000ns
  Clock Uncertainty:      0.035ns  ((TSJ^2 + TIJ^2)^1/2 + DJ) / 2 + PE
    Total System Jitter     (TSJ):    0.071ns
    Total Input Jitter      (TIJ):    0.000ns
    Discrete Jitter          (DJ):    0.000ns
    Phase Error              (PE):    0.000ns

    Location             Delay type                Incr(ns)  Path(ns)    Netlist Resource(s)
  -------------------------------------------------------------------    -------------------
                         (clock clk rise edge)        0.000     0.000 r  <hidden>
    N15                                               0.000     0.000 r  clk
                         net (fo=0)                   0.000     0.000    clk
    N15                  IBUF (Prop_ibuf_I_O)         0.962     0.962 r  clk_IBUF_inst/O
                         net (fo=1, routed)           1.972     2.933    clk_IBUF
    BUFGCTRL_X0Y0        BUFG (Prop_bufg_I_O)         0.096     3.029 r  clk_IBUF_BUFG_inst/O
                         net (fo=31, routed)          1.630     4.660    clk_IBUF_BUFG
    SLICE_X1Y33          FDRE                                         r  out_reg[2]/C
  -------------------------------------------------------------------    -------------------
    SLICE_X1Y33          FDRE (Prop_fdre_C_Q)         0.456     5.116 r  out_reg[2]/Q
                         net (fo=1, routed)           1.530     6.645    out_OBUF[2]
    P14                  OBUF (Prop_obuf_I_O)         2.628     9.273 r  out_OBUF[2]_inst/O
                         net (fo=0)                   0.000     9.273    out[2]
    P14                                                               r  out[2]
  -------------------------------------------------------------------    -------------------

                         (clock clk rise edge)        4.000     4.000 r  <hidden>
                         clock pessimism              0.000     4.000    <hidden>
                         clock uncertainty           -0.035     3.965    <hidden>
                         output delay                -0.000     3.965    <hidden>
  -------------------------------------------------------------------
                         required time                          3.965    <hidden>
                         arrival time                          -9.273    <hidden>
  -------------------------------------------------------------------
                         slack                                 -5.309    <hidden>





Pulse Width Checks
--------------------------------------------------------------------------------------
Clock Name:         clk
Waveform(ns):       { 0.000 2.000 }
Period(ns):         4.000
Sources:            { clk }

Check Type        Corner  Lib Pin  Reference Pin  Required(ns)  Actual(ns)  Slack(ns)  Location       Pin
Min Period        n/a     BUFG/I   n/a            2.155         4.000       1.845      BUFGCTRL_X0Y0  clk_IBUF_BUFG_inst/I
Min Period        n/a     FDRE/C   n/a            1.000         4.000       3.000      SLICE_X0Y21    d1_reg[0]/C
Min Period        n/a     FDRE/C   n/a            1.000         4.000       3.000      SLICE_X0Y23    d1_reg[10]/C
Min Period        n/a     FDRE/C   n/a            1.000         4.000       3.000      SLICE_X0Y23    d1_reg[11]/C
Min Period        n/a     FDRE/C   n/a            1.000         4.000       3.000      SLICE_X0Y24    d1_reg[12]/C
Min Period        n/a     FDRE/C   n/a            1.000         4.000       3.000      SLICE_X0Y24    d1_reg[13]/C
Min Period        n/a     FDRE/C   n/a            1.000         4.000       3.000      SLICE_X0Y24    d1_reg[14]/C
Min Period        n/a     FDRE/C   n/a            1.000         4.000       3.000      SLICE_X0Y21    d1_reg[1]/C
Min Period        n/a     FDRE/C   n/a            1.000         4.000       3.000      SLICE_X0Y21    d1_reg[2]/C
Min Period        n/a     FDRE/C   n/a            1.000         4.000       3.000      SLICE_X0Y21    d1_reg[3]/C
Low Pulse Width   Slow    FDRE/C   n/a            0.500         2.000       1.500      SLICE_X0Y21    d1_reg[0]/C
Low Pulse Width   Fast    FDRE/C   n/a            0.500         2.000       1.500      SLICE_X0Y21    d1_reg[0]/C
Low Pulse Width   Slow    FDRE/C   n/a            0.500         2.000       1.500      SLICE_X0Y23    d1_reg[10]/C
Low Pulse Width   Fast    FDRE/C   n/a            0.500         2.000       1.500      SLICE_X0Y23    d1_reg[10]/C
Low Pulse Width   Slow    FDRE/C   n/a            0.500         2.000       1.500      SLICE_X0Y23    d1_reg[11]/C
Low Pulse Width   Fast    FDRE/C   n/a            0.500         2.000       1.500      SLICE_X0Y23    d1_reg[11]/C
Low Pulse Width   Slow    FDRE/C   n/a            0.500         2.000       1.500      SLICE_X0Y24    d1_reg[12]/C
Low Pulse Width   Fast    FDRE/C   n/a            0.500         2.000       1.500      SLICE_X0Y24    d1_reg[12]/C
Low Pulse Width   Slow    FDRE/C   n/a            0.500         2.000       1.500      SLICE_X0Y24    d1_reg[13]/C
Low Pulse Width   Fast    FDRE/C   n/a            0.500         2.000       1.500      SLICE_X0Y24    d1_reg[13]/C
High Pulse Width  Slow    FDRE/C   n/a            0.500         2.000       1.500      SLICE_X0Y21    d1_reg[0]/C
High Pulse Width  Fast    FDRE/C   n/a            0.500         2.000       1.500      SLICE_X0Y21    d1_reg[0]/C
High Pulse Width  Slow    FDRE/C   n/a            0.500         2.000       1.500      SLICE_X0Y23    d1_reg[10]/C
High Pulse Width  Fast    FDRE/C   n/a            0.500         2.000       1.500      SLICE_X0Y23    d1_reg[10]/C
High Pulse Width  Slow    FDRE/C   n/a            0.500         2.000       1.500      SLICE_X0Y23    d1_reg[11]/C
High Pulse Width  Fast    FDRE/C   n/a            0.500         2.000       1.500      SLICE_X0Y23    d1_reg[11]/C
High Pulse Width  Slow    FDRE/C   n/a            0.500         2.000       1.500      SLICE_X0Y24    d1_reg[12]/C
High Pulse Width  Fast    FDRE/C   n/a            0.500         2.000       1.500      SLICE_X0Y24    d1_reg[12]/C
High Pulse Width  Slow    FDRE/C   n/a            0.500         2.000       1.500      SLICE_X0Y24    d1_reg[13]/C
High Pulse Width  Fast    FDRE/C   n/a            0.500         2.000       1.500      SLICE_X0Y24    d1_reg[13]/C



