Copyright 1986-2022 Xilinx, Inc. All Rights Reserved. Copyright 2022-2026 Advanced Micro Devices, Inc. All Rights Reserved.
---------------------------------------------------------------------------------------------------------------------------------------------
| Tool Version : Vivado v.2026.1 (win64) Build 6511674 Tue Jun 16 11:02:23 MDT 2026
| Date         : Thu Jun 25 16:08:53 2026
| Host         : Reaper running 64-bit major release  (build 9200)
| Command      : report_timing_summary -delay_type max -max_paths 10 -file ./phase5_out/timing_summary.rpt
| Design       : rns41580
| Device       : 7a35t-csg324
| Speed File   : -1  PRODUCTION 1.23 2018-06-13
| Design State : Routed
---------------------------------------------------------------------------------------------------------------------------------------------

Timing Summary Report

------------------------------------------------------------------------------------------------
| Timer Settings
| --------------
------------------------------------------------------------------------------------------------

  Enable Multi Corner Analysis               :  Yes
  Enable Pessimism Removal                   :  Yes
  Pessimism Removal Resolution               :  Nearest Common Node
  Enable Input Delay Default Clock           :  No
  Enable Preset / Clear Arcs                 :  No
  Disable Flight Delays                      :  No
  Ignore I/O Paths                           :  No
  Timing Early Launch at Borrowing Latches   :  No
  Borrow Time for Max Delay Exceptions       :  Yes
  Merge Timing Exceptions                    :  Yes
  Inter-SLR Compensation                     :  Conservative

  Corner  Analyze    Analyze    
  Name    Max Paths  Min Paths  
  ------  ---------  ---------  
  Slow    Yes        Yes        
  Fast    Yes        Yes        


------------------------------------------------------------------------------------------------
| Report Methodology
| ------------------
------------------------------------------------------------------------------------------------

No report available as report_methodology has not been run prior. Run report_methodology on the current design for the summary of methodology violations.



check_timing report

Table of Contents
-----------------
1. checking no_clock (0)
2. checking constant_clock (0)
3. checking pulse_width_clock (0)
4. checking unconstrained_internal_endpoints (0)
5. checking no_input_delay (0)
6. checking no_output_delay (0)
7. checking multiple_clock (0)
8. checking generated_clocks (0)
9. checking loops (0)
10. checking partial_input_delay (0)
11. checking partial_output_delay (0)
12. checking latch_loops (0)

1. checking no_clock (0)
------------------------
 There are 0 register/latch pins with no clock.


2. checking constant_clock (0)
------------------------------
 There are 0 register/latch pins with constant_clock.


3. checking pulse_width_clock (0)
---------------------------------
 There are 0 register/latch pins which need pulse_width check


4. checking unconstrained_internal_endpoints (0)
------------------------------------------------
 There are 0 pins that are not constrained for maximum delay.

 There are 0 pins that are not constrained for maximum delay due to constant clock.


5. checking no_input_delay (0)
------------------------------
 There are 0 input ports with no input delay specified.

 There are 0 input ports with no input delay but user has a false path constraint.


6. checking no_output_delay (0)
-------------------------------
 There are 0 ports with no output delay specified.

 There are 0 ports with no output delay but user has a false path constraint

 There are 0 ports with no output delay but with a timing clock defined on it or propagating through it


7. checking multiple_clock (0)
------------------------------
 There are 0 register/latch pins with multiple clocks.


8. checking generated_clocks (0)
--------------------------------
 There are 0 generated clocks that are not connected to a clock source.


9. checking loops (0)
---------------------
 There are 0 combinational loops in the design.


10. checking partial_input_delay (0)
------------------------------------
 There are 0 input ports with partial input delay specified.


11. checking partial_output_delay (0)
-------------------------------------
 There are 0 ports with partial output delay specified.


12. checking latch_loops (0)
----------------------------
 There are 0 combinational latch loops in the design through latch input



------------------------------------------------------------------------------------------------
| Design Timing Summary
| ---------------------
------------------------------------------------------------------------------------------------

    WNS(ns)      TNS(ns)  TNS Failing Endpoints  TNS Total Endpoints     WPWS(ns)     TPWS(ns)  TPWS Failing Endpoints  TPWS Total Endpoints  
    -------      -------  ---------------------  -------------------     --------     --------  ----------------------  --------------------  
     -5.479     -215.271                     59                  101        1.424        0.000                       0                    72  


Timing constraints are not met.


------------------------------------------------------------------------------------------------
| Clock Summary
| -------------
------------------------------------------------------------------------------------------------

Clock  Waveform(ns)         Period(ns)      Frequency(MHz)
-----  ------------         ----------      --------------
clk    {0.000 2.000}        4.000           250.000         


------------------------------------------------------------------------------------------------
| Intra Clock Table
| -----------------
------------------------------------------------------------------------------------------------

Clock             WNS(ns)      TNS(ns)  TNS Failing Endpoints  TNS Total Endpoints     WPWS(ns)     TPWS(ns)  TPWS Failing Endpoints  TPWS Total Endpoints  
-----             -------      -------  ---------------------  -------------------     --------     --------  ----------------------  --------------------  
clk                -5.479     -215.271                     59                  101        1.424        0.000                       0                    72  


------------------------------------------------------------------------------------------------
| Inter Clock Table
| -----------------
------------------------------------------------------------------------------------------------

From Clock    To Clock          WNS(ns)      TNS(ns)  TNS Failing Endpoints  TNS Total Endpoints  
----------    --------          -------      -------  ---------------------  -------------------  


------------------------------------------------------------------------------------------------
| Other Path Groups Table
| -----------------------
------------------------------------------------------------------------------------------------

Path Group    From Clock    To Clock          WNS(ns)      TNS(ns)  TNS Failing Endpoints  TNS Total Endpoints  
----------    ----------    --------          -------      -------  ---------------------  -------------------  


------------------------------------------------------------------------------------------------
| Timing Details
| --------------
------------------------------------------------------------------------------------------------


---------------------------------------------------------------------------------------------------
From Clock:  clk
  To Clock:  clk

Setup :           59  Failing Endpoints,  Worst Slack       -5.479ns,  Total Violation     -215.271ns
Hold  :           NA  Failing Endpoints,  Worst Slack           NA  ,  Total Violation           NA
PW    :            0  Failing Endpoints,  Worst Slack        1.424ns,  Total Violation        0.000ns
---------------------------------------------------------------------------------------------------


Max Delay Paths
--------------------------------------------------------------------------------------
Slack (VIOLATED) :        -5.479ns  (required time - arrival time)
  Source:                 out_reg[8]/C
                            (rising edge-triggered cell FDRE clocked by clk  {rise@0.000ns fall@2.000ns period=4.000ns})
  Destination:            out[8]
                            (output port clocked by clk  {rise@0.000ns fall@2.000ns period=4.000ns})
  Path Group:             clk
  Path Type:              Max at Slow Process Corner
  Requirement:            4.000ns  (clk rise@4.000ns - clk rise@0.000ns)
  Data Path Delay:        4.789ns  (logic 3.113ns (65.009%)  route 1.676ns (34.991%))
  Logic Levels:           1  (OBUF=1)
  Output Delay:           0.000ns
  Clock Path Skew:        -4.655ns (DCD - SCD + CPR)
    Destination Clock Delay (DCD):    0.000ns = ( 4.000 - 4.000 ) 
    Source Clock Delay      (SCD):    4.655ns
    Clock Pessimism Removal (CPR):    0.000ns
  Clock Uncertainty:      0.035ns  ((TSJ^2 + TIJ^2)^1/2 + DJ) / 2 + PE
    Total System Jitter     (TSJ):    0.071ns
    Total Input Jitter      (TIJ):    0.000ns
    Discrete Jitter          (DJ):    0.000ns
    Phase Error              (PE):    0.000ns

    Location             Delay type                Incr(ns)  Path(ns)    Netlist Resource(s)
  -------------------------------------------------------------------    -------------------
                         (clock clk rise edge)        0.000     0.000 r  <hidden>
    N15                                               0.000     0.000 r  clk
                         net (fo=0)                   0.000     0.000    clk
    N15                  IBUF (Prop_ibuf_I_O)         0.962     0.962 r  clk_IBUF_inst/O
                         net (fo=1, routed)           1.972     2.933    clk_IBUF
    BUFGCTRL_X0Y0        BUFG (Prop_bufg_I_O)         0.096     3.029 r  clk_IBUF_BUFG_inst/O
                         net (fo=71, routed)          1.626     4.655    clk_IBUF_BUFG
    SLICE_X0Y56          FDRE                                         r  out_reg[8]/C
  -------------------------------------------------------------------    -------------------
    SLICE_X0Y56          FDRE (Prop_fdre_C_Q)         0.456     5.111 r  out_reg[8]/Q
                         net (fo=1, routed)           1.676     6.787    out_OBUF[8]
    E18                  OBUF (Prop_obuf_I_O)         2.657     9.444 r  out_OBUF[8]_inst/O
                         net (fo=0)                   0.000     9.444    out[8]
    E18                                                               r  out[8]
  -------------------------------------------------------------------    -------------------

                         (clock clk rise edge)        4.000     4.000 r  <hidden>
                         clock pessimism              0.000     4.000    <hidden>
                         clock uncertainty           -0.035     3.965    <hidden>
                         output delay                -0.000     3.965    <hidden>
  -------------------------------------------------------------------
                         required time                          3.965    <hidden>
                         arrival time                          -9.444    <hidden>
  -------------------------------------------------------------------
                         slack                                 -5.479    <hidden>

Slack (VIOLATED) :        -5.460ns  (required time - arrival time)
  Source:                 out_reg[7]/C
                            (rising edge-triggered cell FDRE clocked by clk  {rise@0.000ns fall@2.000ns period=4.000ns})
  Destination:            out[7]
                            (output port clocked by clk  {rise@0.000ns fall@2.000ns period=4.000ns})
  Path Group:             clk
  Path Type:              Max at Slow Process Corner
  Requirement:            4.000ns  (clk rise@4.000ns - clk rise@0.000ns)
  Data Path Delay:        4.769ns  (logic 3.107ns (65.136%)  route 1.663ns (34.864%))
  Logic Levels:           1  (OBUF=1)
  Output Delay:           0.000ns
  Clock Path Skew:        -4.655ns (DCD - SCD + CPR)
    Destination Clock Delay (DCD):    0.000ns = ( 4.000 - 4.000 ) 
    Source Clock Delay      (SCD):    4.655ns
    Clock Pessimism Removal (CPR):    0.000ns
  Clock Uncertainty:      0.035ns  ((TSJ^2 + TIJ^2)^1/2 + DJ) / 2 + PE
    Total System Jitter     (TSJ):    0.071ns
    Total Input Jitter      (TIJ):    0.000ns
    Discrete Jitter          (DJ):    0.000ns
    Phase Error              (PE):    0.000ns

    Location             Delay type                Incr(ns)  Path(ns)    Netlist Resource(s)
  -------------------------------------------------------------------    -------------------
                         (clock clk rise edge)        0.000     0.000 r  <hidden>
    N15                                               0.000     0.000 r  clk
                         net (fo=0)                   0.000     0.000    clk
    N15                  IBUF (Prop_ibuf_I_O)         0.962     0.962 r  clk_IBUF_inst/O
                         net (fo=1, routed)           1.972     2.933    clk_IBUF
    BUFGCTRL_X0Y0        BUFG (Prop_bufg_I_O)         0.096     3.029 r  clk_IBUF_BUFG_inst/O
                         net (fo=71, routed)          1.626     4.655    clk_IBUF_BUFG
    SLICE_X1Y56          FDRE                                         r  out_reg[7]/C
  -------------------------------------------------------------------    -------------------
    SLICE_X1Y56          FDRE (Prop_fdre_C_Q)         0.456     5.111 r  out_reg[7]/Q
                         net (fo=1, routed)           1.663     6.774    out_OBUF[7]
    D18                  OBUF (Prop_obuf_I_O)         2.651     9.425 r  out_OBUF[7]_inst/O
                         net (fo=0)                   0.000     9.425    out[7]
    D18                                                               r  out[7]
  -------------------------------------------------------------------    -------------------

                         (clock clk rise edge)        4.000     4.000 r  <hidden>
                         clock pessimism              0.000     4.000    <hidden>
                         clock uncertainty           -0.035     3.965    <hidden>
                         output delay                -0.000     3.965    <hidden>
  -------------------------------------------------------------------
                         required time                          3.965    <hidden>
                         arrival time                          -9.425    <hidden>
  -------------------------------------------------------------------
                         slack                                 -5.460    <hidden>

Slack (VIOLATED) :        -5.456ns  (required time - arrival time)
  Source:                 out_reg[3]/C
                            (rising edge-triggered cell FDRE clocked by clk  {rise@0.000ns fall@2.000ns period=4.000ns})
  Destination:            out[3]
                            (output port clocked by clk  {rise@0.000ns fall@2.000ns period=4.000ns})
  Path Group:             clk
  Path Type:              Max at Slow Process Corner
  Requirement:            4.000ns  (clk rise@4.000ns - clk rise@0.000ns)
  Data Path Delay:        4.765ns  (logic 3.104ns (65.147%)  route 1.661ns (34.853%))
  Logic Levels:           1  (OBUF=1)
  Output Delay:           0.000ns
  Clock Path Skew:        -4.655ns (DCD - SCD + CPR)
    Destination Clock Delay (DCD):    0.000ns = ( 4.000 - 4.000 ) 
    Source Clock Delay      (SCD):    4.655ns
    Clock Pessimism Removal (CPR):    0.000ns
  Clock Uncertainty:      0.035ns  ((TSJ^2 + TIJ^2)^1/2 + DJ) / 2 + PE
    Total System Jitter     (TSJ):    0.071ns
    Total Input Jitter      (TIJ):    0.000ns
    Discrete Jitter          (DJ):    0.000ns
    Phase Error              (PE):    0.000ns

    Location             Delay type                Incr(ns)  Path(ns)    Netlist Resource(s)
  -------------------------------------------------------------------    -------------------
                         (clock clk rise edge)        0.000     0.000 r  <hidden>
    N15                                               0.000     0.000 r  clk
                         net (fo=0)                   0.000     0.000    clk
    N15                  IBUF (Prop_ibuf_I_O)         0.962     0.962 r  clk_IBUF_inst/O
                         net (fo=1, routed)           1.972     2.933    clk_IBUF
    BUFGCTRL_X0Y0        BUFG (Prop_bufg_I_O)         0.096     3.029 r  clk_IBUF_BUFG_inst/O
                         net (fo=71, routed)          1.626     4.655    clk_IBUF_BUFG
    SLICE_X1Y53          FDRE                                         r  out_reg[3]/C
  -------------------------------------------------------------------    -------------------
    SLICE_X1Y53          FDRE (Prop_fdre_C_Q)         0.456     5.111 r  out_reg[3]/Q
                         net (fo=1, routed)           1.661     6.772    out_OBUF[3]
    J18                  OBUF (Prop_obuf_I_O)         2.648     9.420 r  out_OBUF[3]_inst/O
                         net (fo=0)                   0.000     9.420    out[3]
    J18                                                               r  out[3]
  -------------------------------------------------------------------    -------------------

                         (clock clk rise edge)        4.000     4.000 r  <hidden>
                         clock pessimism              0.000     4.000    <hidden>
                         clock uncertainty           -0.035     3.965    <hidden>
                         output delay                -0.000     3.965    <hidden>
  -------------------------------------------------------------------
                         required time                          3.965    <hidden>
                         arrival time                          -9.420    <hidden>
  -------------------------------------------------------------------
                         slack                                 -5.456    <hidden>

Slack (VIOLATED) :        -5.453ns  (required time - arrival time)
  Source:                 out_reg[6]/C
                            (rising edge-triggered cell FDRE clocked by clk  {rise@0.000ns fall@2.000ns period=4.000ns})
  Destination:            out[6]
                            (output port clocked by clk  {rise@0.000ns fall@2.000ns period=4.000ns})
  Path Group:             clk
  Path Type:              Max at Slow Process Corner
  Requirement:            4.000ns  (clk rise@4.000ns - clk rise@0.000ns)
  Data Path Delay:        4.762ns  (logic 3.101ns (65.127%)  route 1.661ns (34.873%))
  Logic Levels:           1  (OBUF=1)
  Output Delay:           0.000ns
  Clock Path Skew:        -4.655ns (DCD - SCD + CPR)
    Destination Clock Delay (DCD):    0.000ns = ( 4.000 - 4.000 ) 
    Source Clock Delay      (SCD):    4.655ns
    Clock Pessimism Removal (CPR):    0.000ns
  Clock Uncertainty:      0.035ns  ((TSJ^2 + TIJ^2)^1/2 + DJ) / 2 + PE
    Total System Jitter     (TSJ):    0.071ns
    Total Input Jitter      (TIJ):    0.000ns
    Discrete Jitter          (DJ):    0.000ns
    Phase Error              (PE):    0.000ns

    Location             Delay type                Incr(ns)  Path(ns)    Netlist Resource(s)
  -------------------------------------------------------------------    -------------------
                         (clock clk rise edge)        0.000     0.000 r  <hidden>
    N15                                               0.000     0.000 r  clk
                         net (fo=0)                   0.000     0.000    clk
    N15                  IBUF (Prop_ibuf_I_O)         0.962     0.962 r  clk_IBUF_inst/O
                         net (fo=1, routed)           1.972     2.933    clk_IBUF
    BUFGCTRL_X0Y0        BUFG (Prop_bufg_I_O)         0.096     3.029 r  clk_IBUF_BUFG_inst/O
                         net (fo=71, routed)          1.626     4.655    clk_IBUF_BUFG
    SLICE_X1Y56          FDRE                                         r  out_reg[6]/C
  -------------------------------------------------------------------    -------------------
    SLICE_X1Y56          FDRE (Prop_fdre_C_Q)         0.456     5.111 r  out_reg[6]/Q
                         net (fo=1, routed)           1.661     6.772    out_OBUF[6]
    G18                  OBUF (Prop_obuf_I_O)         2.645     9.418 r  out_OBUF[6]_inst/O
                         net (fo=0)                   0.000     9.418    out[6]
    G18                                                               r  out[6]
  -------------------------------------------------------------------    -------------------

                         (clock clk rise edge)        4.000     4.000 r  <hidden>
                         clock pessimism              0.000     4.000    <hidden>
                         clock uncertainty           -0.035     3.965    <hidden>
                         output delay                -0.000     3.965    <hidden>
  -------------------------------------------------------------------
                         required time                          3.965    <hidden>
                         arrival time                          -9.418    <hidden>
  -------------------------------------------------------------------
                         slack                                 -5.453    <hidden>

Slack (VIOLATED) :        -5.450ns  (required time - arrival time)
  Source:                 out_reg[2]/C
                            (rising edge-triggered cell FDRE clocked by clk  {rise@0.000ns fall@2.000ns period=4.000ns})
  Destination:            out[2]
                            (output port clocked by clk  {rise@0.000ns fall@2.000ns period=4.000ns})
  Path Group:             clk
  Path Type:              Max at Slow Process Corner
  Requirement:            4.000ns  (clk rise@4.000ns - clk rise@0.000ns)
  Data Path Delay:        4.759ns  (logic 3.092ns (64.966%)  route 1.667ns (35.034%))
  Logic Levels:           1  (OBUF=1)
  Output Delay:           0.000ns
  Clock Path Skew:        -4.655ns (DCD - SCD + CPR)
    Destination Clock Delay (DCD):    0.000ns = ( 4.000 - 4.000 ) 
    Source Clock Delay      (SCD):    4.655ns
    Clock Pessimism Removal (CPR):    0.000ns
  Clock Uncertainty:      0.035ns  ((TSJ^2 + TIJ^2)^1/2 + DJ) / 2 + PE
    Total System Jitter     (TSJ):    0.071ns
    Total Input Jitter      (TIJ):    0.000ns
    Discrete Jitter          (DJ):    0.000ns
    Phase Error              (PE):    0.000ns

    Location             Delay type                Incr(ns)  Path(ns)    Netlist Resource(s)
  -------------------------------------------------------------------    -------------------
                         (clock clk rise edge)        0.000     0.000 r  <hidden>
    N15                                               0.000     0.000 r  clk
                         net (fo=0)                   0.000     0.000    clk
    N15                  IBUF (Prop_ibuf_I_O)         0.962     0.962 r  clk_IBUF_inst/O
                         net (fo=1, routed)           1.972     2.933    clk_IBUF
    BUFGCTRL_X0Y0        BUFG (Prop_bufg_I_O)         0.096     3.029 r  clk_IBUF_BUFG_inst/O
                         net (fo=71, routed)          1.626     4.655    clk_IBUF_BUFG
    SLICE_X1Y53          FDRE                                         r  out_reg[2]/C
  -------------------------------------------------------------------    -------------------
    SLICE_X1Y53          FDRE (Prop_fdre_C_Q)         0.456     5.111 r  out_reg[2]/Q
                         net (fo=1, routed)           1.667     6.779    out_OBUF[2]
    K15                  OBUF (Prop_obuf_I_O)         2.636     9.415 r  out_OBUF[2]_inst/O
                         net (fo=0)                   0.000     9.415    out[2]
    K15                                                               r  out[2]
  -------------------------------------------------------------------    -------------------

                         (clock clk rise edge)        4.000     4.000 r  <hidden>
                         clock pessimism              0.000     4.000    <hidden>
                         clock uncertainty           -0.035     3.965    <hidden>
                         output delay                -0.000     3.965    <hidden>
  -------------------------------------------------------------------
                         required time                          3.965    <hidden>
                         arrival time                          -9.415    <hidden>
  -------------------------------------------------------------------
                         slack                                 -5.450    <hidden>

Slack (VIOLATED) :        -5.421ns  (required time - arrival time)
  Source:                 out_reg[14]/C
                            (rising edge-triggered cell FDRE clocked by clk  {rise@0.000ns fall@2.000ns period=4.000ns})
  Destination:            out[14]
                            (output port clocked by clk  {rise@0.000ns fall@2.000ns period=4.000ns})
  Path Group:             clk
  Path Type:              Max at Slow Process Corner
  Requirement:            4.000ns  (clk rise@4.000ns - clk rise@0.000ns)
  Data Path Delay:        4.736ns  (logic 3.073ns (64.890%)  route 1.663ns (35.110%))
  Logic Levels:           1  (OBUF=1)
  Output Delay:           0.000ns
  Clock Path Skew:        -4.650ns (DCD - SCD + CPR)
    Destination Clock Delay (DCD):    0.000ns = ( 4.000 - 4.000 ) 
    Source Clock Delay      (SCD):    4.650ns
    Clock Pessimism Removal (CPR):    0.000ns
  Clock Uncertainty:      0.035ns  ((TSJ^2 + TIJ^2)^1/2 + DJ) / 2 + PE
    Total System Jitter     (TSJ):    0.071ns
    Total Input Jitter      (TIJ):    0.000ns
    Discrete Jitter          (DJ):    0.000ns
    Phase Error              (PE):    0.000ns

    Location             Delay type                Incr(ns)  Path(ns)    Netlist Resource(s)
  -------------------------------------------------------------------    -------------------
                         (clock clk rise edge)        0.000     0.000 r  <hidden>
    N15                                               0.000     0.000 r  clk
                         net (fo=0)                   0.000     0.000    clk
    N15                  IBUF (Prop_ibuf_I_O)         0.962     0.962 r  clk_IBUF_inst/O
                         net (fo=1, routed)           1.972     2.933    clk_IBUF
    BUFGCTRL_X0Y0        BUFG (Prop_bufg_I_O)         0.096     3.029 r  clk_IBUF_BUFG_inst/O
                         net (fo=71, routed)          1.621     4.650    clk_IBUF_BUFG
    SLICE_X1Y63          FDRE                                         r  out_reg[14]/C
  -------------------------------------------------------------------    -------------------
    SLICE_X1Y63          FDRE (Prop_fdre_C_Q)         0.456     5.106 r  out_reg[14]/Q
                         net (fo=1, routed)           1.663     6.769    out_OBUF[14]
    H17                  OBUF (Prop_obuf_I_O)         2.617     9.386 r  out_OBUF[14]_inst/O
                         net (fo=0)                   0.000     9.386    out[14]
    H17                                                               r  out[14]
  -------------------------------------------------------------------    -------------------

                         (clock clk rise edge)        4.000     4.000 r  <hidden>
                         clock pessimism              0.000     4.000    <hidden>
                         clock uncertainty           -0.035     3.965    <hidden>
                         output delay                -0.000     3.965    <hidden>
  -------------------------------------------------------------------
                         required time                          3.965    <hidden>
                         arrival time                          -9.386    <hidden>
  -------------------------------------------------------------------
                         slack                                 -5.421    <hidden>

Slack (VIOLATED) :        -5.344ns  (required time - arrival time)
  Source:                 out_reg[10]/C
                            (rising edge-triggered cell FDRE clocked by clk  {rise@0.000ns fall@2.000ns period=4.000ns})
  Destination:            out[10]
                            (output port clocked by clk  {rise@0.000ns fall@2.000ns period=4.000ns})
  Path Group:             clk
  Path Type:              Max at Slow Process Corner
  Requirement:            4.000ns  (clk rise@4.000ns - clk rise@0.000ns)
  Data Path Delay:        4.655ns  (logic 3.122ns (67.067%)  route 1.533ns (32.933%))
  Logic Levels:           1  (OBUF=1)
  Output Delay:           0.000ns
  Clock Path Skew:        -4.653ns (DCD - SCD + CPR)
    Destination Clock Delay (DCD):    0.000ns = ( 4.000 - 4.000 ) 
    Source Clock Delay      (SCD):    4.653ns
    Clock Pessimism Removal (CPR):    0.000ns
  Clock Uncertainty:      0.035ns  ((TSJ^2 + TIJ^2)^1/2 + DJ) / 2 + PE
    Total System Jitter     (TSJ):    0.071ns
    Total Input Jitter      (TIJ):    0.000ns
    Discrete Jitter          (DJ):    0.000ns
    Phase Error              (PE):    0.000ns

    Location             Delay type                Incr(ns)  Path(ns)    Netlist Resource(s)
  -------------------------------------------------------------------    -------------------
                         (clock clk rise edge)        0.000     0.000 r  <hidden>
    N15                                               0.000     0.000 r  clk
                         net (fo=0)                   0.000     0.000    clk
    N15                  IBUF (Prop_ibuf_I_O)         0.962     0.962 r  clk_IBUF_inst/O
                         net (fo=1, routed)           1.972     2.933    clk_IBUF
    BUFGCTRL_X0Y0        BUFG (Prop_bufg_I_O)         0.096     3.029 r  clk_IBUF_BUFG_inst/O
                         net (fo=71, routed)          1.624     4.653    clk_IBUF_BUFG
    SLICE_X0Y60          FDRE                                         r  out_reg[10]/C
  -------------------------------------------------------------------    -------------------
    SLICE_X0Y60          FDRE (Prop_fdre_C_Q)         0.456     5.109 r  out_reg[10]/Q
                         net (fo=1, routed)           1.533     6.642    out_OBUF[10]
    C16                  OBUF (Prop_obuf_I_O)         2.666     9.309 r  out_OBUF[10]_inst/O
                         net (fo=0)                   0.000     9.309    out[10]
    C16                                                               r  out[10]
  -------------------------------------------------------------------    -------------------

                         (clock clk rise edge)        4.000     4.000 r  <hidden>
                         clock pessimism              0.000     4.000    <hidden>
                         clock uncertainty           -0.035     3.965    <hidden>
                         output delay                -0.000     3.965    <hidden>
  -------------------------------------------------------------------
                         required time                          3.965    <hidden>
                         arrival time                          -9.309    <hidden>
  -------------------------------------------------------------------
                         slack                                 -5.344    <hidden>

Slack (VIOLATED) :        -5.338ns  (required time - arrival time)
  Source:                 out_reg[9]/C
                            (rising edge-triggered cell FDRE clocked by clk  {rise@0.000ns fall@2.000ns period=4.000ns})
  Destination:            out[9]
                            (output port clocked by clk  {rise@0.000ns fall@2.000ns period=4.000ns})
  Path Group:             clk
  Path Type:              Max at Slow Process Corner
  Requirement:            4.000ns  (clk rise@4.000ns - clk rise@0.000ns)
  Data Path Delay:        4.649ns  (logic 3.116ns (67.025%)  route 1.533ns (32.975%))
  Logic Levels:           1  (OBUF=1)
  Output Delay:           0.000ns
  Clock Path Skew:        -4.653ns (DCD - SCD + CPR)
    Destination Clock Delay (DCD):    0.000ns = ( 4.000 - 4.000 ) 
    Source Clock Delay      (SCD):    4.653ns
    Clock Pessimism Removal (CPR):    0.000ns
  Clock Uncertainty:      0.035ns  ((TSJ^2 + TIJ^2)^1/2 + DJ) / 2 + PE
    Total System Jitter     (TSJ):    0.071ns
    Total Input Jitter      (TIJ):    0.000ns
    Discrete Jitter          (DJ):    0.000ns
    Phase Error              (PE):    0.000ns

    Location             Delay type                Incr(ns)  Path(ns)    Netlist Resource(s)
  -------------------------------------------------------------------    -------------------
                         (clock clk rise edge)        0.000     0.000 r  <hidden>
    N15                                               0.000     0.000 r  clk
                         net (fo=0)                   0.000     0.000    clk
    N15                  IBUF (Prop_ibuf_I_O)         0.962     0.962 r  clk_IBUF_inst/O
                         net (fo=1, routed)           1.972     2.933    clk_IBUF
    BUFGCTRL_X0Y0        BUFG (Prop_bufg_I_O)         0.096     3.029 r  clk_IBUF_BUFG_inst/O
                         net (fo=71, routed)          1.624     4.653    clk_IBUF_BUFG
    SLICE_X0Y59          FDRE                                         r  out_reg[9]/C
  -------------------------------------------------------------------    -------------------
    SLICE_X0Y59          FDRE (Prop_fdre_C_Q)         0.456     5.109 r  out_reg[9]/Q
                         net (fo=1, routed)           1.533     6.642    out_OBUF[9]
    C17                  OBUF (Prop_obuf_I_O)         2.660     9.303 r  out_OBUF[9]_inst/O
                         net (fo=0)                   0.000     9.303    out[9]
    C17                                                               r  out[9]
  -------------------------------------------------------------------    -------------------

                         (clock clk rise edge)        4.000     4.000 r  <hidden>
                         clock pessimism              0.000     4.000    <hidden>
                         clock uncertainty           -0.035     3.965    <hidden>
                         output delay                -0.000     3.965    <hidden>
  -------------------------------------------------------------------
                         required time                          3.965    <hidden>
                         arrival time                          -9.303    <hidden>
  -------------------------------------------------------------------
                         slack                                 -5.338    <hidden>

Slack (VIOLATED) :        -5.320ns  (required time - arrival time)
  Source:                 out_reg[5]/C
                            (rising edge-triggered cell FDRE clocked by clk  {rise@0.000ns fall@2.000ns period=4.000ns})
  Destination:            out[5]
                            (output port clocked by clk  {rise@0.000ns fall@2.000ns period=4.000ns})
  Path Group:             clk
  Path Type:              Max at Slow Process Corner
  Requirement:            4.000ns  (clk rise@4.000ns - clk rise@0.000ns)
  Data Path Delay:        4.630ns  (logic 3.100ns (66.962%)  route 1.530ns (33.038%))
  Logic Levels:           1  (OBUF=1)
  Output Delay:           0.000ns
  Clock Path Skew:        -4.655ns (DCD - SCD + CPR)
    Destination Clock Delay (DCD):    0.000ns = ( 4.000 - 4.000 ) 
    Source Clock Delay      (SCD):    4.655ns
    Clock Pessimism Removal (CPR):    0.000ns
  Clock Uncertainty:      0.035ns  ((TSJ^2 + TIJ^2)^1/2 + DJ) / 2 + PE
    Total System Jitter     (TSJ):    0.071ns
    Total Input Jitter      (TIJ):    0.000ns
    Discrete Jitter          (DJ):    0.000ns
    Phase Error              (PE):    0.000ns

    Location             Delay type                Incr(ns)  Path(ns)    Netlist Resource(s)
  -------------------------------------------------------------------    -------------------
                         (clock clk rise edge)        0.000     0.000 r  <hidden>
    N15                                               0.000     0.000 r  clk
                         net (fo=0)                   0.000     0.000    clk
    N15                  IBUF (Prop_ibuf_I_O)         0.962     0.962 r  clk_IBUF_inst/O
                         net (fo=1, routed)           1.972     2.933    clk_IBUF
    BUFGCTRL_X0Y0        BUFG (Prop_bufg_I_O)         0.096     3.029 r  clk_IBUF_BUFG_inst/O
                         net (fo=71, routed)          1.626     4.655    clk_IBUF_BUFG
    SLICE_X1Y55          FDRE                                         r  out_reg[5]/C
  -------------------------------------------------------------------    -------------------
    SLICE_X1Y55          FDRE (Prop_fdre_C_Q)         0.456     5.111 r  out_reg[5]/Q
                         net (fo=1, routed)           1.530     6.641    out_OBUF[5]
    F18                  OBUF (Prop_obuf_I_O)         2.644     9.285 r  out_OBUF[5]_inst/O
                         net (fo=0)                   0.000     9.285    out[5]
    F18                                                               r  out[5]
  -------------------------------------------------------------------    -------------------

                         (clock clk rise edge)        4.000     4.000 r  <hidden>
                         clock pessimism              0.000     4.000    <hidden>
                         clock uncertainty           -0.035     3.965    <hidden>
                         output delay                -0.000     3.965    <hidden>
  -------------------------------------------------------------------
                         required time                          3.965    <hidden>
                         arrival time                          -9.285    <hidden>
  -------------------------------------------------------------------
                         slack                                 -5.320    <hidden>

Slack (VIOLATED) :        -5.319ns  (required time - arrival time)
  Source:                 out_reg[4]/C
                            (rising edge-triggered cell FDRE clocked by clk  {rise@0.000ns fall@2.000ns period=4.000ns})
  Destination:            out[4]
                            (output port clocked by clk  {rise@0.000ns fall@2.000ns period=4.000ns})
  Path Group:             clk
  Path Type:              Max at Slow Process Corner
  Requirement:            4.000ns  (clk rise@4.000ns - clk rise@0.000ns)
  Data Path Delay:        4.629ns  (logic 3.096ns (66.878%)  route 1.533ns (33.122%))
  Logic Levels:           1  (OBUF=1)
  Output Delay:           0.000ns
  Clock Path Skew:        -4.655ns (DCD - SCD + CPR)
    Destination Clock Delay (DCD):    0.000ns = ( 4.000 - 4.000 ) 
    Source Clock Delay      (SCD):    4.655ns
    Clock Pessimism Removal (CPR):    0.000ns
  Clock Uncertainty:      0.035ns  ((TSJ^2 + TIJ^2)^1/2 + DJ) / 2 + PE
    Total System Jitter     (TSJ):    0.071ns
    Total Input Jitter      (TIJ):    0.000ns
    Discrete Jitter          (DJ):    0.000ns
    Phase Error              (PE):    0.000ns

    Location             Delay type                Incr(ns)  Path(ns)    Netlist Resource(s)
  -------------------------------------------------------------------    -------------------
                         (clock clk rise edge)        0.000     0.000 r  <hidden>
    N15                                               0.000     0.000 r  clk
                         net (fo=0)                   0.000     0.000    clk
    N15                  IBUF (Prop_ibuf_I_O)         0.962     0.962 r  clk_IBUF_inst/O
                         net (fo=1, routed)           1.972     2.933    clk_IBUF
    BUFGCTRL_X0Y0        BUFG (Prop_bufg_I_O)         0.096     3.029 r  clk_IBUF_BUFG_inst/O
                         net (fo=71, routed)          1.626     4.655    clk_IBUF_BUFG
    SLICE_X0Y54          FDRE                                         r  out_reg[4]/C
  -------------------------------------------------------------------    -------------------
    SLICE_X0Y54          FDRE (Prop_fdre_C_Q)         0.456     5.111 r  out_reg[4]/Q
                         net (fo=1, routed)           1.533     6.644    out_OBUF[4]
    J17                  OBUF (Prop_obuf_I_O)         2.640     9.284 r  out_OBUF[4]_inst/O
                         net (fo=0)                   0.000     9.284    out[4]
    J17                                                               r  out[4]
  -------------------------------------------------------------------    -------------------

                         (clock clk rise edge)        4.000     4.000 r  <hidden>
                         clock pessimism              0.000     4.000    <hidden>
                         clock uncertainty           -0.035     3.965    <hidden>
                         output delay                -0.000     3.965    <hidden>
  -------------------------------------------------------------------
                         required time                          3.965    <hidden>
                         arrival time                          -9.284    <hidden>
  -------------------------------------------------------------------
                         slack                                 -5.319    <hidden>





Pulse Width Checks
--------------------------------------------------------------------------------------
Clock Name:         clk
Waveform(ns):       { 0.000 2.000 }
Period(ns):         4.000
Sources:            { clk }

Check Type        Corner  Lib Pin             Reference Pin  Required(ns)  Actual(ns)  Slack(ns)  Location       Pin
Min Period        n/a     RAMB18E1/CLKARDCLK  n/a            2.576         4.000       1.424      RAMB18_X0Y4    p27_1_reg/CLKARDCLK
Min Period        n/a     BUFG/I              n/a            2.155         4.000       1.845      BUFGCTRL_X0Y0  clk_IBUF_BUFG_inst/I
Min Period        n/a     FDRE/C              n/a            1.000         4.000       3.000      SLICE_X4Y49    m11_2_reg[0]/C
Min Period        n/a     FDRE/C              n/a            1.000         4.000       3.000      SLICE_X3Y50    m11_2_reg[1]/C
Min Period        n/a     FDRE/C              n/a            1.000         4.000       3.000      SLICE_X4Y51    m11_2_reg[2]/C
Min Period        n/a     FDRE/C              n/a            1.000         4.000       3.000      SLICE_X4Y49    m11_2_reg[3]/C
Min Period        n/a     FDRE/C              n/a            1.000         4.000       3.000      SLICE_X0Y34    m4_1_reg[0]/C
Min Period        n/a     FDRE/C              n/a            1.000         4.000       3.000      SLICE_X0Y34    m4_1_reg[1]/C
Min Period        n/a     FDRE/C              n/a            1.000         4.000       3.000      SLICE_X5Y53    m4_2_reg[0]/C
Min Period        n/a     FDRE/C              n/a            1.000         4.000       3.000      SLICE_X2Y53    m4_2_reg[1]/C
Low Pulse Width   Slow    FDRE/C              n/a            0.500         2.000       1.500      SLICE_X4Y49    m11_2_reg[0]/C
Low Pulse Width   Fast    FDRE/C              n/a            0.500         2.000       1.500      SLICE_X4Y49    m11_2_reg[0]/C
Low Pulse Width   Slow    FDRE/C              n/a            0.500         2.000       1.500      SLICE_X3Y50    m11_2_reg[1]/C
Low Pulse Width   Fast    FDRE/C              n/a            0.500         2.000       1.500      SLICE_X3Y50    m11_2_reg[1]/C
Low Pulse Width   Slow    FDRE/C              n/a            0.500         2.000       1.500      SLICE_X4Y51    m11_2_reg[2]/C
Low Pulse Width   Fast    FDRE/C              n/a            0.500         2.000       1.500      SLICE_X4Y51    m11_2_reg[2]/C
Low Pulse Width   Slow    FDRE/C              n/a            0.500         2.000       1.500      SLICE_X4Y49    m11_2_reg[3]/C
Low Pulse Width   Fast    FDRE/C              n/a            0.500         2.000       1.500      SLICE_X4Y49    m11_2_reg[3]/C
Low Pulse Width   Slow    FDRE/C              n/a            0.500         2.000       1.500      SLICE_X0Y34    m4_1_reg[0]/C
Low Pulse Width   Fast    FDRE/C              n/a            0.500         2.000       1.500      SLICE_X0Y34    m4_1_reg[0]/C
High Pulse Width  Slow    FDRE/C              n/a            0.500         2.000       1.500      SLICE_X4Y49    m11_2_reg[0]/C
High Pulse Width  Fast    FDRE/C              n/a            0.500         2.000       1.500      SLICE_X4Y49    m11_2_reg[0]/C
High Pulse Width  Slow    FDRE/C              n/a            0.500         2.000       1.500      SLICE_X3Y50    m11_2_reg[1]/C
High Pulse Width  Fast    FDRE/C              n/a            0.500         2.000       1.500      SLICE_X3Y50    m11_2_reg[1]/C
High Pulse Width  Slow    FDRE/C              n/a            0.500         2.000       1.500      SLICE_X4Y51    m11_2_reg[2]/C
High Pulse Width  Fast    FDRE/C              n/a            0.500         2.000       1.500      SLICE_X4Y51    m11_2_reg[2]/C
High Pulse Width  Slow    FDRE/C              n/a            0.500         2.000       1.500      SLICE_X4Y49    m11_2_reg[3]/C
High Pulse Width  Fast    FDRE/C              n/a            0.500         2.000       1.500      SLICE_X4Y49    m11_2_reg[3]/C
High Pulse Width  Slow    FDRE/C              n/a            0.500         2.000       1.500      SLICE_X0Y34    m4_1_reg[0]/C
High Pulse Width  Fast    FDRE/C              n/a            0.500         2.000       1.500      SLICE_X0Y34    m4_1_reg[0]/C



