Copyright 1986-2022 Xilinx, Inc. All Rights Reserved. Copyright 2022-2026 Advanced Micro Devices, Inc. All Rights Reserved.
---------------------------------------------------------------------------------------------------------------------------------------------
| Tool Version : Vivado v.2026.1 (win64) Build 6511674 Tue Jun 16 11:02:23 MDT 2026
| Date         : Sun Jun 28 11:02:26 2026
| Host         : Reaper running 64-bit major release  (build 9200)
| Command      : report_timing_summary -delay_type max -max_paths 10 -file ./rns_verify_out/timing_summary.rpt
| Design       : rns_verify
| Device       : 7a35t-csg324
| Speed File   : -1  PRODUCTION 1.23 2018-06-13
| Design State : Routed
---------------------------------------------------------------------------------------------------------------------------------------------

Timing Summary Report

------------------------------------------------------------------------------------------------
| Timer Settings
| --------------
------------------------------------------------------------------------------------------------

  Enable Multi Corner Analysis               :  Yes
  Enable Pessimism Removal                   :  Yes
  Pessimism Removal Resolution               :  Nearest Common Node
  Enable Input Delay Default Clock           :  No
  Enable Preset / Clear Arcs                 :  No
  Disable Flight Delays                      :  No
  Ignore I/O Paths                           :  No
  Timing Early Launch at Borrowing Latches   :  No
  Borrow Time for Max Delay Exceptions       :  Yes
  Merge Timing Exceptions                    :  Yes
  Inter-SLR Compensation                     :  Conservative

  Corner  Analyze    Analyze    
  Name    Max Paths  Min Paths  
  ------  ---------  ---------  
  Slow    Yes        Yes        
  Fast    Yes        Yes        


------------------------------------------------------------------------------------------------
| Report Methodology
| ------------------
------------------------------------------------------------------------------------------------

No report available as report_methodology has not been run prior. Run report_methodology on the current design for the summary of methodology violations.



check_timing report

Table of Contents
-----------------
1. checking no_clock (0)
2. checking constant_clock (0)
3. checking pulse_width_clock (0)
4. checking unconstrained_internal_endpoints (0)
5. checking no_input_delay (0)
6. checking no_output_delay (0)
7. checking multiple_clock (0)
8. checking generated_clocks (0)
9. checking loops (0)
10. checking partial_input_delay (0)
11. checking partial_output_delay (0)
12. checking latch_loops (0)

1. checking no_clock (0)
------------------------
 There are 0 register/latch pins with no clock.


2. checking constant_clock (0)
------------------------------
 There are 0 register/latch pins with constant_clock.


3. checking pulse_width_clock (0)
---------------------------------
 There are 0 register/latch pins which need pulse_width check


4. checking unconstrained_internal_endpoints (0)
------------------------------------------------
 There are 0 pins that are not constrained for maximum delay.

 There are 0 pins that are not constrained for maximum delay due to constant clock.


5. checking no_input_delay (0)
------------------------------
 There are 0 input ports with no input delay specified.

 There are 0 input ports with no input delay but user has a false path constraint.


6. checking no_output_delay (0)
-------------------------------
 There are 0 ports with no output delay specified.

 There are 0 ports with no output delay but user has a false path constraint

 There are 0 ports with no output delay but with a timing clock defined on it or propagating through it


7. checking multiple_clock (0)
------------------------------
 There are 0 register/latch pins with multiple clocks.


8. checking generated_clocks (0)
--------------------------------
 There are 0 generated clocks that are not connected to a clock source.


9. checking loops (0)
---------------------
 There are 0 combinational loops in the design.


10. checking partial_input_delay (0)
------------------------------------
 There are 0 input ports with partial input delay specified.


11. checking partial_output_delay (0)
-------------------------------------
 There are 0 ports with partial output delay specified.


12. checking latch_loops (0)
----------------------------
 There are 0 combinational latch loops in the design through latch input



------------------------------------------------------------------------------------------------
| Design Timing Summary
| ---------------------
------------------------------------------------------------------------------------------------

    WNS(ns)      TNS(ns)  TNS Failing Endpoints  TNS Total Endpoints     WPWS(ns)     TPWS(ns)  TPWS Failing Endpoints  TPWS Total Endpoints  
    -------      -------  ---------------------  -------------------     --------     --------  ----------------------  --------------------  
     -5.302      -10.600                      2                    5        1.500        0.000                       0                     3  


Timing constraints are not met.


------------------------------------------------------------------------------------------------
| Clock Summary
| -------------
------------------------------------------------------------------------------------------------

Clock  Waveform(ns)         Period(ns)      Frequency(MHz)
-----  ------------         ----------      --------------
clk    {0.000 2.000}        4.000           250.000         


------------------------------------------------------------------------------------------------
| Intra Clock Table
| -----------------
------------------------------------------------------------------------------------------------

Clock             WNS(ns)      TNS(ns)  TNS Failing Endpoints  TNS Total Endpoints     WPWS(ns)     TPWS(ns)  TPWS Failing Endpoints  TPWS Total Endpoints  
-----             -------      -------  ---------------------  -------------------     --------     --------  ----------------------  --------------------  
clk                -5.302      -10.600                      2                    5        1.500        0.000                       0                     3  


------------------------------------------------------------------------------------------------
| Inter Clock Table
| -----------------
------------------------------------------------------------------------------------------------

From Clock    To Clock          WNS(ns)      TNS(ns)  TNS Failing Endpoints  TNS Total Endpoints  
----------    --------          -------      -------  ---------------------  -------------------  


------------------------------------------------------------------------------------------------
| Other Path Groups Table
| -----------------------
------------------------------------------------------------------------------------------------

Path Group    From Clock    To Clock          WNS(ns)      TNS(ns)  TNS Failing Endpoints  TNS Total Endpoints  
----------    ----------    --------          -------      -------  ---------------------  -------------------  


------------------------------------------------------------------------------------------------
| Timing Details
| --------------
------------------------------------------------------------------------------------------------


---------------------------------------------------------------------------------------------------
From Clock:  clk
  To Clock:  clk

Setup :            2  Failing Endpoints,  Worst Slack       -5.302ns,  Total Violation      -10.600ns
Hold  :           NA  Failing Endpoints,  Worst Slack           NA  ,  Total Violation           NA
PW    :            0  Failing Endpoints,  Worst Slack        1.500ns,  Total Violation        0.000ns
---------------------------------------------------------------------------------------------------


Max Delay Paths
--------------------------------------------------------------------------------------
Slack (VIOLATED) :        -5.302ns  (required time - arrival time)
  Source:                 out_eq_reg/C
                            (rising edge-triggered cell FDRE clocked by clk  {rise@0.000ns fall@2.000ns period=4.000ns})
  Destination:            out_eq
                            (output port clocked by clk  {rise@0.000ns fall@2.000ns period=4.000ns})
  Path Group:             clk
  Path Type:              Max at Slow Process Corner
  Requirement:            4.000ns  (clk rise@4.000ns - clk rise@0.000ns)
  Data Path Delay:        4.610ns  (logic 3.080ns (66.822%)  route 1.530ns (33.178%))
  Logic Levels:           1  (OBUF=1)
  Output Delay:           0.000ns
  Clock Path Skew:        -4.657ns (DCD - SCD + CPR)
    Destination Clock Delay (DCD):    0.000ns = ( 4.000 - 4.000 ) 
    Source Clock Delay      (SCD):    4.657ns
    Clock Pessimism Removal (CPR):    0.000ns
  Clock Uncertainty:      0.035ns  ((TSJ^2 + TIJ^2)^1/2 + DJ) / 2 + PE
    Total System Jitter     (TSJ):    0.071ns
    Total Input Jitter      (TIJ):    0.000ns
    Discrete Jitter          (DJ):    0.000ns
    Phase Error              (PE):    0.000ns

    Location             Delay type                Incr(ns)  Path(ns)    Netlist Resource(s)
  -------------------------------------------------------------------    -------------------
                         (clock clk rise edge)        0.000     0.000 r  <hidden>
    N15                                               0.000     0.000 r  clk
                         net (fo=0)                   0.000     0.000    clk
    N15                  IBUF (Prop_ibuf_I_O)         0.962     0.962 r  clk_IBUF_inst/O
                         net (fo=1, routed)           1.972     2.933    clk_IBUF
    BUFGCTRL_X0Y0        BUFG (Prop_bufg_I_O)         0.096     3.029 r  clk_IBUF_BUFG_inst/O
                         net (fo=2, routed)           1.627     4.657    clk_IBUF_BUFG
    SLICE_X1Y31          FDRE                                         r  out_eq_reg/C
  -------------------------------------------------------------------    -------------------
    SLICE_X1Y31          FDRE (Prop_fdre_C_Q)         0.456     5.113 r  out_eq_reg/Q
                         net (fo=1, routed)           1.530     6.642    out_eq_OBUF
    P18                  OBUF (Prop_obuf_I_O)         2.624     9.267 r  out_eq_OBUF_inst/O
                         net (fo=0)                   0.000     9.267    out_eq
    P18                                                               r  out_eq
  -------------------------------------------------------------------    -------------------

                         (clock clk rise edge)        4.000     4.000 r  <hidden>
                         clock pessimism              0.000     4.000    <hidden>
                         clock uncertainty           -0.035     3.965    <hidden>
                         output delay                -0.000     3.965    <hidden>
  -------------------------------------------------------------------
                         required time                          3.965    <hidden>
                         arrival time                          -9.267    <hidden>
  -------------------------------------------------------------------
                         slack                                 -5.302    <hidden>

Slack (VIOLATED) :        -5.298ns  (required time - arrival time)
  Source:                 out_valid_reg/C
                            (rising edge-triggered cell FDRE clocked by clk  {rise@0.000ns fall@2.000ns period=4.000ns})
  Destination:            out_valid
                            (output port clocked by clk  {rise@0.000ns fall@2.000ns period=4.000ns})
  Path Group:             clk
  Path Type:              Max at Slow Process Corner
  Requirement:            4.000ns  (clk rise@4.000ns - clk rise@0.000ns)
  Data Path Delay:        4.604ns  (logic 3.074ns (66.776%)  route 1.530ns (33.224%))
  Logic Levels:           1  (OBUF=1)
  Output Delay:           0.000ns
  Clock Path Skew:        -4.659ns (DCD - SCD + CPR)
    Destination Clock Delay (DCD):    0.000ns = ( 4.000 - 4.000 ) 
    Source Clock Delay      (SCD):    4.659ns
    Clock Pessimism Removal (CPR):    0.000ns
  Clock Uncertainty:      0.035ns  ((TSJ^2 + TIJ^2)^1/2 + DJ) / 2 + PE
    Total System Jitter     (TSJ):    0.071ns
    Total Input Jitter      (TIJ):    0.000ns
    Discrete Jitter          (DJ):    0.000ns
    Phase Error              (PE):    0.000ns

    Location             Delay type                Incr(ns)  Path(ns)    Netlist Resource(s)
  -------------------------------------------------------------------    -------------------
                         (clock clk rise edge)        0.000     0.000 r  <hidden>
    N15                                               0.000     0.000 r  clk
                         net (fo=0)                   0.000     0.000    clk
    N15                  IBUF (Prop_ibuf_I_O)         0.962     0.962 r  clk_IBUF_inst/O
                         net (fo=1, routed)           1.972     2.933    clk_IBUF
    BUFGCTRL_X0Y0        BUFG (Prop_bufg_I_O)         0.096     3.029 r  clk_IBUF_BUFG_inst/O
                         net (fo=2, routed)           1.629     4.659    clk_IBUF_BUFG
    SLICE_X1Y32          FDRE                                         r  out_valid_reg/C
  -------------------------------------------------------------------    -------------------
    SLICE_X1Y32          FDRE (Prop_fdre_C_Q)         0.456     5.115 r  out_valid_reg/Q
                         net (fo=1, routed)           1.530     6.644    out_valid_OBUF
    N17                  OBUF (Prop_obuf_I_O)         2.618     9.262 r  out_valid_OBUF_inst/O
                         net (fo=0)                   0.000     9.262    out_valid
    N17                                                               r  out_valid
  -------------------------------------------------------------------    -------------------

                         (clock clk rise edge)        4.000     4.000 r  <hidden>
                         clock pessimism              0.000     4.000    <hidden>
                         clock uncertainty           -0.035     3.965    <hidden>
                         output delay                -0.000     3.965    <hidden>
  -------------------------------------------------------------------
                         required time                          3.965    <hidden>
                         arrival time                          -9.262    <hidden>
  -------------------------------------------------------------------
                         slack                                 -5.298    <hidden>

Slack (MET) :             0.708ns  (required time - arrival time)
  Source:                 x[5]
                            (input port clocked by clk  {rise@0.000ns fall@2.000ns period=4.000ns})
  Destination:            out_eq_reg/D
                            (rising edge-triggered cell FDRE clocked by clk  {rise@0.000ns fall@2.000ns period=4.000ns})
  Path Group:             clk
  Path Type:              Setup (Max at Slow Process Corner)
  Requirement:            4.000ns  (clk rise@4.000ns - clk rise@0.000ns)
  Data Path Delay:        7.238ns  (logic 1.909ns (26.382%)  route 5.328ns (73.618%))
  Logic Levels:           4  (CARRY4=2 IBUF=1 LUT6=1)
  Input Delay:            0.000ns
  Clock Path Skew:        4.297ns (DCD - SCD + CPR)
    Destination Clock Delay (DCD):    4.297ns = ( 8.297 - 4.000 ) 
    Source Clock Delay      (SCD):    0.000ns
    Clock Pessimism Removal (CPR):    0.000ns
  Clock Uncertainty:      0.035ns  ((TSJ^2 + TIJ^2)^1/2 + DJ) / 2 + PE
    Total System Jitter     (TSJ):    0.071ns
    Total Input Jitter      (TIJ):    0.000ns
    Discrete Jitter          (DJ):    0.000ns
    Phase Error              (PE):    0.000ns

    Location             Delay type                Incr(ns)  Path(ns)    Netlist Resource(s)
  -------------------------------------------------------------------    -------------------
                         (clock clk rise edge)        0.000     0.000 r  <hidden>
                         input delay                  0.000     0.000    <hidden>
    V14                                               0.000     0.000 r  x[5]
                         net (fo=0)                   0.000     0.000    x[5]
    V14                  IBUF (Prop_ibuf_I_O)         0.964     0.964 r  x_IBUF[5]_inst/O
                         net (fo=1, routed)           3.829     4.794    x_IBUF[5]
    SLICE_X0Y31          LUT6 (Prop_lut6_I3_O)        0.124     4.918 r  out_eq_i_6/O
                         net (fo=1, routed)           0.000     4.918    out_eq_i_6_n_0
    SLICE_X0Y31          CARRY4 (Prop_carry4_S[1]_CO[3])
                                                      0.550     5.468 r  out_eq_reg_i_2/CO[3]
                         net (fo=1, routed)           0.000     5.468    out_eq_reg_i_2_n_0
    SLICE_X0Y32          CARRY4 (Prop_carry4_CI_CO[0])
                                                      0.271     5.739 r  out_eq_reg_i_1/CO[0]
                         net (fo=1, routed)           1.499     7.238    p_0_in
    SLICE_X1Y31          FDRE                                         r  out_eq_reg/D
  -------------------------------------------------------------------    -------------------

                         (clock clk rise edge)        4.000     4.000 r  <hidden>
    N15                                               0.000     4.000 r  clk
                         net (fo=0)                   0.000     4.000    clk
    N15                  IBUF (Prop_ibuf_I_O)         0.828     4.828 r  clk_IBUF_inst/O
                         net (fo=1, routed)           1.868     6.696    clk_IBUF
    BUFGCTRL_X0Y0        BUFG (Prop_bufg_I_O)         0.091     6.787 r  clk_IBUF_BUFG_inst/O
                         net (fo=2, routed)           1.509     8.297    clk_IBUF_BUFG
    SLICE_X1Y31          FDRE                                         r  out_eq_reg/C
                         clock pessimism              0.000     8.297    <hidden>
                         clock uncertainty           -0.035     8.261    <hidden>
    SLICE_X1Y31          FDRE (Setup_fdre_C_D)       -0.316     7.945    out_eq_reg
  -------------------------------------------------------------------
                         required time                          7.945    <hidden>
                         arrival time                          -7.238    <hidden>
  -------------------------------------------------------------------
                         slack                                  0.708    <hidden>

Slack (MET) :             1.992ns  (required time - arrival time)
  Source:                 rst
                            (input port clocked by clk  {rise@0.000ns fall@2.000ns period=4.000ns})
  Destination:            out_valid_reg/R
                            (rising edge-triggered cell FDRE clocked by clk  {rise@0.000ns fall@2.000ns period=4.000ns})
  Path Group:             clk
  Path Type:              Setup (Max at Slow Process Corner)
  Requirement:            4.000ns  (clk rise@4.000ns - clk rise@0.000ns)
  Data Path Delay:        5.842ns  (logic 0.948ns (16.227%)  route 4.894ns (83.773%))
  Logic Levels:           1  (IBUF=1)
  Input Delay:            0.000ns
  Clock Path Skew:        4.299ns (DCD - SCD + CPR)
    Destination Clock Delay (DCD):    4.299ns = ( 8.299 - 4.000 ) 
    Source Clock Delay      (SCD):    0.000ns
    Clock Pessimism Removal (CPR):    0.000ns
  Clock Uncertainty:      0.035ns  ((TSJ^2 + TIJ^2)^1/2 + DJ) / 2 + PE
    Total System Jitter     (TSJ):    0.071ns
    Total Input Jitter      (TIJ):    0.000ns
    Discrete Jitter          (DJ):    0.000ns
    Phase Error              (PE):    0.000ns

    Location             Delay type                Incr(ns)  Path(ns)    Netlist Resource(s)
  -------------------------------------------------------------------    -------------------
                         (clock clk rise edge)        0.000     0.000 r  <hidden>
                         input delay                  0.000     0.000    <hidden>
    M16                                               0.000     0.000 r  rst
                         net (fo=0)                   0.000     0.000    rst
    M16                  IBUF (Prop_ibuf_I_O)         0.948     0.948 r  rst_IBUF_inst/O
                         net (fo=1, routed)           4.894     5.842    rst_IBUF
    SLICE_X1Y32          FDRE                                         r  out_valid_reg/R
  -------------------------------------------------------------------    -------------------

                         (clock clk rise edge)        4.000     4.000 r  <hidden>
    N15                                               0.000     4.000 r  clk
                         net (fo=0)                   0.000     4.000    clk
    N15                  IBUF (Prop_ibuf_I_O)         0.828     4.828 r  clk_IBUF_inst/O
                         net (fo=1, routed)           1.868     6.696    clk_IBUF
    BUFGCTRL_X0Y0        BUFG (Prop_bufg_I_O)         0.091     6.787 r  clk_IBUF_BUFG_inst/O
                         net (fo=2, routed)           1.511     8.299    clk_IBUF_BUFG
    SLICE_X1Y32          FDRE                                         r  out_valid_reg/C
                         clock pessimism              0.000     8.299    <hidden>
                         clock uncertainty           -0.035     8.263    <hidden>
    SLICE_X1Y32          FDRE (Setup_fdre_C_R)       -0.429     7.834    out_valid_reg
  -------------------------------------------------------------------
                         required time                          7.834    <hidden>
                         arrival time                          -5.842    <hidden>
  -------------------------------------------------------------------
                         slack                                  1.992    <hidden>

Slack (MET) :             2.322ns  (required time - arrival time)
  Source:                 in_valid
                            (input port clocked by clk  {rise@0.000ns fall@2.000ns period=4.000ns})
  Destination:            out_valid_reg/D
                            (rising edge-triggered cell FDRE clocked by clk  {rise@0.000ns fall@2.000ns period=4.000ns})
  Path Group:             clk
  Path Type:              Setup (Max at Slow Process Corner)
  Requirement:            4.000ns  (clk rise@4.000ns - clk rise@0.000ns)
  Data Path Delay:        5.874ns  (logic 0.949ns (16.163%)  route 4.925ns (83.837%))
  Logic Levels:           1  (IBUF=1)
  Input Delay:            0.000ns
  Clock Path Skew:        4.299ns (DCD - SCD + CPR)
    Destination Clock Delay (DCD):    4.299ns = ( 8.299 - 4.000 ) 
    Source Clock Delay      (SCD):    0.000ns
    Clock Pessimism Removal (CPR):    0.000ns
  Clock Uncertainty:      0.035ns  ((TSJ^2 + TIJ^2)^1/2 + DJ) / 2 + PE
    Total System Jitter     (TSJ):    0.071ns
    Total Input Jitter      (TIJ):    0.000ns
    Discrete Jitter          (DJ):    0.000ns
    Phase Error              (PE):    0.000ns

    Location             Delay type                Incr(ns)  Path(ns)    Netlist Resource(s)
  -------------------------------------------------------------------    -------------------
                         (clock clk rise edge)        0.000     0.000 r  <hidden>
                         input delay                  0.000     0.000    <hidden>
    M17                                               0.000     0.000 r  in_valid
                         net (fo=0)                   0.000     0.000    in_valid
    M17                  IBUF (Prop_ibuf_I_O)         0.949     0.949 r  in_valid_IBUF_inst/O
                         net (fo=1, routed)           4.925     5.874    in_valid_IBUF
    SLICE_X1Y32          FDRE                                         r  out_valid_reg/D
  -------------------------------------------------------------------    -------------------

                         (clock clk rise edge)        4.000     4.000 r  <hidden>
    N15                                               0.000     4.000 r  clk
                         net (fo=0)                   0.000     4.000    clk
    N15                  IBUF (Prop_ibuf_I_O)         0.828     4.828 r  clk_IBUF_inst/O
                         net (fo=1, routed)           1.868     6.696    clk_IBUF
    BUFGCTRL_X0Y0        BUFG (Prop_bufg_I_O)         0.091     6.787 r  clk_IBUF_BUFG_inst/O
                         net (fo=2, routed)           1.511     8.299    clk_IBUF_BUFG
    SLICE_X1Y32          FDRE                                         r  out_valid_reg/C
                         clock pessimism              0.000     8.299    <hidden>
                         clock uncertainty           -0.035     8.263    <hidden>
    SLICE_X1Y32          FDRE (Setup_fdre_C_D)       -0.067     8.196    out_valid_reg
  -------------------------------------------------------------------
                         required time                          8.196    <hidden>
                         arrival time                          -5.874    <hidden>
  -------------------------------------------------------------------
                         slack                                  2.322    <hidden>





Pulse Width Checks
--------------------------------------------------------------------------------------
Clock Name:         clk
Waveform(ns):       { 0.000 2.000 }
Period(ns):         4.000
Sources:            { clk }

Check Type        Corner  Lib Pin  Reference Pin  Required(ns)  Actual(ns)  Slack(ns)  Location       Pin
Min Period        n/a     BUFG/I   n/a            2.155         4.000       1.845      BUFGCTRL_X0Y0  clk_IBUF_BUFG_inst/I
Min Period        n/a     FDRE/C   n/a            1.000         4.000       3.000      SLICE_X1Y31    out_eq_reg/C
Min Period        n/a     FDRE/C   n/a            1.000         4.000       3.000      SLICE_X1Y32    out_valid_reg/C
Low Pulse Width   Slow    FDRE/C   n/a            0.500         2.000       1.500      SLICE_X1Y31    out_eq_reg/C
Low Pulse Width   Fast    FDRE/C   n/a            0.500         2.000       1.500      SLICE_X1Y31    out_eq_reg/C
Low Pulse Width   Slow    FDRE/C   n/a            0.500         2.000       1.500      SLICE_X1Y32    out_valid_reg/C
Low Pulse Width   Fast    FDRE/C   n/a            0.500         2.000       1.500      SLICE_X1Y32    out_valid_reg/C
High Pulse Width  Slow    FDRE/C   n/a            0.500         2.000       1.500      SLICE_X1Y31    out_eq_reg/C
High Pulse Width  Fast    FDRE/C   n/a            0.500         2.000       1.500      SLICE_X1Y31    out_eq_reg/C
High Pulse Width  Slow    FDRE/C   n/a            0.500         2.000       1.500      SLICE_X1Y32    out_valid_reg/C
High Pulse Width  Fast    FDRE/C   n/a            0.500         2.000       1.500      SLICE_X1Y32    out_valid_reg/C



